<html>
<body>
<pre>
<h1>�Vision Build Log</h1>
<h2>Tool Versions:</h2>
IDE-Version: ��Vision V5.37.0.0
Copyright (C) 2022 ARM Ltd and ARM Germany GmbH. All rights reserved.
License Information: qian wan, DULT, LIC=WHYH9-4KCGH-DYIV3-AB1A2-5HIEI-QH85I
 
Tool Versions:
Toolchain:       MDK-ARM Plus  Version: 5.37.0.0
Toolchain Path:  E:\Professional\STM32\MDK\ARM\ARMCLANG\Bin
C Compiler:      ArmClang.exe V6.18
Assembler:       Armasm.exe V6.18
Linker/Locator:  ArmLink.exe V6.18
Library Manager: ArmAr.exe V6.18
Hex Converter:   FromElf.exe V6.18
CPU DLL:         SARMCM3.DLL V5.37.0.0
Dialog DLL:      DCM.DLL V1.17.5.0
Target DLL:      CMSIS_AGDI.dll V1.33.12.0
Dialog DLL:      TCM.DLL V1.56.1.0
 
<h2>Project:</h2>
E:\lib_qw\Hardware\CB_L4\Software\MDK-ARM\Mix_Machine_L4.uvprojx
Project File Date:  09/04/2022

<h2>Output:</h2>
*** Using Compiler 'V6.18', folder: 'E:\Professional\STM32\MDK\ARM\ARMCLANG\Bin'
Build target 'Mix_Machine_L4'
assembling startup_stm32l431xx.s...
compiling stm32l4xx_hal_timebase_tim.c...
compiling can.c...
compiling main.c...
compiling gpio.c...
compiling tim.c...
compiling stm32l4xx_ll_exti.c...
compiling stm32l4xx_ll_gpio.c...
compiling spi.c...
compiling stm32l4xx_hal_msp.c...
compiling dma.c...
compiling stm32l4xx_it.c...
compiling freertos.c...
compiling i2c.c...
compiling usart.c...
compiling stm32l4xx_ll_utils.c...
compiling stm32l4xx_hal_i2c_ex.c...
compiling stm32l4xx_hal.c...
compiling stm32l4xx_hal_can.c...
compiling stm32l4xx_hal_flash.c...
compiling stm32l4xx_hal_flash_ex.c...
compiling stm32l4xx_hal_flash_ramfunc.c...
compiling stm32l4xx_hal_dma_ex.c...
compiling stm32l4xx_hal_rcc.c...
compiling stm32l4xx_hal_rcc_ex.c...
compiling stm32l4xx_hal_gpio.c...
compiling stm32l4xx_hal_pwr.c...
compiling stm32l4xx_hal_cortex.c...
compiling stm32l4xx_hal_exti.c...
compiling stm32l4xx_hal_dma.c...
compiling stm32l4xx_hal_pwr_ex.c...
compiling stm32l4xx_ll_spi.c...
compiling stm32l4xx_ll_dma.c...
compiling system_stm32l4xx.c...
compiling stm32l4xx_hal_uart_ex.c...
compiling myTaskList.c...
compiling stm32l4xx_hal_tim_ex.c...
../Modules/BSPTask.cpp(67): warning: illegal character encoding in string literal [-Winvalid-source-encoding]
        char MSG1[50]="\r\n<C8><CE><CE><F1><C3><FB>  <C8><CE><CE><F1>״̬  <D3><C5><CF>ȼ<B6>  ʣ<D3><E0>ջ  <C8><CE><CE><F1><D0><F2><BA><C5>\r\n";
                           ^~~~~~~~~~~~~~~~~~~~~~~~  ~~~~~~~~~~~~~~~~   ~~~~~~~~~~~~ ~~~~   ~~~~~~~~   ~~~~~~~~~~~~~~~~~~~~~~~~~~~~~~~~
../Modules/BSPTask.cpp(68): warning: illegal character encoding in string literal [-Winvalid-source-encoding]
        char MSG2[30] = "\r\n<C8><CE><CE><F1><C3><FB>  <D4><CB><D0>м<C6><CA><FD>  ʹ<D3><C3><C2><CA>\r\n";
                             ^~~~~~~~~~~~~~~~~~~~~~~~  ~~~~~~~~~~~~ ~~~~~~~~~~~~   ~~~~~~~~~~~~~~~~
2 warnings generated.
compiling BSPTask.cpp...
compiling Flash.c...
compiling QCS_Lite.c...
compiling MahonyAHRS.c...
compiling SPI_LL.cpp...
compiling BMI160.cpp...
compiling stm32l4xx_hal_i2c.c...
compiling stm32l4xx_hal_uart.c...
compiling stm32l4xx_hal_tim.c...
linking...
Mix_Machine_L4\Mix_Machine_L4.axf: Warning: L6989W: Could not apply patch sdcomp-29491-629360 to instruction VPOP     {d8-d15} at offset 0xf4, instruction is within an IT block and is not the last instruction for log.o(i.__hardfp_log).
Program Size: Code=33956 RO-data=768 RW-data=148 ZI-data=44932  
Finished: 0 information, 1 warning and 0 error messages.
FromELF: creating hex file...
"Mix_Machine_L4\Mix_Machine_L4.axf" - 0 Error(s), 3 Warning(s).

<h2>Software Packages used:</h2>

Package Vendor: ARM
                http://www.keil.com/pack/ARM.CMSIS.5.9.0.pack
                ARM.CMSIS.5.9.0
                CMSIS (Common Microcontroller Software Interface Standard)
   * Component: CORE Version: 5.6.0
   * Component: DSP Variant: Source Version: 1.10.0

Package Vendor: Keil
                http://www.keil.com/pack/Keil.STM32L4xx_DFP.2.6.1.pack
                Keil.STM32L4xx_DFP.2.6.1
                STMicroelectronics STM32L4 Series Device Support, Drivers and Examples

<h2>Collection of Component include folders:</h2>
  ./RTE/_Mix_Machine_L4
  E:/Professional/STM32/MDK5/ARM/CMSIS/5.9.0/CMSIS/Core/Include
  E:/Professional/STM32/MDK5/ARM/CMSIS/5.9.0/CMSIS/DSP/Include
  E:/Professional/STM32/MDK5/ARM/CMSIS/5.9.0/CMSIS/DSP/PrivateInclude
  E:/Professional/STM32/MDK5/Keil/STM32L4xx_DFP/2.6.1/Drivers/CMSIS/Device/ST/STM32L4xx/Include

<h2>Collection of Component Files used:</h2>

   * Component: ARM::CMSIS:CORE:5.6.0
      Include file:  CMSIS/Core/Include/tz_context.h

   * Component: ARM::CMSIS:DSP:Source:1.10.0
      Include file:  CMSIS/DSP/Include/arm_math.h
      Include file:  CMSIS/DSP/Include/arm_math_f16.h
      Source file:   CMSIS/DSP/Source/ControllerFunctions/ControllerFunctions.c
      Source file:   CMSIS/DSP/Source/CommonTables/CommonTablesF16.c
      Source file:   CMSIS/DSP/Source/TransformFunctions/TransformFunctionsF16.c
      Source file:   CMSIS/DSP/Source/StatisticsFunctions/StatisticsFunctionsF16.c
      Include file:  CMSIS/DSP/Include/arm_common_tables.h
      Source file:   CMSIS/DSP/Source/SupportFunctions/SupportFunctionsF16.c
      Source file:   CMSIS/DSP/Source/CommonTables/CommonTables.c
      Source file:   CMSIS/DSP/Source/BasicMathFunctions/BasicMathFunctions.c
      Source file:   CMSIS/DSP/Source/FastMathFunctions/FastMathFunctions.c
      Source file:   CMSIS/DSP/Source/FilteringFunctions/FilteringFunctionsF16.c
      Source file:   CMSIS/DSP/Source/QuaternionMathFunctions/QuaternionMathFunctions.c
      Source file:   CMSIS/DSP/Source/FastMathFunctions/FastMathFunctionsF16.c
      Source file:   CMSIS/DSP/Source/DistanceFunctions/DistanceFunctionsF16.c
      Source file:   CMSIS/DSP/Source/BayesFunctions/BayesFunctions.c
      Include file:  CMSIS/DSP/Include/arm_common_tables_f16.h
      Source file:   CMSIS/DSP/Source/TransformFunctions/TransformFunctions.c
      Source file:   CMSIS/DSP/Source/ComplexMathFunctions/ComplexMathFunctionsF16.c
      Include file:  CMSIS/DSP/Include/arm_const_structs_f16.h
      Source file:   CMSIS/DSP/Source/MatrixFunctions/MatrixFunctions.c
      Source file:   CMSIS/DSP/Source/DistanceFunctions/DistanceFunctions.c
      Include file:  CMSIS/DSP/Include/arm_const_structs.h
      Source file:   CMSIS/DSP/Source/StatisticsFunctions/StatisticsFunctions.c
      Source file:   CMSIS/DSP/Source/InterpolationFunctions/InterpolationFunctions.c
      Source file:   CMSIS/DSP/Source/BasicMathFunctions/BasicMathFunctionsF16.c
      Source file:   CMSIS/DSP/Source/ComplexMathFunctions/ComplexMathFunctions.c
      Source file:   CMSIS/DSP/Source/MatrixFunctions/MatrixFunctionsF16.c
      Source file:   CMSIS/DSP/Source/SupportFunctions/SupportFunctions.c
      Source file:   CMSIS/DSP/Source/InterpolationFunctions/InterpolationFunctionsF16.c
      Source file:   CMSIS/DSP/Source/FilteringFunctions/FilteringFunctions.c
      Source file:   CMSIS/DSP/Source/SVMFunctions/SVMFunctions.c
      Source file:   CMSIS/DSP/Source/BayesFunctions/BayesFunctionsF16.c
      Source file:   CMSIS/DSP/Source/SVMFunctions/SVMFunctionsF16.c
Build Time Elapsed:  00:00:04
</pre>
</body>
</html>
