Component: Arm Compiler for Embedded 6.18 Tool: armlink [5e4cc100]

==============================================================================

Section Cross References

    startup_stm32l431xx.o(STACK) refers (Special) to heapauxi.o(.text) for __use_two_region_memory
    startup_stm32l431xx.o(HEAP) refers (Special) to heapauxi.o(.text) for __use_two_region_memory
    startup_stm32l431xx.o(RESET) refers (Special) to heapauxi.o(.text) for __use_two_region_memory
    startup_stm32l431xx.o(RESET) refers to startup_stm32l431xx.o(STACK) for __initial_sp
    startup_stm32l431xx.o(RESET) refers to startup_stm32l431xx.o(.text) for Reset_Handler
    startup_stm32l431xx.o(RESET) refers to stm32l4xx_it.o(.text.NMI_Handler) for NMI_Handler
    startup_stm32l431xx.o(RESET) refers to stm32l4xx_it.o(.text.HardFault_Handler) for HardFault_Handler
    startup_stm32l431xx.o(RESET) refers to stm32l4xx_it.o(.text.MemManage_Handler) for MemManage_Handler
    startup_stm32l431xx.o(RESET) refers to stm32l4xx_it.o(.text.BusFault_Handler) for BusFault_Handler
    startup_stm32l431xx.o(RESET) refers to stm32l4xx_it.o(.text.UsageFault_Handler) for UsageFault_Handler
    startup_stm32l431xx.o(RESET) refers to port.o(.text.SVC_Handler) for SVC_Handler
    startup_stm32l431xx.o(RESET) refers to stm32l4xx_it.o(.text.DebugMon_Handler) for DebugMon_Handler
    startup_stm32l431xx.o(RESET) refers to port.o(.text.PendSV_Handler) for PendSV_Handler
    startup_stm32l431xx.o(RESET) refers to port.o(.text.SysTick_Handler) for SysTick_Handler
    startup_stm32l431xx.o(RESET) refers to stm32l4xx_it.o(.text.DMA1_Channel3_IRQHandler) for DMA1_Channel3_IRQHandler
    startup_stm32l431xx.o(RESET) refers to stm32l4xx_it.o(.text.DMA1_Channel4_IRQHandler) for DMA1_Channel4_IRQHandler
    startup_stm32l431xx.o(RESET) refers to stm32l4xx_it.o(.text.DMA1_Channel5_IRQHandler) for DMA1_Channel5_IRQHandler
    startup_stm32l431xx.o(RESET) refers to stm32l4xx_it.o(.text.DMA1_Channel6_IRQHandler) for DMA1_Channel6_IRQHandler
    startup_stm32l431xx.o(RESET) refers to stm32l4xx_it.o(.text.DMA1_Channel7_IRQHandler) for DMA1_Channel7_IRQHandler
    startup_stm32l431xx.o(RESET) refers to stm32l4xx_it.o(.text.CAN1_RX0_IRQHandler) for CAN1_RX0_IRQHandler
    startup_stm32l431xx.o(RESET) refers to stm32l4xx_it.o(.text.CAN1_RX1_IRQHandler) for CAN1_RX1_IRQHandler
    startup_stm32l431xx.o(RESET) refers to stm32l4xx_it.o(.text.USART3_IRQHandler) for USART3_IRQHandler
    startup_stm32l431xx.o(RESET) refers to stm32l4xx_it.o(.text.EXTI15_10_IRQHandler) for EXTI15_10_IRQHandler
    startup_stm32l431xx.o(RESET) refers to stm32l4xx_it.o(.text.TIM6_DAC_IRQHandler) for TIM6_DAC_IRQHandler
    startup_stm32l431xx.o(RESET) refers to stm32l4xx_it.o(.text.TIM7_IRQHandler) for TIM7_IRQHandler
    startup_stm32l431xx.o(.text) refers (Special) to heapauxi.o(.text) for __use_two_region_memory
    startup_stm32l431xx.o(.text) refers to system_stm32l4xx.o(.text.SystemInit) for SystemInit
    startup_stm32l431xx.o(.text) refers to __main.o(!!!main) for __main
    startup_stm32l431xx.o(.text) refers to startup_stm32l431xx.o(HEAP) for Heap_Mem
    startup_stm32l431xx.o(.text) refers to startup_stm32l431xx.o(STACK) for Stack_Mem
    main.o(.text.main) refers to stm32l4xx_hal.o(.text.HAL_Init) for HAL_Init
    main.o(.text.main) refers to stm32l4xx_hal_pwr_ex.o(.text.HAL_PWREx_ControlVoltageScaling) for HAL_PWREx_ControlVoltageScaling
    main.o(.text.main) refers to stm32l4xx_hal_rcc.o(.text.HAL_RCC_OscConfig) for HAL_RCC_OscConfig
    main.o(.text.main) refers to stm32l4xx_hal_rcc.o(.text.HAL_RCC_ClockConfig) for HAL_RCC_ClockConfig
    main.o(.text.main) refers to gpio.o(.text.MX_GPIO_Init) for MX_GPIO_Init
    main.o(.text.main) refers to dma.o(.text.MX_DMA_Init) for MX_DMA_Init
    main.o(.text.main) refers to can.o(.text.MX_CAN1_Init) for MX_CAN1_Init
    main.o(.text.main) refers to tim.o(.text.MX_TIM1_Init) for MX_TIM1_Init
    main.o(.text.main) refers to tim.o(.text.MX_TIM2_Init) for MX_TIM2_Init
    main.o(.text.main) refers to tim.o(.text.MX_TIM6_Init) for MX_TIM6_Init
    main.o(.text.main) refers to tim.o(.text.MX_TIM15_Init) for MX_TIM15_Init
    main.o(.text.main) refers to tim.o(.text.MX_TIM16_Init) for MX_TIM16_Init
    main.o(.text.main) refers to usart.o(.text.MX_USART2_UART_Init) for MX_USART2_UART_Init
    main.o(.text.main) refers to usart.o(.text.MX_USART3_UART_Init) for MX_USART3_UART_Init
    main.o(.text.main) refers to i2c.o(.text.MX_I2C3_Init) for MX_I2C3_Init
    main.o(.text.main) refers to spi.o(.text.MX_SPI1_Init) for MX_SPI1_Init
    main.o(.text.main) refers to spi.o(.text.MX_SPI2_Init) for MX_SPI2_Init
    main.o(.text.main) refers to usart.o(.text.MX_USART1_UART_Init) for MX_USART1_UART_Init
    main.o(.text.main) refers to tim.o(.bss.htim2) for htim2
    main.o(.text.main) refers to stm32l4xx_hal_tim.o(.text.HAL_TIM_PWM_Start) for HAL_TIM_PWM_Start
    main.o(.text.main) refers to tim.o(.bss.htim16) for htim16
[...]
    [Anonymous Symbol]                       0x08002134   Section        0  stm32l4xx_hal_tim_ex.o(.text.HAL_TIMEx_BreakCallback)
    [Anonymous Symbol]                       0x08002138   Section        0  stm32l4xx_hal_tim_ex.o(.text.HAL_TIMEx_CommutCallback)
    [Anonymous Symbol]                       0x0800213c   Section        0  stm32l4xx_hal_tim_ex.o(.text.HAL_TIMEx_ConfigBreakDeadTime)
    [Anonymous Symbol]                       0x080021d4   Section        0  stm32l4xx_hal_tim_ex.o(.text.HAL_TIMEx_MasterConfigSynchronization)
    [Anonymous Symbol]                       0x0800223c   Section        0  stm32l4xx_hal_tim.o(.text.HAL_TIM_Base_Init)
    [Anonymous Symbol]                       0x08002320   Section        0  tim.o(.text.HAL_TIM_Base_MspInit)
    [Anonymous Symbol]                       0x08002420   Section        0  stm32l4xx_hal_tim.o(.text.HAL_TIM_Base_Start_IT)
    [Anonymous Symbol]                       0x08002480   Section        0  stm32l4xx_hal_tim.o(.text.HAL_TIM_ConfigClockSource)
    [Anonymous Symbol]                       0x0800261c   Section        0  stm32l4xx_hal_tim.o(.text.HAL_TIM_IC_CaptureCallback)
    [Anonymous Symbol]                       0x08002620   Section        0  stm32l4xx_hal_tim.o(.text.HAL_TIM_IRQHandler)
    [Anonymous Symbol]                       0x080027ac   Section        0  tim.o(.text.HAL_TIM_MspPostInit)
    [Anonymous Symbol]                       0x08002900   Section        0  stm32l4xx_hal_tim.o(.text.HAL_TIM_OC_DelayElapsedCallback)
    [Anonymous Symbol]                       0x08002904   Section        0  stm32l4xx_hal_tim.o(.text.HAL_TIM_PWM_ConfigChannel)
    [Anonymous Symbol]                       0x08002cac   Section        0  stm32l4xx_hal_tim.o(.text.HAL_TIM_PWM_Init)
    [Anonymous Symbol]                       0x08002d90   Section        0  stm32l4xx_hal_tim.o(.text.HAL_TIM_PWM_MspInit)
    [Anonymous Symbol]                       0x08002d94   Section        0  stm32l4xx_hal_tim.o(.text.HAL_TIM_PWM_PulseFinishedCallback)
    [Anonymous Symbol]                       0x08002d98   Section        0  stm32l4xx_hal_tim.o(.text.HAL_TIM_PWM_Start)
    [Anonymous Symbol]                       0x08002ebc   Section        0  main.o(.text.HAL_TIM_PeriodElapsedCallback)
    [Anonymous Symbol]                       0x08002ed0   Section        0  stm32l4xx_hal_tim.o(.text.HAL_TIM_TriggerCallback)
    [Anonymous Symbol]                       0x08002ed4   Section        0  stm32l4xx_hal_uart.o(.text.HAL_UARTEx_RxEventCallback)
    [Anonymous Symbol]                       0x08002ed8   Section        0  stm32l4xx_hal_uart_ex.o(.text.HAL_UARTEx_WakeupCallback)
    [Anonymous Symbol]                       0x08002edc   Section        0  stm32l4xx_hal_uart.o(.text.HAL_UART_ErrorCallback)
    [Anonymous Symbol]                       0x08002ee0   Section        0  stm32l4xx_hal_uart.o(.text.HAL_UART_IRQHandler)
    [Anonymous Symbol]                       0x080034e0   Section        0  stm32l4xx_hal_uart.o(.text.HAL_UART_Init)
    [Anonymous Symbol]                       0x080035a4   Section        0  usart.o(.text.HAL_UART_MspInit)
    [Anonymous Symbol]                       0x08003848   Section        0  stm32l4xx_hal_uart.o(.text.HAL_UART_TxCpltCallback)
    [Anonymous Symbol]                       0x0800384c   Section        0  stm32l4xx_it.o(.text.HardFault_Handler)
    [Anonymous Symbol]                       0x08003850   Section        0  stm32l4xx_ll_exti.o(.text.LL_EXTI_Init)
    [Anonymous Symbol]                       0x080039ec   Section        0  stm32l4xx_ll_gpio.o(.text.LL_GPIO_Init)
    [Anonymous Symbol]                       0x08003ad4   Section        0  can.o(.text.MX_CAN1_Init)
    [Anonymous Symbol]                       0x08003b14   Section        0  dma.o(.text.MX_DMA_Init)
    [Anonymous Symbol]                       0x08003b88   Section        0  freertos.o(.text.MX_FREERTOS_Init)
    [Anonymous Symbol]                       0x08003bc8   Section        0  gpio.o(.text.MX_GPIO_Init)
    [Anonymous Symbol]                       0x08003db4   Section        0  i2c.o(.text.MX_I2C3_Init)
    [Anonymous Symbol]                       0x08003e20   Section        0  spi.o(.text.MX_SPI1_Init)
    [Anonymous Symbol]                       0x08003e70   Section        0  spi.o(.text.MX_SPI2_Init)
    [Anonymous Symbol]                       0x08003ec0   Section        0  tim.o(.text.MX_TIM15_Init)
    [Anonymous Symbol]                       0x08003fe0   Section        0  tim.o(.text.MX_TIM16_Init)
    [Anonymous Symbol]                       0x08004094   Section        0  tim.o(.text.MX_TIM1_Init)
    [Anonymous Symbol]                       0x080041f4   Section        0  tim.o(.text.MX_TIM2_Init)
    [Anonymous Symbol]                       0x080042f4   Section        0  tim.o(.text.MX_TIM6_Init)
    [Anonymous Symbol]                       0x08004344   Section        0  usart.o(.text.MX_USART1_UART_Init)
    [Anonymous Symbol]                       0x08004384   Section        0  usart.o(.text.MX_USART2_UART_Init)
    [Anonymous Symbol]                       0x080043c4   Section        0  usart.o(.text.MX_USART3_UART_Init)
    [Anonymous Symbol]                       0x0800440c   Section        0  stm32l4xx_it.o(.text.MemManage_Handler)
    [Anonymous Symbol]                       0x08004410   Section        0  stm32l4xx_it.o(.text.NMI_Handler)
    [Anonymous Symbol]                       0x08004420   Section        0  port.o(.text.PendSV_Handler)
    pxCurrentTCBConst                        0x08004480   Number         0  port.o(.text.PendSV_Handler)
    RCCEx_PLLSAI1_Config                     0x0800449d   Thumb Code   362  stm32l4xx_hal_rcc_ex.o(.text.RCCEx_PLLSAI1_Config)
    [Anonymous Symbol]                       0x0800449c   Section        0  stm32l4xx_hal_rcc_ex.o(.text.RCCEx_PLLSAI1_Config)
    [Anonymous Symbol]                       0x08004608   Section        0  bsptask.o(.text.RGB_Task)
    [Anonymous Symbol]                       0x080046a0   Section        0  port.o(.text.SVC_Handler)
    pxCurrentTCBConst2                       0x080046c0   Number         0  port.o(.text.SVC_Handler)
    [Anonymous Symbol]                       0x080046d0   Section        0  freertos.o(.text.StartDefaultTask)
    [Anonymous Symbol]                       0x080046f4   Section        0  port.o(.text.SysTick_Handler)
    [Anonymous Symbol]                       0x08004724   Section        0  system_stm32l4xx.o(.text.SystemInit)
    [Anonymous Symbol]                       0x08004738   Section        0  stm32l4xx_it.o(.text.TIM6_DAC_IRQHandler)
    [Anonymous Symbol]                       0x08004744   Section        0  stm32l4xx_it.o(.text.TIM7_IRQHandler)
    [Anonymous Symbol]                       0x08004750   Section        0  mytasklist.o(.text.Task_Init)
    [Anonymous Symbol]                       0x0800478c   Section        0  stm32l4xx_hal_uart.o(.text.UART_AdvFeatureConfig)
    UART_DMAAbortOnError                     0x08004875   Thumb Code    16  stm32l4xx_hal_uart.o(.text.UART_DMAAbortOnError)
    [Anonymous Symbol]                       0x08004874   Section        0  stm32l4xx_hal_uart.o(.text.UART_DMAAbortOnError)
    [Anonymous Symbol]                       0x08004884   Section        0  stm32l4xx_hal_uart.o(.text.UART_SetConfig)
    [Anonymous Symbol]                       0x08004ab4   Section        0  stm32l4xx_hal_uart.o(.text.UART_WaitOnFlagUntilTimeout)
    [Anonymous Symbol]                       0x08004cc4   Section        0  stm32l4xx_it.o(.text.USART3_IRQHandler)
    [Anonymous Symbol]                       0x08004cd0   Section        0  stm32l4xx_it.o(.text.UsageFault_Handler)
    [Anonymous Symbol]                       0x08004cd4   Section        0  main.o(.text.main)
    [Anonymous Symbol]                       0x08004e04   Section        0  cmsis_os.o(.text.osDelay)
    [Anonymous Symbol]                       0x08004e14   Section        0  cmsis_os.o(.text.osKernelStart)
    [Anonymous Symbol]                       0x08004e20   Section        0  cmsis_os.o(.text.osThreadCreate)
    prvAddNewTaskToReadyList                 0x08004e7d   Thumb Code   252  tasks.o(.text.prvAddNewTaskToReadyList)
    [Anonymous Symbol]                       0x08004e7c   Section        0  tasks.o(.text.prvAddNewTaskToReadyList)
    prvIdleTask                              0x08004f79   Thumb Code   134  tasks.o(.text.prvIdleTask)
    [Anonymous Symbol]                       0x08004f78   Section        0  tasks.o(.text.prvIdleTask)
    prvInitialiseNewTask                     0x08005001   Thumb Code   280  tasks.o(.text.prvInitialiseNewTask)
    [Anonymous Symbol]                       0x08005000   Section        0  tasks.o(.text.prvInitialiseNewTask)
    prvPortStartFirstTask                    0x08005119   Thumb Code    34  port.o(.text.prvPortStartFirstTask)
    [Anonymous Symbol]                       0x08005118   Section        0  port.o(.text.prvPortStartFirstTask)
    prvTaskExitError                         0x08005141   Thumb Code    62  port.o(.text.prvTaskExitError)
    [Anonymous Symbol]                       0x08005140   Section        0  port.o(.text.prvTaskExitError)
    [Anonymous Symbol]                       0x08005180   Section        0  heap_4.o(.text.pvPortMalloc)
    [Anonymous Symbol]                       0x0800538c   Section        0  port.o(.text.pxPortInitialiseStack)
    [Anonymous Symbol]                       0x080053b4   Section        0  list.o(.text.uxListRemove)
    [Anonymous Symbol]                       0x080053d8   Section        0  freertos.o(.text.vApplicationGetIdleTaskMemory)
    [Anonymous Symbol]                       0x080053f4   Section        0  list.o(.text.vListInitialise)
    [Anonymous Symbol]                       0x0800540c   Section        0  list.o(.text.vListInitialiseItem)
    [Anonymous Symbol]                       0x08005414   Section        0  list.o(.text.vListInsert)
    [Anonymous Symbol]                       0x08005478   Section        0  list.o(.text.vListInsertEnd)
    vPortEnableVFP                           0x08005495   Thumb Code    14  port.o(.text.vPortEnableVFP)
    [Anonymous Symbol]                       0x08005494   Section        0  port.o(.text.vPortEnableVFP)
    [Anonymous Symbol]                       0x080054a8   Section        0  port.o(.text.vPortEnterCritical)
    [Anonymous Symbol]                       0x080054f0   Section        0  port.o(.text.vPortExitCritical)
    [Anonymous Symbol]                       0x08005520   Section        0  heap_4.o(.text.vPortFree)
    [Anonymous Symbol]                       0x080055f4   Section        0  port.o(.text.vPortSetupTimerInterrupt)
    [Anonymous Symbol]                       0x08005628   Section        0  tasks.o(.text.vTaskDelay)
    [Anonymous Symbol]                       0x080056c8   Section        0  tasks.o(.text.vTaskStartScheduler)
    [Anonymous Symbol]                       0x08005794   Section        0  tasks.o(.text.vTaskSuspendAll)
    [Anonymous Symbol]                       0x080057a4   Section        0  tasks.o(.text.vTaskSwitchContext)
    [Anonymous Symbol]                       0x08005814   Section        0  port.o(.text.xPortStartScheduler)
    [Anonymous Symbol]                       0x08005998   Section        0  tasks.o(.text.xTaskCreate)
    [Anonymous Symbol]                       0x080059f8   Section        0  tasks.o(.text.xTaskCreateStatic)
    [Anonymous Symbol]                       0x08005a70   Section        0  tasks.o(.text.xTaskIncrementTick)
    [Anonymous Symbol]                       0x08005b78   Section        0  tasks.o(.text.xTaskResumeAll)
    $v0                                      0x08005c62   Number         0  fpinit.o(x$fpl$fpinit)
    x$fpl$fpinit                             0x08005c62   Section       26  fpinit.o(x$fpl$fpinit)
    .L__const.MX_FREERTOS_Init.os_thread_def_defaultTask 0x08005c7c   Data          28  freertos.o(.rodata..L__const.MX_FREERTOS_Init.os_thread_def_defaultTask)
    .L__const.Task_Init.os_thread_def_RGBTask 0x08005c98   Data          28  mytasklist.o(.rodata..L__const.Task_Init.os_thread_def_RGBTask)
    .Lswitch.table.UART_SetConfig.3          0x08005cfc   Data          16  stm32l4xx_hal_uart.o(.rodata.cst16)
    [Anonymous Symbol]                       0x08005d0c   Section        0  freertos.o(.rodata.str1.1)
    [Anonymous Symbol]                       0x08005d18   Section        0  mytasklist.o(.rodata.str1.1)
    .L_MergedGlobals                         0x20000000   Data           8  stm32l4xx_hal.o(.data..L_MergedGlobals)
    [Anonymous Symbol]                       0x20000000   Section        0  stm32l4xx_hal.o(.data..L_MergedGlobals)
    uxCriticalNesting                        0x2000000c   Data           4  port.o(.data.uxCriticalNesting)
    [Anonymous Symbol]                       0x2000000c   Section        0  port.o(.data.uxCriticalNesting)
    .bss                                     0x20000010   Section       96  libspace.o(.bss)
    .L_MergedGlobals                         0x20000070   Data         120  tasks.o(.bss..L_MergedGlobals)
    [Anonymous Symbol]                       0x20000070   Section        0  tasks.o(.bss..L_MergedGlobals)
    uxTopReadyPriority                       0x20000074   Data           4  tasks.o(.bss..L_MergedGlobals)
    uxTaskNumber                             0x20000078   Data           4  tasks.o(.bss..L_MergedGlobals)
    uxDeletedTasksWaitingCleanUp             0x2000007c   Data           4  tasks.o(.bss..L_MergedGlobals)
    uxCurrentNumberOfTasks                   0x20000080   Data           4  tasks.o(.bss..L_MergedGlobals)
    xSchedulerRunning                        0x20000084   Data           4  tasks.o(.bss..L_MergedGlobals)
    uxSchedulerSuspended                     0x20000088   Data           4  tasks.o(.bss..L_MergedGlobals)
    xIdleTaskHandle                          0x2000008c   Data           4  tasks.o(.bss..L_MergedGlobals)
    xNextTaskUnblockTime                     0x20000090   Data           4  tasks.o(.bss..L_MergedGlobals)
    xTickCount                               0x20000094   Data           4  tasks.o(.bss..L_MergedGlobals)
    xYieldPending                            0x20000098   Data           4  tasks.o(.bss..L_MergedGlobals)
    xPendedTicks                             0x2000009c   Data           4  tasks.o(.bss..L_MergedGlobals)
    pxDelayedTaskList                        0x200000a0   Data           4  tasks.o(.bss..L_MergedGlobals)
    pxOverflowDelayedTaskList                0x200000a4   Data           4  tasks.o(.bss..L_MergedGlobals)
    xNumOfOverflows                          0x200000a8   Data           4  tasks.o(.bss..L_MergedGlobals)
    xTasksWaitingTermination                 0x200000ac   Data          20  tasks.o(.bss..L_MergedGlobals)
    xSuspendedTaskList                       0x200000c0   Data          20  tasks.o(.bss..L_MergedGlobals)
    xPendingReadyList                        0x200000d4   Data          20  tasks.o(.bss..L_MergedGlobals)
    .L_MergedGlobals                         0x200000e8   Data          32  heap_4.o(.bss..L_MergedGlobals)
    xBlockAllocatedBit                       0x200000e8   Data           1  heap_4.o(.bss..L_MergedGlobals)
    [Anonymous Symbol]                       0x200000e8   Section        0  heap_4.o(.bss..L_MergedGlobals)
    pxEnd                                    0x200000ec   Data           4  heap_4.o(.bss..L_MergedGlobals)
    xFreeBytesRemaining                      0x200000f0   Data           4  heap_4.o(.bss..L_MergedGlobals)
    xMinimumEverFreeBytesRemaining           0x200000f4   Data           4  heap_4.o(.bss..L_MergedGlobals)
    xNumberOfSuccessfulAllocations           0x200000f8   Data           4  heap_4.o(.bss..L_MergedGlobals)
    xNumberOfSuccessfulFrees                 0x200000fc   Data           4  heap_4.o(.bss..L_MergedGlobals)
    xStart                                   0x20000100   Data           8  heap_4.o(.bss..L_MergedGlobals)
    .L_MergedGlobals                         0x20000108   Data           8  port.o(.bss..L_MergedGlobals)
    ucMaxSysCallPriority                     0x20000108   Data           1  port.o(.bss..L_MergedGlobals)
    [Anonymous Symbol]                       0x20000108   Section        0  port.o(.bss..L_MergedGlobals)
    ulMaxPRIGROUPValue                       0x2000010c   Data           4  port.o(.bss..L_MergedGlobals)
    .L_MergedGlobals.1                       0x20000110   Data          40  tasks.o(.bss..L_MergedGlobals.1)
    xDelayedTaskList1                        0x20000110   Data          20  tasks.o(.bss..L_MergedGlobals.1)
    [Anonymous Symbol]                       0x20000110   Section        0  tasks.o(.bss..L_MergedGlobals.1)
    xDelayedTaskList2                        0x20000124   Data          20  tasks.o(.bss..L_MergedGlobals.1)
    pxReadyTasksLists                        0x20000744   Data         140  tasks.o(.bss.pxReadyTasksLists)
    [Anonymous Symbol]                       0x20000744   Section        0  tasks.o(.bss.pxReadyTasksLists)
    ucHeap                                   0x200007d0   Data       20480  heap_4.o(.bss.ucHeap)
    [Anonymous Symbol]                       0x200007d0   Section        0  heap_4.o(.bss.ucHeap)
    xIdleStack                               0x200057d4   Data         512  freertos.o(.bss.xIdleStack)
    [Anonymous Symbol]                       0x200057d4   Section        0  freertos.o(.bss.xIdleStack)
    xIdleTaskTCBBuffer                       0x200059d4   Data          84  freertos.o(.bss.xIdleTaskTCBBuffer)
    [Anonymous Symbol]                       0x200059d4   Section        0  freertos.o(.bss.xIdleTaskTCBBuffer)
    Heap_Mem                                 0x20005a28   Data         512  startup_stm32l431xx.o(HEAP)
    HEAP                                     0x20005a28   Section      512  startup_stm32l431xx.o(HEAP)
    Stack_Mem                                0x20005c28   Data        1024  startup_stm32l431xx.o(STACK)
    STACK                                    0x20005c28   Section     1024  startup_stm32l431xx.o(STACK)
    __initial_sp                             0x20006028   Data           0  startup_stm32l431xx.o(STACK)

    Global Symbols

    Symbol Name                              Value     Ov Type        Size  Object(Section)

    BuildAttributes$$THM_ISAv4$E$P$D$K$B$S$7EM$VFPi3$EXTD16$VFPS$VFMA$PE$A:L22UL41UL21$X:L11$S22US41US21$IEEE1$IW$~IW$USESV6$~STKCKD$USESV7$~SHL$OTIME$ROPI$IEEEX$EBA8$UX$STANDARDLIB$REQ8$PRES8$EABIv2 0x00000000   Number         0  anon$$obj.o ABSOLUTE
    __ARM_exceptions_init                     - Undefined Weak Reference
    __alloca_initialize                       - Undefined Weak Reference
    __arm_preinit_                            - Undefined Weak Reference
    __arm_relocate_pie_                       - Undefined Weak Reference
    __cpp_initialize__aeabi_                  - Undefined Weak Reference
    __cxa_finalize                            - Undefined Weak Reference
    __rt_locale                               - Undefined Weak Reference
    __sigvec_lookup                           - Undefined Weak Reference
    _atexit_init                              - Undefined Weak Reference
    _call_atexit_fns                          - Undefined Weak Reference
    _clock_init                               - Undefined Weak Reference
    _fp_trap_init                             - Undefined Weak Reference
    _fp_trap_shutdown                         - Undefined Weak Reference
    _get_lc_collate                           - Undefined Weak Reference
    _get_lc_ctype                             - Undefined Weak Reference
    _get_lc_monetary                          - Undefined Weak Reference
    _get_lc_numeric                           - Undefined Weak Reference
    _get_lc_time                              - Undefined Weak Reference
    _getenv_init                              - Undefined Weak Reference
    _handle_redirection                       - Undefined Weak Reference
    _init_alloc                               - Undefined Weak Reference
    _init_user_alloc                          - Undefined Weak Reference
    _initio                                   - Undefined Weak Reference
    _rand_init                                - Undefined Weak Reference
    _signal_finish                            - Undefined Weak Reference
    _signal_init                              - Undefined Weak Reference
    _terminate_alloc                          - Undefined Weak Reference
    _terminate_user_alloc                     - Undefined Weak Reference
    _terminateio                              - Undefined Weak Reference
    __Vectors_Size                           0x0000018c   Number         0  startup_stm32l431xx.o ABSOLUTE
    __Vectors                                0x08000000   Data           4  startup_stm32l431xx.o(RESET)
    __Vectors_End                            0x0800018c   Data           0  startup_stm32l431xx.o(RESET)
    __main                                   0x0800018d   Thumb Code     8  __main.o(!!!main)
    __scatterload                            0x08000195   Thumb Code     0  __scatter.o(!!!scatter)
    __scatterload_rt2                        0x08000195   Thumb Code    44  __scatter.o(!!!scatter)
    __scatterload_rt2_thumb_only             0x08000195   Thumb Code     0  __scatter.o(!!!scatter)
    __scatterload_null                       0x080001a3   Thumb Code     0  __scatter.o(!!!scatter)
    __scatterload_copy                       0x080001c9   Thumb Code    26  __scatter_copy.o(!!handler_copy)
    __scatterload_zeroinit                   0x080001e5   Thumb Code    28  __scatter_zi.o(!!handler_zi)
    __rt_lib_init                            0x08000201   Thumb Code     0  libinit.o(.ARM.Collect$$libinit$$00000000)
    __rt_lib_init_fp_1                       0x08000203   Thumb Code     0  libinit2.o(.ARM.Collect$$libinit$$00000001)
    __rt_lib_init_alloca_1                   0x08000207   Thumb Code     0  libinit2.o(.ARM.Collect$$libinit$$00000030)
    __rt_lib_init_argv_1                     0x08000207   Thumb Code     0  libinit2.o(.ARM.Collect$$libinit$$0000002E)
    __rt_lib_init_atexit_1                   0x08000207   Thumb Code     0  libinit2.o(.ARM.Collect$$libinit$$0000001D)
    __rt_lib_init_clock_1                    0x08000207   Thumb Code     0  libinit2.o(.ARM.Collect$$libinit$$00000023)
    __rt_lib_init_cpp_1                      0x08000207   Thumb Code     0  libinit2.o(.ARM.Collect$$libinit$$00000034)
    __rt_lib_init_exceptions_1               0x08000207   Thumb Code     0  libinit2.o(.ARM.Collect$$libinit$$00000032)
    __rt_lib_init_fp_trap_1                  0x08000207   Thumb Code     0  libinit2.o(.ARM.Collect$$libinit$$00000021)
    __rt_lib_init_getenv_1                   0x08000207   Thumb Code     0  libinit2.o(.ARM.Collect$$libinit$$00000025)
    __rt_lib_init_heap_1                     0x08000207   Thumb Code     0  libinit2.o(.ARM.Collect$$libinit$$0000000C)
    __rt_lib_init_lc_collate_1               0x08000207   Thumb Code     0  libinit2.o(.ARM.Collect$$libinit$$00000013)
    __rt_lib_init_lc_ctype_1                 0x08000207   Thumb Code     0  libinit2.o(.ARM.Collect$$libinit$$00000015)
    __rt_lib_init_lc_monetary_1              0x08000207   Thumb Code     0  libinit2.o(.ARM.Collect$$libinit$$00000017)
    __rt_lib_init_lc_numeric_1               0x08000207   Thumb Code     0  libinit2.o(.ARM.Collect$$libinit$$00000019)
    __rt_lib_init_lc_time_1                  0x08000207   Thumb Code     0  libinit2.o(.ARM.Collect$$libinit$$0000001B)
    __rt_lib_init_preinit_1                  0x08000207   Thumb Code     0  libinit2.o(.ARM.Collect$$libinit$$00000006)
    __rt_lib_init_rand_1                     0x08000207   Thumb Code     0  libinit2.o(.ARM.Collect$$libinit$$00000010)
    __rt_lib_init_relocate_pie_1             0x08000207   Thumb Code     0  libinit2.o(.ARM.Collect$$libinit$$00000004)
    __rt_lib_init_return                     0x08000207   Thumb Code     0  libinit2.o(.ARM.Collect$$libinit$$00000035)
    __rt_lib_init_signal_1                   0x08000207   Thumb Code     0  libinit2.o(.ARM.Collect$$libinit$$0000001F)
    __rt_lib_init_stdio_1                    0x08000207   Thumb Code     0  libinit2.o(.ARM.Collect$$libinit$$00000027)
    __rt_lib_init_user_alloc_1               0x08000207   Thumb Code     0  libinit2.o(.ARM.Collect$$libinit$$0000000E)
    __rt_lib_shutdown                        0x08000209   Thumb Code     0  libshutdown.o(.ARM.Collect$$libshutdown$$00000000)
    __rt_lib_shutdown_cpp_1                  0x0800020b   Thumb Code     0  libshutdown2.o(.ARM.Collect$$libshutdown$$00000002)
    __rt_lib_shutdown_fp_trap_1              0x0800020b   Thumb Code     0  libshutdown2.o(.ARM.Collect$$libshutdown$$00000007)
    __rt_lib_shutdown_heap_1                 0x0800020b   Thumb Code     0  libshutdown2.o(.ARM.Collect$$libshutdown$$0000000F)
    __rt_lib_shutdown_return                 0x0800020b   Thumb Code     0  libshutdown2.o(.ARM.Collect$$libshutdown$$00000010)
    __rt_lib_shutdown_signal_1               0x0800020b   Thumb Code     0  libshutdown2.o(.ARM.Collect$$libshutdown$$0000000A)
    __rt_lib_shutdown_stdio_1                0x0800020b   Thumb Code     0  libshutdown2.o(.ARM.Collect$$libshutdown$$00000004)
    __rt_lib_shutdown_user_alloc_1           0x0800020b   Thumb Code     0  libshutdown2.o(.ARM.Collect$$libshutdown$$0000000C)
    __rt_entry                               0x0800020d   Thumb Code     0  __rtentry.o(.ARM.Collect$$rtentry$$00000000)
    __rt_entry_presh_1                       0x0800020d   Thumb Code     0  __rtentry2.o(.ARM.Collect$$rtentry$$00000002)
    __rt_entry_sh                            0x0800020d   Thumb Code     0  __rtentry4.o(.ARM.Collect$$rtentry$$00000004)
    __rt_entry_li                            0x08000213   Thumb Code     0  __rtentry2.o(.ARM.Collect$$rtentry$$0000000A)
    __rt_entry_postsh_1                      0x08000213   Thumb Code     0  __rtentry2.o(.ARM.Collect$$rtentry$$00000009)
    __rt_entry_main                          0x08000217   Thumb Code     0  __rtentry2.o(.ARM.Collect$$rtentry$$0000000D)
    __rt_entry_postli_1                      0x08000217   Thumb Code     0  __rtentry2.o(.ARM.Collect$$rtentry$$0000000C)
    __rt_exit                                0x0800021f   Thumb Code     0  rtexit.o(.ARM.Collect$$rtexit$$00000000)
    __rt_exit_ls                             0x08000221   Thumb Code     0  rtexit2.o(.ARM.Collect$$rtexit$$00000003)
    __rt_exit_prels_1                        0x08000221   Thumb Code     0  rtexit2.o(.ARM.Collect$$rtexit$$00000002)
    __rt_exit_exit                           0x08000225   Thumb Code     0  rtexit2.o(.ARM.Collect$$rtexit$$00000004)
    Reset_Handler                            0x0800022d   Thumb Code     8  startup_stm32l431xx.o(.text)
    ADC1_IRQHandler                          0x08000247   Thumb Code     0  startup_stm32l431xx.o(.text)
    CAN1_SCE_IRQHandler                      0x08000247   Thumb Code     0  startup_stm32l431xx.o(.text)
    CAN1_TX_IRQHandler                       0x08000247   Thumb Code     0  startup_stm32l431xx.o(.text)
    COMP_IRQHandler                          0x08000247   Thumb Code     0  startup_stm32l431xx.o(.text)
    CRS_IRQHandler                           0x08000247   Thumb Code     0  startup_stm32l431xx.o(.text)
    DMA1_Channel1_IRQHandler                 0x08000247   Thumb Code     0  startup_stm32l431xx.o(.text)
    DMA1_Channel2_IRQHandler                 0x08000247   Thumb Code     0  startup_stm32l431xx.o(.text)
    DMA2_Channel1_IRQHandler                 0x08000247   Thumb Code     0  startup_stm32l431xx.o(.text)
    DMA2_Channel2_IRQHandler                 0x08000247   Thumb Code     0  startup_stm32l431xx.o(.text)
    DMA2_Channel3_IRQHandler                 0x08000247   Thumb Code     0  startup_stm32l431xx.o(.text)
    DMA2_Channel4_IRQHandler                 0x08000247   Thumb Code     0  startup_stm32l431xx.o(.text)
    DMA2_Channel5_IRQHandler                 0x08000247   Thumb Code     0  startup_stm32l431xx.o(.text)
    DMA2_Channel6_IRQHandler                 0x08000247   Thumb Code     0  startup_stm32l431xx.o(.text)
    DMA2_Channel7_IRQHandler                 0x08000247   Thumb Code     0  startup_stm32l431xx.o(.text)
    EXTI0_IRQHandler                         0x08000247   Thumb Code     0  startup_stm32l431xx.o(.text)
    EXTI1_IRQHandler                         0x08000247   Thumb Code     0  startup_stm32l431xx.o(.text)
    EXTI2_IRQHandler                         0x08000247   Thumb Code     0  startup_stm32l431xx.o(.text)
    EXTI3_IRQHandler                         0x08000247   Thumb Code     0  startup_stm32l431xx.o(.text)
    EXTI4_IRQHandler                         0x08000247   Thumb Code     0  startup_stm32l431xx.o(.text)
    EXTI9_5_IRQHandler                       0x08000247   Thumb Code     0  startup_stm32l431xx.o(.text)
    FLASH_IRQHandler                         0x08000247   Thumb Code     0  startup_stm32l431xx.o(.text)
    FPU_IRQHandler                           0x08000247   Thumb Code     0  startup_stm32l431xx.o(.text)
    I2C1_ER_IRQHandler                       0x08000247   Thumb Code     0  startup_stm32l431xx.o(.text)
    I2C1_EV_IRQHandler                       0x08000247   Thumb Code     0  startup_stm32l431xx.o(.text)
    I2C2_ER_IRQHandler                       0x08000247   Thumb Code     0  startup_stm32l431xx.o(.text)
    I2C2_EV_IRQHandler                       0x08000247   Thumb Code     0  startup_stm32l431xx.o(.text)
    I2C3_ER_IRQHandler                       0x08000247   Thumb Code     0  startup_stm32l431xx.o(.text)
    I2C3_EV_IRQHandler                       0x08000247   Thumb Code     0  startup_stm32l431xx.o(.text)
    LPTIM1_IRQHandler                        0x08000247   Thumb Code     0  startup_stm32l431xx.o(.text)
    LPTIM2_IRQHandler                        0x08000247   Thumb Code     0  startup_stm32l431xx.o(.text)
    LPUART1_IRQHandler                       0x08000247   Thumb Code     0  startup_stm32l431xx.o(.text)
    PVD_PVM_IRQHandler                       0x08000247   Thumb Code     0  startup_stm32l431xx.o(.text)
    QUADSPI_IRQHandler                       0x08000247   Thumb Code     0  startup_stm32l431xx.o(.text)
    RCC_IRQHandler                           0x08000247   Thumb Code     0  startup_stm32l431xx.o(.text)
    RNG_IRQHandler                           0x08000247   Thumb Code     0  startup_stm32l431xx.o(.text)
    RTC_Alarm_IRQHandler                     0x08000247   Thumb Code     0  startup_stm32l431xx.o(.text)
    RTC_WKUP_IRQHandler                      0x08000247   Thumb Code     0  startup_stm32l431xx.o(.text)
    SAI1_IRQHandler                          0x08000247   Thumb Code     0  startup_stm32l431xx.o(.text)
    SDMMC1_IRQHandler                        0x08000247   Thumb Code     0  startup_stm32l431xx.o(.text)
    SPI1_IRQHandler                          0x08000247   Thumb Code     0  startup_stm32l431xx.o(.text)
    SPI2_IRQHandler                          0x08000247   Thumb Code     0  startup_stm32l431xx.o(.text)
    SPI3_IRQHandler                          0x08000247   Thumb Code     0  startup_stm32l431xx.o(.text)
    SWPMI1_IRQHandler                        0x08000247   Thumb Code     0  startup_stm32l431xx.o(.text)
    TAMP_STAMP_IRQHandler                    0x08000247   Thumb Code     0  startup_stm32l431xx.o(.text)
    TIM1_BRK_TIM15_IRQHandler                0x08000247   Thumb Code     0  startup_stm32l431xx.o(.text)
    TIM1_CC_IRQHandler                       0x08000247   Thumb Code     0  startup_stm32l431xx.o(.text)
    TIM1_TRG_COM_IRQHandler                  0x08000247   Thumb Code     0  startup_stm32l431xx.o(.text)
    TIM1_UP_TIM16_IRQHandler                 0x08000247   Thumb Code     0  startup_stm32l431xx.o(.text)
    TIM2_IRQHandler                          0x08000247   Thumb Code     0  startup_stm32l431xx.o(.text)
    TSC_IRQHandler                           0x08000247   Thumb Code     0  startup_stm32l431xx.o(.text)
    USART1_IRQHandler                        0x08000247   Thumb Code     0  startup_stm32l431xx.o(.text)
    USART2_IRQHandler                        0x08000247   Thumb Code     0  startup_stm32l431xx.o(.text)
    WWDG_IRQHandler                          0x08000247   Thumb Code     0  startup_stm32l431xx.o(.text)
    __user_initial_stackheap                 0x08000249   Thumb Code     0  startup_stm32l431xx.o(.text)
    __aeabi_uldivmod                         0x0800026d   Thumb Code     0  lludivv7m.o(.text)
    _ll_udiv                                 0x0800026d   Thumb Code   240  lludivv7m.o(.text)
    __aeabi_memclr4                          0x0800035d   Thumb Code     0  rt_memclr_w.o(.text)
    __aeabi_memclr8                          0x0800035d   Thumb Code     0  rt_memclr_w.o(.text)
    __rt_memclr_w                            0x0800035d   Thumb Code     0  rt_memclr_w.o(.text)
    _memset_w                                0x08000361   Thumb Code    74  rt_memclr_w.o(.text)
    __use_two_region_memory                  0x080003ab   Thumb Code     2  heapauxi.o(.text)
    __rt_heap_escrow$2region                 0x080003ad   Thumb Code     2  heapauxi.o(.text)
    __rt_heap_expand$2region                 0x080003af   Thumb Code     2  heapauxi.o(.text)
    __user_libspace                          0x080003b1   Thumb Code     8  libspace.o(.text)
    __user_perproc_libspace                  0x080003b1   Thumb Code     0  libspace.o(.text)
    __user_perthread_libspace                0x080003b1   Thumb Code     0  libspace.o(.text)
    __user_setup_stackheap                   0x080003b9   Thumb Code    74  sys_stackheap_outer.o(.text)
    exit                                     0x08000403   Thumb Code    18  exit.o(.text)
    _sys_exit                                0x08000415   Thumb Code     8  sys_exit.o(.text)
    __I$use$semihosting                      0x08000421   Thumb Code     0  use_no_semi.o(.text)
    __use_no_semihosting_swi                 0x08000421   Thumb Code     2  use_no_semi.o(.text)
    __semihosting_library_function           0x08000423   Thumb Code     0  indicate_semi.o(.text)
    BusFault_Handler                         0x08000425   Thumb Code     2  stm32l4xx_it.o(.text.BusFault_Handler)
    CAN1_RX0_IRQHandler                      0x08000429   Thumb Code    12  stm32l4xx_it.o(.text.CAN1_RX0_IRQHandler)
    CAN1_RX1_IRQHandler                      0x08000435   Thumb Code    12  stm32l4xx_it.o(.text.CAN1_RX1_IRQHandler)
    DMA1_Channel3_IRQHandler                 0x08000441   Thumb Code    12  stm32l4xx_it.o(.text.DMA1_Channel3_IRQHandler)
    DMA1_Channel4_IRQHandler                 0x0800044d   Thumb Code    12  stm32l4xx_it.o(.text.DMA1_Channel4_IRQHandler)
    DMA1_Channel5_IRQHandler                 0x08000459   Thumb Code    12  stm32l4xx_it.o(.text.DMA1_Channel5_IRQHandler)
    DMA1_Channel6_IRQHandler                 0x08000465   Thumb Code    12  stm32l4xx_it.o(.text.DMA1_Channel6_IRQHandler)
    DMA1_Channel7_IRQHandler                 0x08000471   Thumb Code    12  stm32l4xx_it.o(.text.DMA1_Channel7_IRQHandler)
    DebugMon_Handler                         0x0800047d   Thumb Code     2  stm32l4xx_it.o(.text.DebugMon_Handler)
    EXTI15_10_IRQHandler                     0x08000481   Thumb Code    34  stm32l4xx_it.o(.text.EXTI15_10_IRQHandler)
    Error_Handler                            0x080004a5   Thumb Code    10  main.o(.text.Error_Handler)
    HAL_CAN_ErrorCallback                    0x080004b1   Thumb Code     2  stm32l4xx_hal_can.o(.text.HAL_CAN_ErrorCallback)
    HAL_CAN_IRQHandler                       0x080004b5   Thumb Code   606  stm32l4xx_hal_can.o(.text.HAL_CAN_IRQHandler)
    HAL_CAN_Init                             0x08000725   Thumb Code   244  stm32l4xx_hal_can.o(.text.HAL_CAN_Init)
    HAL_CAN_MspInit                          0x08000819   Thumb Code   140  can.o(.text.HAL_CAN_MspInit)
    HAL_CAN_RxFifo0FullCallback              0x080008a5   Thumb Code     2  stm32l4xx_hal_can.o(.text.HAL_CAN_RxFifo0FullCallback)
    HAL_CAN_RxFifo0MsgPendingCallback        0x080008a9   Thumb Code     2  stm32l4xx_hal_can.o(.text.HAL_CAN_RxFifo0MsgPendingCallback)
    HAL_CAN_RxFifo1FullCallback              0x080008ad   Thumb Code     2  stm32l4xx_hal_can.o(.text.HAL_CAN_RxFifo1FullCallback)
    HAL_CAN_RxFifo1MsgPendingCallback        0x080008b1   Thumb Code     2  stm32l4xx_hal_can.o(.text.HAL_CAN_RxFifo1MsgPendingCallback)
    HAL_CAN_SleepCallback                    0x080008b5   Thumb Code     2  stm32l4xx_hal_can.o(.text.HAL_CAN_SleepCallback)
    HAL_CAN_TxMailbox0AbortCallback          0x080008b9   Thumb Code     2  stm32l4xx_hal_can.o(.text.HAL_CAN_TxMailbox0AbortCallback)
    HAL_CAN_TxMailbox0CompleteCallback       0x080008bd   Thumb Code     2  stm32l4xx_hal_can.o(.text.HAL_CAN_TxMailbox0CompleteCallback)
    HAL_CAN_TxMailbox1AbortCallback          0x080008c1   Thumb Code     2  stm32l4xx_hal_can.o(.text.HAL_CAN_TxMailbox1AbortCallback)
    HAL_CAN_TxMailbox1CompleteCallback       0x080008c5   Thumb Code     2  stm32l4xx_hal_can.o(.text.HAL_CAN_TxMailbox1CompleteCallback)
    HAL_CAN_TxMailbox2AbortCallback          0x080008c9   Thumb Code     2  stm32l4xx_hal_can.o(.text.HAL_CAN_TxMailbox2AbortCallback)
    HAL_CAN_TxMailbox2CompleteCallback       0x080008cd   Thumb Code     2  stm32l4xx_hal_can.o(.text.HAL_CAN_TxMailbox2CompleteCallback)
    HAL_CAN_WakeUpFromRxMsgCallback          0x080008d1   Thumb Code     2  stm32l4xx_hal_can.o(.text.HAL_CAN_WakeUpFromRxMsgCallback)
    HAL_DMA_Abort                            0x080008d5   Thumb Code    74  stm32l4xx_hal_dma.o(.text.HAL_DMA_Abort)
    HAL_DMA_Abort_IT                         0x08000921   Thumb Code    88  stm32l4xx_hal_dma.o(.text.HAL_DMA_Abort_IT)
    HAL_DMA_IRQHandler                       0x08000979   Thumb Code   170  stm32l4xx_hal_dma.o(.text.HAL_DMA_IRQHandler)
    HAL_DMA_Init                             0x08000a25   Thumb Code   204  stm32l4xx_hal_dma.o(.text.HAL_DMA_Init)
    HAL_GPIO_Init                            0x08000af1   Thumb Code   474  stm32l4xx_hal_gpio.o(.text.HAL_GPIO_Init)
    HAL_GPIO_WritePin                        0x08000cd1   Thumb Code    12  stm32l4xx_hal_gpio.o(.text.HAL_GPIO_WritePin)
    HAL_GetTick                              0x08000cdd   Thumb Code    12  stm32l4xx_hal.o(.text.HAL_GetTick)
    HAL_I2CEx_ConfigAnalogFilter             0x08000ce9   Thumb Code    74  stm32l4xx_hal_i2c_ex.o(.text.HAL_I2CEx_ConfigAnalogFilter)
    HAL_I2CEx_ConfigDigitalFilter            0x08000d35   Thumb Code    72  stm32l4xx_hal_i2c_ex.o(.text.HAL_I2CEx_ConfigDigitalFilter)
    HAL_I2C_Init                             0x08000d7d   Thumb Code   162  stm32l4xx_hal_i2c.o(.text.HAL_I2C_Init)
    HAL_I2C_MspInit                          0x08000e21   Thumb Code   136  i2c.o(.text.HAL_I2C_MspInit)
    HAL_IncTick                              0x08000ea9   Thumb Code    26  stm32l4xx_hal.o(.text.HAL_IncTick)
    HAL_Init                                 0x08000ec5   Thumb Code    30  stm32l4xx_hal.o(.text.HAL_Init)
    HAL_InitTick                             0x08000ee5   Thumb Code   188  stm32l4xx_hal_timebase_tim.o(.text.HAL_InitTick)
    HAL_MspInit                              0x08000fa1   Thumb Code    60  stm32l4xx_hal_msp.o(.text.HAL_MspInit)
    HAL_NVIC_EnableIRQ                       0x08000fdd   Thumb Code    32  stm32l4xx_hal_cortex.o(.text.HAL_NVIC_EnableIRQ)
    HAL_NVIC_SetPriority                     0x08000ffd   Thumb Code    86  stm32l4xx_hal_cortex.o(.text.HAL_NVIC_SetPriority)
    HAL_NVIC_SetPriorityGrouping             0x08001055   Thumb Code    32  stm32l4xx_hal_cortex.o(.text.HAL_NVIC_SetPriorityGrouping)
    HAL_PWREx_ControlVoltageScaling          0x08001075   Thumb Code   140  stm32l4xx_hal_pwr_ex.o(.text.HAL_PWREx_ControlVoltageScaling)
    HAL_PWREx_GetVoltageRange                0x08001101   Thumb Code    16  stm32l4xx_hal_pwr_ex.o(.text.HAL_PWREx_GetVoltageRange)
    HAL_RCCEx_PeriphCLKConfig                0x08001111   Thumb Code   688  stm32l4xx_hal_rcc_ex.o(.text.HAL_RCCEx_PeriphCLKConfig)
    HAL_RCC_ClockConfig                      0x080013c1   Thumb Code   634  stm32l4xx_hal_rcc.o(.text.HAL_RCC_ClockConfig)
    HAL_RCC_GetClockConfig                   0x0800163d   Thumb Code    66  stm32l4xx_hal_rcc.o(.text.HAL_RCC_GetClockConfig)
    HAL_RCC_GetPCLK1Freq                     0x08001681   Thumb Code    42  stm32l4xx_hal_rcc.o(.text.HAL_RCC_GetPCLK1Freq)
    HAL_RCC_GetPCLK2Freq                     0x080016ad   Thumb Code    42  stm32l4xx_hal_rcc.o(.text.HAL_RCC_GetPCLK2Freq)
    HAL_RCC_GetSysClockFreq                  0x080016d9   Thumb Code   194  stm32l4xx_hal_rcc.o(.text.HAL_RCC_GetSysClockFreq)
    HAL_RCC_OscConfig                        0x0800179d   Thumb Code  2000  stm32l4xx_hal_rcc.o(.text.HAL_RCC_OscConfig)
    HAL_SPI_Init                             0x08001f6d   Thumb Code   220  stm32l4xx_hal_spi.o(.text.HAL_SPI_Init)
    HAL_SPI_MspInit                          0x08002049   Thumb Code   230  spi.o(.text.HAL_SPI_MspInit)
    HAL_TIMEx_Break2Callback                 0x08002131   Thumb Code     2  stm32l4xx_hal_tim_ex.o(.text.HAL_TIMEx_Break2Callback)
    HAL_TIMEx_BreakCallback                  0x08002135   Thumb Code     2  stm32l4xx_hal_tim_ex.o(.text.HAL_TIMEx_BreakCallback)
    HAL_TIMEx_CommutCallback                 0x08002139   Thumb Code     2  stm32l4xx_hal_tim_ex.o(.text.HAL_TIMEx_CommutCallback)
    HAL_TIMEx_ConfigBreakDeadTime            0x0800213d   Thumb Code   152  stm32l4xx_hal_tim_ex.o(.text.HAL_TIMEx_ConfigBreakDeadTime)
    HAL_TIMEx_MasterConfigSynchronization    0x080021d5   Thumb Code   104  stm32l4xx_hal_tim_ex.o(.text.HAL_TIMEx_MasterConfigSynchronization)
    HAL_TIM_Base_Init                        0x0800223d   Thumb Code   226  stm32l4xx_hal_tim.o(.text.HAL_TIM_Base_Init)
    HAL_TIM_Base_MspInit                     0x08002321   Thumb Code   256  tim.o(.text.HAL_TIM_Base_MspInit)
    HAL_TIM_Base_Start_IT                    0x08002421   Thumb Code    96  stm32l4xx_hal_tim.o(.text.HAL_TIM_Base_Start_IT)
    HAL_TIM_ConfigClockSource                0x08002481   Thumb Code   412  stm32l4xx_hal_tim.o(.text.HAL_TIM_ConfigClockSource)
    HAL_TIM_IC_CaptureCallback               0x0800261d   Thumb Code     2  stm32l4xx_hal_tim.o(.text.HAL_TIM_IC_CaptureCallback)
    HAL_TIM_IRQHandler                       0x08002621   Thumb Code   396  stm32l4xx_hal_tim.o(.text.HAL_TIM_IRQHandler)
    HAL_TIM_MspPostInit                      0x080027ad   Thumb Code   340  tim.o(.text.HAL_TIM_MspPostInit)
    HAL_TIM_OC_DelayElapsedCallback          0x08002901   Thumb Code     2  stm32l4xx_hal_tim.o(.text.HAL_TIM_OC_DelayElapsedCallback)
    HAL_TIM_PWM_ConfigChannel                0x08002905   Thumb Code   936  stm32l4xx_hal_tim.o(.text.HAL_TIM_PWM_ConfigChannel)
    HAL_TIM_PWM_Init                         0x08002cad   Thumb Code   226  stm32l4xx_hal_tim.o(.text.HAL_TIM_PWM_Init)
    HAL_TIM_PWM_MspInit                      0x08002d91   Thumb Code     2  stm32l4xx_hal_tim.o(.text.HAL_TIM_PWM_MspInit)
    HAL_TIM_PWM_PulseFinishedCallback        0x08002d95   Thumb Code     2  stm32l4xx_hal_tim.o(.text.HAL_TIM_PWM_PulseFinishedCallback)
    HAL_TIM_PWM_Start                        0x08002d99   Thumb Code   290  stm32l4xx_hal_tim.o(.text.HAL_TIM_PWM_Start)
    HAL_TIM_PeriodElapsedCallback            0x08002ebd   Thumb Code    20  main.o(.text.HAL_TIM_PeriodElapsedCallback)
    HAL_TIM_TriggerCallback                  0x08002ed1   Thumb Code     2  stm32l4xx_hal_tim.o(.text.HAL_TIM_TriggerCallback)
    HAL_UARTEx_RxEventCallback               0x08002ed5   Thumb Code     2  stm32l4xx_hal_uart.o(.text.HAL_UARTEx_RxEventCallback)
    HAL_UARTEx_WakeupCallback                0x08002ed9   Thumb Code     2  stm32l4xx_hal_uart_ex.o(.text.HAL_UARTEx_WakeupCallback)
    HAL_UART_ErrorCallback                   0x08002edd   Thumb Code     2  stm32l4xx_hal_uart.o(.text.HAL_UART_ErrorCallback)
    HAL_UART_IRQHandler                      0x08002ee1   Thumb Code  1534  stm32l4xx_hal_uart.o(.text.HAL_UART_IRQHandler)
    HAL_UART_Init                            0x080034e1   Thumb Code   194  stm32l4xx_hal_uart.o(.text.HAL_UART_Init)
    HAL_UART_MspInit                         0x080035a5   Thumb Code   676  usart.o(.text.HAL_UART_MspInit)
    HAL_UART_TxCpltCallback                  0x08003849   Thumb Code     2  stm32l4xx_hal_uart.o(.text.HAL_UART_TxCpltCallback)
    HardFault_Handler                        0x0800384d   Thumb Code     2  stm32l4xx_it.o(.text.HardFault_Handler)
    LL_EXTI_Init                             0x08003851   Thumb Code   412  stm32l4xx_ll_exti.o(.text.LL_EXTI_Init)
    LL_GPIO_Init                             0x080039ed   Thumb Code   226  stm32l4xx_ll_gpio.o(.text.LL_GPIO_Init)
    MX_CAN1_Init                             0x08003ad5   Thumb Code    64  can.o(.text.MX_CAN1_Init)
    MX_DMA_Init                              0x08003b15   Thumb Code   116  dma.o(.text.MX_DMA_Init)
    MX_FREERTOS_Init                         0x08003b89   Thumb Code    64  freertos.o(.text.MX_FREERTOS_Init)
    MX_GPIO_Init                             0x08003bc9   Thumb Code   486  gpio.o(.text.MX_GPIO_Init)
    MX_I2C3_Init                             0x08003db5   Thumb Code   108  i2c.o(.text.MX_I2C3_Init)
    MX_SPI1_Init                             0x08003e21   Thumb Code    80  spi.o(.text.MX_SPI1_Init)
    MX_SPI2_Init                             0x08003e71   Thumb Code    78  spi.o(.text.MX_SPI2_Init)
    MX_TIM15_Init                            0x08003ec1   Thumb Code   288  tim.o(.text.MX_TIM15_Init)
    MX_TIM16_Init                            0x08003fe1   Thumb Code   180  tim.o(.text.MX_TIM16_Init)
    MX_TIM1_Init                             0x08004095   Thumb Code   350  tim.o(.text.MX_TIM1_Init)
    MX_TIM2_Init                             0x080041f5   Thumb Code   254  tim.o(.text.MX_TIM2_Init)
    MX_TIM6_Init                             0x080042f5   Thumb Code    80  tim.o(.text.MX_TIM6_Init)
    MX_USART1_UART_Init                      0x08004345   Thumb Code    64  usart.o(.text.MX_USART1_UART_Init)
    MX_USART2_UART_Init                      0x08004385   Thumb Code    64  usart.o(.text.MX_USART2_UART_Init)
    MX_USART3_UART_Init                      0x080043c5   Thumb Code    72  usart.o(.text.MX_USART3_UART_Init)
    MemManage_Handler                        0x0800440d   Thumb Code     2  stm32l4xx_it.o(.text.MemManage_Handler)
    NMI_Handler                              0x08004411   Thumb Code     2  stm32l4xx_it.o(.text.NMI_Handler)
    PendSV_Handler                           0x08004421   Thumb Code   100  port.o(.text.PendSV_Handler)
    RGB_Task                                 0x08004609   Thumb Code   150  bsptask.o(.text.RGB_Task)
    SVC_Handler                              0x080046a1   Thumb Code    36  port.o(.text.SVC_Handler)
    StartDefaultTask                         0x080046d1   Thumb Code    36  freertos.o(.text.StartDefaultTask)
    SysTick_Handler                          0x080046f5   Thumb Code    46  port.o(.text.SysTick_Handler)
    SystemInit                               0x08004725   Thumb Code    18  system_stm32l4xx.o(.text.SystemInit)
    TIM6_DAC_IRQHandler                      0x08004739   Thumb Code    12  stm32l4xx_it.o(.text.TIM6_DAC_IRQHandler)
    TIM7_IRQHandler                          0x08004745   Thumb Code    12  stm32l4xx_it.o(.text.TIM7_IRQHandler)
    Task_Init                                0x08004751   Thumb Code    60  mytasklist.o(.text.Task_Init)
    UART_AdvFeatureConfig                    0x0800478d   Thumb Code   232  stm32l4xx_hal_uart.o(.text.UART_AdvFeatureConfig)
    UART_SetConfig                           0x08004885   Thumb Code   544  stm32l4xx_hal_uart.o(.text.UART_SetConfig)
    UART_WaitOnFlagUntilTimeout              0x08004ab5   Thumb Code   526  stm32l4xx_hal_uart.o(.text.UART_WaitOnFlagUntilTimeout)
    USART3_IRQHandler                        0x08004cc5   Thumb Code    12  stm32l4xx_it.o(.text.USART3_IRQHandler)
    UsageFault_Handler                       0x08004cd1   Thumb Code     2  stm32l4xx_it.o(.text.UsageFault_Handler)
    main                                     0x08004cd5   Thumb Code   302  main.o(.text.main)
    osDelay                                  0x08004e05   Thumb Code    16  cmsis_os.o(.text.osDelay)
    osKernelStart                            0x08004e15   Thumb Code    10  cmsis_os.o(.text.osKernelStart)
    osThreadCreate                           0x08004e21   Thumb Code    92  cmsis_os.o(.text.osThreadCreate)
    pvPortMalloc                             0x08005181   Thumb Code   522  heap_4.o(.text.pvPortMalloc)
    pxPortInitialiseStack                    0x0800538d   Thumb Code    40  port.o(.text.pxPortInitialiseStack)
    uxListRemove                             0x080053b5   Thumb Code    36  list.o(.text.uxListRemove)
    vApplicationGetIdleTaskMemory            0x080053d9   Thumb Code    26  freertos.o(.text.vApplicationGetIdleTaskMemory)
    vListInitialise                          0x080053f5   Thumb Code    22  list.o(.text.vListInitialise)
    vListInitialiseItem                      0x0800540d   Thumb Code     6  list.o(.text.vListInitialiseItem)
    vListInsert                              0x08005415   Thumb Code    98  list.o(.text.vListInsert)
    vListInsertEnd                           0x08005479   Thumb Code    28  list.o(.text.vListInsertEnd)
    vPortEnterCritical                       0x080054a9   Thumb Code    70  port.o(.text.vPortEnterCritical)
    vPortExitCritical                        0x080054f1   Thumb Code    46  port.o(.text.vPortExitCritical)
    vPortFree                                0x08005521   Thumb Code   212  heap_4.o(.text.vPortFree)
    vPortSetupTimerInterrupt                 0x080055f5   Thumb Code    52  port.o(.text.vPortSetupTimerInterrupt)
    vTaskDelay                               0x08005629   Thumb Code   158  tasks.o(.text.vTaskDelay)
    vTaskStartScheduler                      0x080056c9   Thumb Code   196  tasks.o(.text.vTaskStartScheduler)
    vTaskSuspendAll                          0x08005795   Thumb Code    16  tasks.o(.text.vTaskSuspendAll)
    vTaskSwitchContext                       0x080057a5   Thumb Code   110  tasks.o(.text.vTaskSwitchContext)
    xPortStartScheduler                      0x08005815   Thumb Code   388  port.o(.text.xPortStartScheduler)
    xTaskCreate                              0x08005999   Thumb Code    96  tasks.o(.text.xTaskCreate)
    xTaskCreateStatic                        0x080059f9   Thumb Code   118  tasks.o(.text.xTaskCreateStatic)
    xTaskIncrementTick                       0x08005a71   Thumb Code   262  tasks.o(.text.xTaskIncrementTick)
    xTaskResumeAll                           0x08005b79   Thumb Code   234  tasks.o(.text.xTaskResumeAll)
    _fp_init                                 0x08005c63   Thumb Code    26  fpinit.o(x$fpl$fpinit)
    __fplib_config_fpu_vfp                   0x08005c7b   Thumb Code     0  fpinit.o(x$fpl$fpinit)
    __fplib_config_pureend_doubles           0x08005c7b   Thumb Code     0  fpinit.o(x$fpl$fpinit)
    AHBPrescTable                            0x08005cb4   Data          16  system_stm32l4xx.o(.rodata.AHBPrescTable)
    APBPrescTable                            0x08005cc4   Data           8  system_stm32l4xx.o(.rodata.APBPrescTable)
    MSIRangeTable                            0x08005ccc   Data          48  system_stm32l4xx.o(.rodata.MSIRangeTable)
    Region$$Table$$Base                      0x08005d20   Number         0  anon$$obj.o(Region$$Table)
    Region$$Table$$Limit                     0x08005d40   Number         0  anon$$obj.o(Region$$Table)
    uwTickFreq                               0x20000000   Data           1  stm32l4xx_hal.o(.data..L_MergedGlobals)
    uwTickPrio                               0x20000004   Data           4  stm32l4xx_hal.o(.data..L_MergedGlobals)
    SystemCoreClock                          0x20000008   Data           4  system_stm32l4xx.o(.data.SystemCoreClock)
    __libspace_start                         0x20000010   Data          96  libspace.o(.bss)
    __temporary_stack_top$libspace           0x20000070   Data           0  libspace.o(.bss)
    pxCurrentTCB                             0x20000070   Data           4  tasks.o(.bss..L_MergedGlobals)
    Power                                    0x20000138   Data           1  main.o(.bss.Power)
    RGBTaskHandle                            0x2000013c   Data           4  mytasklist.o(.bss.RGBTaskHandle)
    defaultTaskHandle                        0x20000140   Data           4  freertos.o(.bss.defaultTaskHandle)
    hcan1                                    0x20000144   Data          40  can.o(.bss.hcan1)
    hdma_usart1_rx                           0x2000016c   Data          72  usart.o(.bss.hdma_usart1_rx)
    hdma_usart1_tx                           0x200001b4   Data          72  usart.o(.bss.hdma_usart1_tx)
    hdma_usart2_rx                           0x200001fc   Data          72  usart.o(.bss.hdma_usart2_rx)
    hdma_usart2_tx                           0x20000244   Data          72  usart.o(.bss.hdma_usart2_tx)
    hdma_usart3_rx                           0x2000028c   Data          72  usart.o(.bss.hdma_usart3_rx)
    hi2c3                                    0x200002d4   Data          84  i2c.o(.bss.hi2c3)
    hspi1                                    0x20000328   Data         100  spi.o(.bss.hspi1)
    hspi2                                    0x2000038c   Data         100  spi.o(.bss.hspi2)
    htim1                                    0x200003f0   Data          76  tim.o(.bss.htim1)
    htim15                                   0x2000043c   Data          76  tim.o(.bss.htim15)
    htim16                                   0x20000488   Data          76  tim.o(.bss.htim16)
    htim2                                    0x200004d4   Data          76  tim.o(.bss.htim2)
    htim6                                    0x20000520   Data          76  tim.o(.bss.htim6)
    htim7                                    0x2000056c   Data          76  stm32l4xx_hal_timebase_tim.o(.bss.htim7)
    huart1                                   0x200005b8   Data         132  usart.o(.bss.huart1)
    huart2                                   0x2000063c   Data         132  usart.o(.bss.huart2)
    huart3                                   0x200006c0   Data         132  usart.o(.bss.huart3)
    uwTick                                   0x200057d0   Data           4  stm32l4xx_hal.o(.bss.uwTick)



==============================================================================

Memory Map of the image

  Image Entry point : 0x0800018d

  Load Region LR_IROM1 (Base: 0x08000000, Size: 0x00005d50, Max: 0x00040000, ABSOLUTE)

    Execution Region ER_IROM1 (Exec base: 0x08000000, Load base: 0x08000000, Size: 0x00005d40, Max: 0x00040000, ABSOLUTE)

    Exec Addr    Load Addr    Size         Type   Attr      Idx    E Section Name        Object

    0x08000000   0x08000000   0x0000018c   Data   RO            3    RESET               startup_stm32l431xx.o
    0x0800018c   0x0800018c   0x00000008   Code   RO         3796  * !!!main             c_w.l(__main.o)
    0x08000194   0x08000194   0x00000034   Code   RO         4127    !!!scatter          c_w.l(__scatter.o)
    0x080001c8   0x080001c8   0x0000001a   Code   RO         4129    !!handler_copy      c_w.l(__scatter_copy.o)
    0x080001e2   0x080001e2   0x00000002   PAD
    0x080001e4   0x080001e4   0x0000001c   Code   RO         4131    !!handler_zi        c_w.l(__scatter_zi.o)
    0x08000200   0x08000200   0x00000002   Code   RO         3992    .ARM.Collect$$libinit$$00000000  c_w.l(libinit.o)
    0x08000202   0x08000202   0x00000004   Code   RO         4001    .ARM.Collect$$libinit$$00000001  c_w.l(libinit2.o)
    0x08000206   0x08000206   0x00000000   Code   RO         4004    .ARM.Collect$$libinit$$00000004  c_w.l(libinit2.o)
    0x08000206   0x08000206   0x00000000   Code   RO         4006    .ARM.Collect$$libinit$$00000006  c_w.l(libinit2.o)
    0x08000206   0x08000206   0x00000000   Code   RO         4009    .ARM.Collect$$libinit$$0000000C  c_w.l(libinit2.o)
    0x08000206   0x08000206   0x00000000   Code   RO         4011    .ARM.Collect$$libinit$$0000000E  c_w.l(libinit2.o)
    0x08000206   0x08000206   0x00000000   Code   RO         4013    .ARM.Collect$$libinit$$00000010  c_w.l(libinit2.o)
    0x08000206   0x08000206   0x00000000   Code   RO         4016    .ARM.Collect$$libinit$$00000013  c_w.l(libinit2.o)
    0x08000206   0x08000206   0x00000000   Code   RO         4018    .ARM.Collect$$libinit$$00000015  c_w.l(libinit2.o)
    0x08000206   0x08000206   0x00000000   Code   RO         4020    .ARM.Collect$$libinit$$00000017  c_w.l(libinit2.o)
    0x08000206   0x08000206   0x00000000   Code   RO         4022    .ARM.Collect$$libinit$$00000019  c_w.l(libinit2.o)
    0x08000206   0x08000206   0x00000000   Code   RO         4024    .ARM.Collect$$libinit$$0000001B  c_w.l(libinit2.o)
    0x08000206   0x08000206   0x00000000   Code   RO         4026    .ARM.Collect$$libinit$$0000001D  c_w.l(libinit2.o)
    0x08000206   0x08000206   0x00000000   Code   RO         4028    .ARM.Collect$$libinit$$0000001F  c_w.l(libinit2.o)
    0x08000206   0x08000206   0x00000000   Code   RO         4030    .ARM.Collect$$libinit$$00000021  c_w.l(libinit2.o)
    0x08000206   0x08000206   0x00000000   Code   RO         4032    .ARM.Collect$$libinit$$00000023  c_w.l(libinit2.o)
    0x08000206   0x08000206   0x00000000   Code   RO         4034    .ARM.Collect$$libinit$$00000025  c_w.l(libinit2.o)
    0x08000206   0x08000206   0x00000000   Code   RO         4036    .ARM.Collect$$libinit$$00000027  c_w.l(libinit2.o)
    0x08000206   0x08000206   0x00000000   Code   RO         4040    .ARM.Collect$$libinit$$0000002E  c_w.l(libinit2.o)
    0x08000206   0x08000206   0x00000000   Code   RO         4042    .ARM.Collect$$libinit$$00000030  c_w.l(libinit2.o)
    0x08000206   0x08000206   0x00000000   Code   RO         4044    .ARM.Collect$$libinit$$00000032  c_w.l(libinit2.o)
    0x08000206   0x08000206   0x00000000   Code   RO         4046    .ARM.Collect$$libinit$$00000034  c_w.l(libinit2.o)
    0x08000206   0x08000206   0x00000002   Code   RO         4047    .ARM.Collect$$libinit$$00000035  c_w.l(libinit2.o)
    0x08000208   0x08000208   0x00000002   Code   RO         4082    .ARM.Collect$$libshutdown$$00000000  c_w.l(libshutdown.o)
    0x0800020a   0x0800020a   0x00000000   Code   RO         4110    .ARM.Collect$$libshutdown$$00000002  c_w.l(libshutdown2.o)
    0x0800020a   0x0800020a   0x00000000   Code   RO         4112    .ARM.Collect$$libshutdown$$00000004  c_w.l(libshutdown2.o)
    0x0800020a   0x0800020a   0x00000000   Code   RO         4115    .ARM.Collect$$libshutdown$$00000007  c_w.l(libshutdown2.o)
    0x0800020a   0x0800020a   0x00000000   Code   RO         4118    .ARM.Collect$$libshutdown$$0000000A  c_w.l(libshutdown2.o)
    0x0800020a   0x0800020a   0x00000000   Code   RO         4120    .ARM.Collect$$libshutdown$$0000000C  c_w.l(libshutdown2.o)
    0x0800020a   0x0800020a   0x00000000   Code   RO         4123    .ARM.Collect$$libshutdown$$0000000F  c_w.l(libshutdown2.o)
    0x0800020a   0x0800020a   0x00000002   Code   RO         4124    .ARM.Collect$$libshutdown$$00000010  c_w.l(libshutdown2.o)
    0x0800020c   0x0800020c   0x00000000   Code   RO         3885    .ARM.Collect$$rtentry$$00000000  c_w.l(__rtentry.o)
    0x0800020c   0x0800020c   0x00000000   Code   RO         3953    .ARM.Collect$$rtentry$$00000002  c_w.l(__rtentry2.o)
    0x0800020c   0x0800020c   0x00000006   Code   RO         3965    .ARM.Collect$$rtentry$$00000004  c_w.l(__rtentry4.o)
    0x08000212   0x08000212   0x00000000   Code   RO         3955    .ARM.Collect$$rtentry$$00000009  c_w.l(__rtentry2.o)
    0x08000212   0x08000212   0x00000004   Code   RO         3956    .ARM.Collect$$rtentry$$0000000A  c_w.l(__rtentry2.o)
    0x08000216   0x08000216   0x00000000   Code   RO         3958    .ARM.Collect$$rtentry$$0000000C  c_w.l(__rtentry2.o)
    0x08000216   0x08000216   0x00000008   Code   RO         3959    .ARM.Collect$$rtentry$$0000000D  c_w.l(__rtentry2.o)
    0x0800021e   0x0800021e   0x00000002   Code   RO         3993    .ARM.Collect$$rtexit$$00000000  c_w.l(rtexit.o)
    0x08000220   0x08000220   0x00000000   Code   RO         4053    .ARM.Collect$$rtexit$$00000002  c_w.l(rtexit2.o)
    0x08000220   0x08000220   0x00000004   Code   RO         4054    .ARM.Collect$$rtexit$$00000003  c_w.l(rtexit2.o)
    0x08000224   0x08000224   0x00000006   Code   RO         4055    .ARM.Collect$$rtexit$$00000004  c_w.l(rtexit2.o)
    0x0800022a   0x0800022a   0x00000002   PAD
    0x0800022c   0x0800022c   0x00000040   Code   RO            4    .text               startup_stm32l431xx.o
    0x0800026c   0x0800026c   0x000000f0   Code   RO         3780    .text               c_w.l(lludivv7m.o)
    0x0800035c   0x0800035c   0x0000004e   Code   RO         3792    .text               c_w.l(rt_memclr_w.o)
    0x080003aa   0x080003aa   0x00000006   Code   RO         3794    .text               c_w.l(heapauxi.o)
    0x080003b0   0x080003b0   0x00000008   Code   RO         3976    .text               c_w.l(libspace.o)
    0x080003b8   0x080003b8   0x0000004a   Code   RO         3979    .text               c_w.l(sys_stackheap_outer.o)
    0x08000402   0x08000402   0x00000012   Code   RO         3981    .text               c_w.l(exit.o)
    0x08000414   0x08000414   0x0000000c   Code   RO         4048    .text               c_w.l(sys_exit.o)
    0x08000420   0x08000420   0x00000002   Code   RO         4071    .text               c_w.l(use_no_semi.o)
    0x08000422   0x08000422   0x00000000   Code   RO         4073    .text               c_w.l(indicate_semi.o)
    0x08000422   0x08000422   0x00000002   PAD
    0x08000424   0x08000424   0x00000002   Code   RO          175    .text.BusFault_Handler  stm32l4xx_it.o
    0x08000426   0x08000426   0x00000002   PAD
    0x08000428   0x08000428   0x0000000c   Code   RO          191    .text.CAN1_RX0_IRQHandler  stm32l4xx_it.o
    0x08000434   0x08000434   0x0000000c   Code   RO          193    .text.CAN1_RX1_IRQHandler  stm32l4xx_it.o
    0x08000440   0x08000440   0x0000000c   Code   RO          181    .text.DMA1_Channel3_IRQHandler  stm32l4xx_it.o
    0x0800044c   0x0800044c   0x0000000c   Code   RO          183    .text.DMA1_Channel4_IRQHandler  stm32l4xx_it.o
    0x08000458   0x08000458   0x0000000c   Code   RO          185    .text.DMA1_Channel5_IRQHandler  stm32l4xx_it.o
    0x08000464   0x08000464   0x0000000c   Code   RO          187    .text.DMA1_Channel6_IRQHandler  stm32l4xx_it.o
    0x08000470   0x08000470   0x0000000c   Code   RO          189    .text.DMA1_Channel7_IRQHandler  stm32l4xx_it.o
    0x0800047c   0x0800047c   0x00000002   Code   RO          179    .text.DebugMon_Handler  stm32l4xx_it.o
    0x0800047e   0x0800047e   0x00000002   PAD
    0x08000480   0x08000480   0x00000022   Code   RO          197    .text.EXTI15_10_IRQHandler  stm32l4xx_it.o
    0x080004a2   0x080004a2   0x00000002   PAD
    0x080004a4   0x080004a4   0x0000000a   Code   RO           15    .text.Error_Handler  main.o
    0x080004ae   0x080004ae   0x00000002   PAD
    0x080004b0   0x080004b0   0x00000002   Code   RO          350    .text.HAL_CAN_ErrorCallback  stm32l4xx_hal_can.o
    0x080004b2   0x080004b2   0x00000002   PAD
    0x080004b4   0x080004b4   0x0000026e   Code   RO          324    .text.HAL_CAN_IRQHandler  stm32l4xx_hal_can.o
    0x08000722   0x08000722   0x00000002   PAD
    0x08000724   0x08000724   0x000000f4   Code   RO          286    .text.HAL_CAN_Init  stm32l4xx_hal_can.o
    0x08000818   0x08000818   0x0000008c   Code   RO           59    .text.HAL_CAN_MspInit  can.o
    0x080008a4   0x080008a4   0x00000002   Code   RO          338    .text.HAL_CAN_RxFifo0FullCallback  stm32l4xx_hal_can.o
    0x080008a6   0x080008a6   0x00000002   PAD
    0x080008a8   0x080008a8   0x00000002   Code   RO          340    .text.HAL_CAN_RxFifo0MsgPendingCallback  stm32l4xx_hal_can.o
    0x080008aa   0x080008aa   0x00000002   PAD
    0x080008ac   0x080008ac   0x00000002   Code   RO          342    .text.HAL_CAN_RxFifo1FullCallback  stm32l4xx_hal_can.o
    0x080008ae   0x080008ae   0x00000002   PAD
    0x080008b0   0x080008b0   0x00000002   Code   RO          344    .text.HAL_CAN_RxFifo1MsgPendingCallback  stm32l4xx_hal_can.o
    0x080008b2   0x080008b2   0x00000002   PAD
    0x080008b4   0x080008b4   0x00000002   Code   RO          346    .text.HAL_CAN_SleepCallback  stm32l4xx_hal_can.o
    0x080008b6   0x080008b6   0x00000002   PAD
    0x080008b8   0x080008b8   0x00000002   Code   RO          328    .text.HAL_CAN_TxMailbox0AbortCallback  stm32l4xx_hal_can.o
    0x080008ba   0x080008ba   0x00000002   PAD
    0x080008bc   0x080008bc   0x00000002   Code   RO          326    .text.HAL_CAN_TxMailbox0CompleteCallback  stm32l4xx_hal_can.o
    0x080008be   0x080008be   0x00000002   PAD
    0x080008c0   0x080008c0   0x00000002   Code   RO          332    .text.HAL_CAN_TxMailbox1AbortCallback  stm32l4xx_hal_can.o
    0x080008c2   0x080008c2   0x00000002   PAD
    0x080008c4   0x080008c4   0x00000002   Code   RO          330    .text.HAL_CAN_TxMailbox1CompleteCallback  stm32l4xx_hal_can.o
    0x080008c6   0x080008c6   0x00000002   PAD
    0x080008c8   0x080008c8   0x00000002   Code   RO          336    .text.HAL_CAN_TxMailbox2AbortCallback  stm32l4xx_hal_can.o
    0x080008ca   0x080008ca   0x00000002   PAD
    0x080008cc   0x080008cc   0x00000002   Code   RO          334    .text.HAL_CAN_TxMailbox2CompleteCallback  stm32l4xx_hal_can.o
    0x080008ce   0x080008ce   0x00000002   PAD
    0x080008d0   0x080008d0   0x00000002   Code   RO          348    .text.HAL_CAN_WakeUpFromRxMsgCallback  stm32l4xx_hal_can.o
    0x080008d2   0x080008d2   0x00000002   PAD
    0x080008d4   0x080008d4   0x0000004a   Code   RO          810    .text.HAL_DMA_Abort  stm32l4xx_hal_dma.o
    0x0800091e   0x0800091e   0x00000002   PAD
    0x08000920   0x08000920   0x00000058   Code   RO          812    .text.HAL_DMA_Abort_IT  stm32l4xx_hal_dma.o
    0x08000978   0x08000978   0x000000aa   Code   RO          816    .text.HAL_DMA_IRQHandler  stm32l4xx_hal_dma.o
    0x08000a22   0x08000a22   0x00000002   PAD
    0x08000a24   0x08000a24   0x000000cc   Code   RO          802    .text.HAL_DMA_Init  stm32l4xx_hal_dma.o
    0x08000af0   0x08000af0   0x000001e0   Code   RO          778    .text.HAL_GPIO_Init  stm32l4xx_hal_gpio.o
    0x08000cd0   0x08000cd0   0x0000000c   Code   RO          784    .text.HAL_GPIO_WritePin  stm32l4xx_hal_gpio.o
    0x08000cdc   0x08000cdc   0x0000000c   Code   RO          378    .text.HAL_GetTick   stm32l4xx_hal.o
    0x08000ce8   0x08000ce8   0x0000004a   Code   RO          598    .text.HAL_I2CEx_ConfigAnalogFilter  stm32l4xx_hal_i2c_ex.o
    0x08000d32   0x08000d32   0x00000002   PAD
    0x08000d34   0x08000d34   0x00000048   Code   RO          600    .text.HAL_I2CEx_ConfigDigitalFilter  stm32l4xx_hal_i2c_ex.o
    0x08000d7c   0x08000d7c   0x000000a2   Code   RO          446    .text.HAL_I2C_Init  stm32l4xx_hal_i2c.o
    0x08000e1e   0x08000e1e   0x00000002   PAD
    0x08000e20   0x08000e20   0x00000088   Code   RO           83    .text.HAL_I2C_MspInit  i2c.o
    0x08000ea8   0x08000ea8   0x0000001a   Code   RO          376    .text.HAL_IncTick   stm32l4xx_hal.o
    0x08000ec2   0x08000ec2   0x00000002   PAD
    0x08000ec4   0x08000ec4   0x0000001e   Code   RO          366    .text.HAL_Init      stm32l4xx_hal.o
    0x08000ee2   0x08000ee2   0x00000002   PAD
    0x08000ee4   0x08000ee4   0x000000bc   Code   RO          219    .text.HAL_InitTick  stm32l4xx_hal_timebase_tim.o
    0x08000fa0   0x08000fa0   0x0000003c   Code   RO          210    .text.HAL_MspInit   stm32l4xx_hal_msp.o
    0x08000fdc   0x08000fdc   0x00000020   Code   RO          945    .text.HAL_NVIC_EnableIRQ  stm32l4xx_hal_cortex.o
    0x08000ffc   0x08000ffc   0x00000056   Code   RO          943    .text.HAL_NVIC_SetPriority  stm32l4xx_hal_cortex.o
    0x08001052   0x08001052   0x00000002   PAD
    0x08001054   0x08001054   0x00000020   Code   RO          941    .text.HAL_NVIC_SetPriorityGrouping  stm32l4xx_hal_cortex.o
    0x08001074   0x08001074   0x0000008c   Code   RO          877    .text.HAL_PWREx_ControlVoltageScaling  stm32l4xx_hal_pwr_ex.o
    0x08001100   0x08001100   0x00000010   Code   RO          875    .text.HAL_PWREx_GetVoltageRange  stm32l4xx_hal_pwr_ex.o
    0x08001110   0x08001110   0x000002b0   Code   RO          654    .text.HAL_RCCEx_PeriphCLKConfig  stm32l4xx_hal_rcc_ex.o
    0x080013c0   0x080013c0   0x0000027a   Code   RO          624    .text.HAL_RCC_ClockConfig  stm32l4xx_hal_rcc.o
    0x0800163a   0x0800163a   0x00000002   PAD
    0x0800163c   0x0800163c   0x00000042   Code   RO          636    .text.HAL_RCC_GetClockConfig  stm32l4xx_hal_rcc.o
    0x0800167e   0x0800167e   0x00000002   PAD
    0x08001680   0x08001680   0x0000002a   Code   RO          630    .text.HAL_RCC_GetPCLK1Freq  stm32l4xx_hal_rcc.o
    0x080016aa   0x080016aa   0x00000002   PAD
    0x080016ac   0x080016ac   0x0000002a   Code   RO          632    .text.HAL_RCC_GetPCLK2Freq  stm32l4xx_hal_rcc.o
    0x080016d6   0x080016d6   0x00000002   PAD
    0x080016d8   0x080016d8   0x000000c2   Code   RO          622    .text.HAL_RCC_GetSysClockFreq  stm32l4xx_hal_rcc.o
    0x0800179a   0x0800179a   0x00000002   PAD
    0x0800179c   0x0800179c   0x000007d0   Code   RO          620    .text.HAL_RCC_OscConfig  stm32l4xx_hal_rcc.o
    0x08001f6c   0x08001f6c   0x000000dc   Code   RO         1013    .text.HAL_SPI_Init  stm32l4xx_hal_spi.o
    0x08002048   0x08002048   0x000000e6   Code   RO          100    .text.HAL_SPI_MspInit  spi.o
    0x0800212e   0x0800212e   0x00000002   PAD
    0x08002130   0x08002130   0x00000002   Code   RO         1449    .text.HAL_TIMEx_Break2Callback  stm32l4xx_hal_tim_ex.o
    0x08002132   0x08002132   0x00000002   PAD
    0x08002134   0x08002134   0x00000002   Code   RO         1447    .text.HAL_TIMEx_BreakCallback  stm32l4xx_hal_tim_ex.o
    0x08002136   0x08002136   0x00000002   PAD
    0x08002138   0x08002138   0x00000002   Code   RO         1443    .text.HAL_TIMEx_CommutCallback  stm32l4xx_hal_tim_ex.o
    0x0800213a   0x0800213a   0x00000002   PAD
    0x0800213c   0x0800213c   0x00000098   Code   RO         1435    .text.HAL_TIMEx_ConfigBreakDeadTime  stm32l4xx_hal_tim_ex.o
    0x080021d4   0x080021d4   0x00000068   Code   RO         1433    .text.HAL_TIMEx_MasterConfigSynchronization  stm32l4xx_hal_tim_ex.o
    0x0800223c   0x0800223c   0x000000e2   Code   RO         1138    .text.HAL_TIM_Base_Init  stm32l4xx_hal_tim.o
    0x0800231e   0x0800231e   0x00000002   PAD
    0x08002320   0x08002320   0x00000100   Code   RO          126    .text.HAL_TIM_Base_MspInit  tim.o
    0x08002420   0x08002420   0x00000060   Code   RO         1152    .text.HAL_TIM_Base_Start_IT  stm32l4xx_hal_tim.o
    0x08002480   0x08002480   0x0000019c   Code   RO         1318    .text.HAL_TIM_ConfigClockSource  stm32l4xx_hal_tim.o
    0x0800261c   0x0800261c   0x00000002   Code   RO         1274    .text.HAL_TIM_IC_CaptureCallback  stm32l4xx_hal_tim.o
    0x0800261e   0x0800261e   0x00000002   PAD
    0x08002620   0x08002620   0x0000018c   Code   RO         1272    .text.HAL_TIM_IRQHandler  stm32l4xx_hal_tim.o
    0x080027ac   0x080027ac   0x00000154   Code   RO          116    .text.HAL_TIM_MspPostInit  tim.o
    0x08002900   0x08002900   0x00000002   Code   RO         1276    .text.HAL_TIM_OC_DelayElapsedCallback  stm32l4xx_hal_tim.o
    0x08002902   0x08002902   0x00000002   PAD
    0x08002904   0x08002904   0x000003a8   Code   RO         1292    .text.HAL_TIM_PWM_ConfigChannel  stm32l4xx_hal_tim.o
    0x08002cac   0x08002cac   0x000000e2   Code   RO         1192    .text.HAL_TIM_PWM_Init  stm32l4xx_hal_tim.o
    0x08002d8e   0x08002d8e   0x00000002   PAD
    0x08002d90   0x08002d90   0x00000002   Code   RO         1194    .text.HAL_TIM_PWM_MspInit  stm32l4xx_hal_tim.o
    0x08002d92   0x08002d92   0x00000002   PAD
    0x08002d94   0x08002d94   0x00000002   Code   RO         1278    .text.HAL_TIM_PWM_PulseFinishedCallback  stm32l4xx_hal_tim.o
    0x08002d96   0x08002d96   0x00000002   PAD
    0x08002d98   0x08002d98   0x00000122   Code   RO         1200    .text.HAL_TIM_PWM_Start  stm32l4xx_hal_tim.o
    0x08002eba   0x08002eba   0x00000002   PAD
    0x08002ebc   0x08002ebc   0x00000014   Code   RO           17    .text.HAL_TIM_PeriodElapsedCallback  main.o
    0x08002ed0   0x08002ed0   0x00000002   Code   RO         1282    .text.HAL_TIM_TriggerCallback  stm32l4xx_hal_tim.o
    0x08002ed2   0x08002ed2   0x00000002   PAD
    0x08002ed4   0x08002ed4   0x00000002   Code   RO         1549    .text.HAL_UARTEx_RxEventCallback  stm32l4xx_hal_uart.o
    0x08002ed6   0x08002ed6   0x00000002   PAD
    0x08002ed8   0x08002ed8   0x00000002   Code   RO         1600    .text.HAL_UARTEx_WakeupCallback  stm32l4xx_hal_uart_ex.o
    0x08002eda   0x08002eda   0x00000002   PAD
    0x08002edc   0x08002edc   0x00000002   Code   RO         1547    .text.HAL_UART_ErrorCallback  stm32l4xx_hal_uart.o
    0x08002ede   0x08002ede   0x00000002   PAD
    0x08002ee0   0x08002ee0   0x000005fe   Code   RO         1543    .text.HAL_UART_IRQHandler  stm32l4xx_hal_uart.o
    0x080034de   0x080034de   0x00000002   PAD
    0x080034e0   0x080034e0   0x000000c2   Code   RO         1463    .text.HAL_UART_Init  stm32l4xx_hal_uart.o
    0x080035a2   0x080035a2   0x00000002   PAD
    0x080035a4   0x080035a4   0x000002a4   Code   RO          149    .text.HAL_UART_MspInit  usart.o
    0x08003848   0x08003848   0x00000002   Code   RO         1551    .text.HAL_UART_TxCpltCallback  stm32l4xx_hal_uart.o
    0x0800384a   0x0800384a   0x00000002   PAD
    0x0800384c   0x0800384c   0x00000002   Code   RO          171    .text.HardFault_Handler  stm32l4xx_it.o
    0x0800384e   0x0800384e   0x00000002   PAD
    0x08003850   0x08003850   0x0000019c   Code   RO          260    .text.LL_EXTI_Init  stm32l4xx_ll_exti.o
    0x080039ec   0x080039ec   0x000000e8   Code   RO          274    .text.LL_GPIO_Init  stm32l4xx_ll_gpio.o
    0x08003ad4   0x08003ad4   0x00000040   Code   RO           57    .text.MX_CAN1_Init  can.o
    0x08003b14   0x08003b14   0x00000074   Code   RO           72    .text.MX_DMA_Init   dma.o
    0x08003b88   0x08003b88   0x00000040   Code   RO           40    .text.MX_FREERTOS_Init  freertos.o
    0x08003bc8   0x08003bc8   0x000001ec   Code   RO           29    .text.MX_GPIO_Init  gpio.o
    0x08003db4   0x08003db4   0x0000006c   Code   RO           81    .text.MX_I2C3_Init  i2c.o
    0x08003e20   0x08003e20   0x00000050   Code   RO           96    .text.MX_SPI1_Init  spi.o
    0x08003e70   0x08003e70   0x0000004e   Code   RO           98    .text.MX_SPI2_Init  spi.o
    0x08003ebe   0x08003ebe   0x00000002   PAD
    0x08003ec0   0x08003ec0   0x00000120   Code   RO          122    .text.MX_TIM15_Init  tim.o
    0x08003fe0   0x08003fe0   0x000000b4   Code   RO          124    .text.MX_TIM16_Init  tim.o
    0x08004094   0x08004094   0x0000015e   Code   RO          114    .text.MX_TIM1_Init  tim.o
    0x080041f2   0x080041f2   0x00000002   PAD
    0x080041f4   0x080041f4   0x000000fe   Code   RO          118    .text.MX_TIM2_Init  tim.o
    0x080042f2   0x080042f2   0x00000002   PAD
    0x080042f4   0x080042f4   0x00000050   Code   RO          120    .text.MX_TIM6_Init  tim.o
    0x08004344   0x08004344   0x00000040   Code   RO          143    .text.MX_USART1_UART_Init  usart.o
    0x08004384   0x08004384   0x00000040   Code   RO          145    .text.MX_USART2_UART_Init  usart.o
    0x080043c4   0x080043c4   0x00000048   Code   RO          147    .text.MX_USART3_UART_Init  usart.o
    0x0800440c   0x0800440c   0x00000002   Code   RO          173    .text.MemManage_Handler  stm32l4xx_it.o
    0x0800440e   0x0800440e   0x00000002   PAD
    0x08004410   0x08004410   0x00000002   Code   RO          169    .text.NMI_Handler   stm32l4xx_it.o
    0x08004412   0x08004412   0x0000000e   PAD
    0x08004420   0x08004420   0x0000007a   Code   RO         2052    .text.PendSV_Handler  port.o
    0x0800449a   0x0800449a   0x00000002   PAD
    0x0800449c   0x0800449c   0x0000016a   Code   RO          656    .text.RCCEx_PLLSAI1_Config  stm32l4xx_hal_rcc_ex.o
    0x08004606   0x08004606   0x00000002   PAD
    0x08004608   0x08004608   0x00000096   Code   RO         2079    .text.RGB_Task      bsptask.o
    0x0800469e   0x0800469e   0x00000002   PAD
    0x080046a0   0x080046a0   0x0000002e   Code   RO         2036    .text.SVC_Handler   port.o
    0x080046ce   0x080046ce   0x00000002   PAD
    0x080046d0   0x080046d0   0x00000024   Code   RO           42    .text.StartDefaultTask  freertos.o
    0x080046f4   0x080046f4   0x0000002e   Code   RO         2054    .text.SysTick_Handler  port.o
    0x08004722   0x08004722   0x00000002   PAD
    0x08004724   0x08004724   0x00000012   Code   RO         1628    .text.SystemInit    system_stm32l4xx.o
    0x08004736   0x08004736   0x00000002   PAD
    0x08004738   0x08004738   0x0000000c   Code   RO          199    .text.TIM6_DAC_IRQHandler  stm32l4xx_it.o
    0x08004744   0x08004744   0x0000000c   Code   RO          201    .text.TIM7_IRQHandler  stm32l4xx_it.o
    0x08004750   0x08004750   0x0000003c   Code   RO         2068    .text.Task_Init     mytasklist.o
    0x0800478c   0x0800478c   0x000000e8   Code   RO         1469    .text.UART_AdvFeatureConfig  stm32l4xx_hal_uart.o
    0x08004874   0x08004874   0x00000010   Code   RO         1545    .text.UART_DMAAbortOnError  stm32l4xx_hal_uart.o
    0x08004884   0x08004884   0x00000230   Code   RO         1467    .text.UART_SetConfig  stm32l4xx_hal_uart.o
    0x08004ab4   0x08004ab4   0x0000020e   Code   RO         1485    .text.UART_WaitOnFlagUntilTimeout  stm32l4xx_hal_uart.o
    0x08004cc2   0x08004cc2   0x00000002   PAD
    0x08004cc4   0x08004cc4   0x0000000c   Code   RO          195    .text.USART3_IRQHandler  stm32l4xx_it.o
    0x08004cd0   0x08004cd0   0x00000002   Code   RO          177    .text.UsageFault_Handler  stm32l4xx_it.o
    0x08004cd2   0x08004cd2   0x00000002   PAD
    0x08004cd4   0x08004cd4   0x0000012e   Code   RO           11    .text.main          main.o
    0x08004e02   0x08004e02   0x00000002   PAD
    0x08004e04   0x08004e04   0x00000010   Code   RO         1914    .text.osDelay       cmsis_os.o
    0x08004e14   0x08004e14   0x0000000a   Code   RO         1896    .text.osKernelStart  cmsis_os.o
    0x08004e1e   0x08004e1e   0x00000002   PAD
    0x08004e20   0x08004e20   0x0000005c   Code   RO         1902    .text.osThreadCreate  cmsis_os.o
    0x08004e7c   0x08004e7c   0x000000fc   Code   RO         1794    .text.prvAddNewTaskToReadyList  tasks.o
    0x08004f78   0x08004f78   0x00000086   Code   RO         1824    .text.prvIdleTask   tasks.o
    0x08004ffe   0x08004ffe   0x00000002   PAD
    0x08005000   0x08005000   0x00000118   Code   RO         1792    .text.prvInitialiseNewTask  tasks.o
    0x08005118   0x08005118   0x00000028   Code   RO         2044    .text.prvPortStartFirstTask  port.o
    0x08005140   0x08005140   0x0000003e   Code   RO         2034    .text.prvTaskExitError  port.o
    0x0800517e   0x0800517e   0x00000002   PAD
    0x08005180   0x08005180   0x0000020a   Code   RO         2010    .text.pvPortMalloc  heap_4.o
    0x0800538a   0x0800538a   0x00000002   PAD
    0x0800538c   0x0800538c   0x00000028   Code   RO         2032    .text.pxPortInitialiseStack  port.o
    0x080053b4   0x080053b4   0x00000024   Code   RO         1681    .text.uxListRemove  list.o
    0x080053d8   0x080053d8   0x0000001a   Code   RO           38    .text.vApplicationGetIdleTaskMemory  freertos.o
    0x080053f2   0x080053f2   0x00000002   PAD
    0x080053f4   0x080053f4   0x00000016   Code   RO         1673    .text.vListInitialise  list.o
    0x0800540a   0x0800540a   0x00000002   PAD
    0x0800540c   0x0800540c   0x00000006   Code   RO         1675    .text.vListInitialiseItem  list.o
    0x08005412   0x08005412   0x00000002   PAD
    0x08005414   0x08005414   0x00000062   Code   RO         1679    .text.vListInsert   list.o
    0x08005476   0x08005476   0x00000002   PAD
    0x08005478   0x08005478   0x0000001c   Code   RO         1677    .text.vListInsertEnd  list.o
    0x08005494   0x08005494   0x00000014   Code   RO         2042    .text.vPortEnableVFP  port.o
    0x080054a8   0x080054a8   0x00000046   Code   RO         2048    .text.vPortEnterCritical  port.o
    0x080054ee   0x080054ee   0x00000002   PAD
    0x080054f0   0x080054f0   0x0000002e   Code   RO         2050    .text.vPortExitCritical  port.o
    0x0800551e   0x0800551e   0x00000002   PAD
    0x08005520   0x08005520   0x000000d4   Code   RO         2012    .text.vPortFree     heap_4.o
    0x080055f4   0x080055f4   0x00000034   Code   RO         2040    .text.vPortSetupTimerInterrupt  port.o
    0x08005628   0x08005628   0x0000009e   Code   RO         1800    .text.vTaskDelay    tasks.o
    0x080056c6   0x080056c6   0x00000002   PAD
    0x080056c8   0x080056c8   0x000000cc   Code   RO         1822    .text.vTaskStartScheduler  tasks.o
    0x08005794   0x08005794   0x00000010   Code   RO         1802    .text.vTaskSuspendAll  tasks.o
    0x080057a4   0x080057a4   0x0000006e   Code   RO         1816    .text.vTaskSwitchContext  tasks.o
    0x08005812   0x08005812   0x00000002   PAD
    0x08005814   0x08005814   0x00000184   Code   RO         2038    .text.xPortStartScheduler  port.o
    0x08005998   0x08005998   0x00000060   Code   RO         1796    .text.xTaskCreate   tasks.o
    0x080059f8   0x080059f8   0x00000076   Code   RO         1790    .text.xTaskCreateStatic  tasks.o
    0x08005a6e   0x08005a6e   0x00000002   PAD
    0x08005a70   0x08005a70   0x00000106   Code   RO         1828    .text.xTaskIncrementTick  tasks.o
    0x08005b76   0x08005b76   0x00000002   PAD
    0x08005b78   0x08005b78   0x000000ea   Code   RO         1806    .text.xTaskResumeAll  tasks.o
    0x08005c62   0x08005c62   0x0000001a   Code   RO         4065    x$fpl$fpinit        fz_wm.l(fpinit.o)
    0x08005c7c   0x08005c7c   0x0000001c   Data   RO           47    .rodata..L__const.MX_FREERTOS_Init.os_thread_def_defaultTask  freertos.o
    0x08005c98   0x08005c98   0x0000001c   Data   RO         2071    .rodata..L__const.Task_Init.os_thread_def_RGBTask  mytasklist.o
    0x08005cb4   0x08005cb4   0x00000010   Data   RO         1633    .rodata.AHBPrescTable  system_stm32l4xx.o
    0x08005cc4   0x08005cc4   0x00000008   Data   RO         1634    .rodata.APBPrescTable  system_stm32l4xx.o
    0x08005ccc   0x08005ccc   0x00000030   Data   RO         1635    .rodata.MSIRangeTable  system_stm32l4xx.o
    0x08005cfc   0x08005cfc   0x00000010   Data   RO         1589    .rodata.cst16       stm32l4xx_hal_uart.o
    0x08005d0c   0x08005d0c   0x0000000c   Data   RO           46    .rodata.str1.1      freertos.o
    0x08005d18   0x08005d18   0x00000008   Data   RO         2070    .rodata.str1.1      mytasklist.o
    0x08005d20   0x08005d20   0x00000020   Data   RO         4126    Region$$Table       anon$$obj.o


    Execution Region RW_IRAM2 (Exec base: 0x10000000, Load base: 0x08005d50, Size: 0x00000000, Max: 0x00004000, ABSOLUTE)

    **** No section assigned to this execution region ****


    Execution Region RW_IRAM1 (Exec base: 0x20000000, Load base: 0x08005d40, Size: 0x00006028, Max: 0x0000c000, ABSOLUTE)

    Exec Addr    Load Addr    Size         Type   Attr      Idx    E Section Name        Object

    0x20000000   0x08005d40   0x00000008   Data   RW          437    .data..L_MergedGlobals  stm32l4xx_hal.o
    0x20000008   0x08005d48   0x00000004   Data   RW         1632    .data.SystemCoreClock  system_stm32l4xx.o
    0x2000000c   0x08005d4c   0x00000004   Data   RW         2058    .data.uxCriticalNesting  port.o
    0x20000010        -       0x00000060   Zero   RW         3977    .bss                c_w.l(libspace.o)
    0x20000070        -       0x00000078   Zero   RW         1885    .bss..L_MergedGlobals  tasks.o
    0x200000e8        -       0x00000020   Zero   RW         2023    .bss..L_MergedGlobals  heap_4.o
    0x20000108        -       0x00000008   Zero   RW         2059    .bss..L_MergedGlobals  port.o
    0x20000110        -       0x00000028   Zero   RW         1886    .bss..L_MergedGlobals.1  tasks.o
    0x20000138        -       0x00000001   Zero   RW           19    .bss.Power          main.o
    0x20000139   0x08005d50   0x00000003   PAD
    0x2000013c        -       0x00000004   Zero   RW         2072    .bss.RGBTaskHandle  mytasklist.o
    0x20000140        -       0x00000004   Zero   RW           48    .bss.defaultTaskHandle  freertos.o
    0x20000144        -       0x00000028   Zero   RW           63    .bss.hcan1          can.o
    0x2000016c        -       0x00000048   Zero   RW          156    .bss.hdma_usart1_rx  usart.o
    0x200001b4        -       0x00000048   Zero   RW          157    .bss.hdma_usart1_tx  usart.o
    0x200001fc        -       0x00000048   Zero   RW          159    .bss.hdma_usart2_rx  usart.o
    0x20000244        -       0x00000048   Zero   RW          158    .bss.hdma_usart2_tx  usart.o
    0x2000028c        -       0x00000048   Zero   RW          160    .bss.hdma_usart3_rx  usart.o
    0x200002d4        -       0x00000054   Zero   RW           87    .bss.hi2c3          i2c.o
    0x20000328        -       0x00000064   Zero   RW          104    .bss.hspi1          spi.o
    0x2000038c        -       0x00000064   Zero   RW          105    .bss.hspi2          spi.o
    0x200003f0        -       0x0000004c   Zero   RW          130    .bss.htim1          tim.o
    0x2000043c        -       0x0000004c   Zero   RW          133    .bss.htim15         tim.o
    0x20000488        -       0x0000004c   Zero   RW          134    .bss.htim16         tim.o
    0x200004d4        -       0x0000004c   Zero   RW          131    .bss.htim2          tim.o
    0x20000520        -       0x0000004c   Zero   RW          132    .bss.htim6          tim.o
    0x2000056c        -       0x0000004c   Zero   RW          225    .bss.htim7          stm32l4xx_hal_timebase_tim.o
    0x200005b8        -       0x00000084   Zero   RW          153    .bss.huart1         usart.o
    0x2000063c        -       0x00000084   Zero   RW          154    .bss.huart2         usart.o
    0x200006c0        -       0x00000084   Zero   RW          155    .bss.huart3         usart.o
    0x20000744        -       0x0000008c   Zero   RW         1884    .bss.pxReadyTasksLists  tasks.o
    0x200007d0        -       0x00005000   Zero   RW         2022    .bss.ucHeap         heap_4.o
    0x200057d0        -       0x00000004   Zero   RW          436    .bss.uwTick         stm32l4xx_hal.o
    0x200057d4        -       0x00000200   Zero   RW           45    .bss.xIdleStack     freertos.o
    0x200059d4        -       0x00000054   Zero   RW           44    .bss.xIdleTaskTCBBuffer  freertos.o
    0x20005a28        -       0x00000200   Zero   RW            2    HEAP                startup_stm32l431xx.o
    0x20005c28        -       0x00000400   Zero   RW            1    STACK               startup_stm32l431xx.o


==============================================================================

Image component sizes


      Code (inc. data)   RO Data    RW Data    ZI Data      Debug   Object Name

       150          0          0          0          0       2812   bsptask.o
       204          0          0          0         40       6074   can.o
       118          0          0          0          0      25533   cmsis_os.o
       116          0          0          0          0       3273   dma.o
       126          0         40          0        600       3520   freertos.o
       492          0          0          0          0       6992   gpio.o
       734          0          0          0      20512       5723   heap_4.o
       244          0          0          0         84       6277   i2c.o
       190          0          0          0          0       2342   list.o
       332          0          0          0          1       5774   main.o
        60          0         36          0          4       2134   mytasklist.o
       932         16          0          4          8       4116   port.o
       388          0          0          0        200       5418   spi.o
        64         26        396          0       1536        852   startup_stm32l431xx.o
        68          0          0          8          4       8533   stm32l4xx_hal.o
       892          6          0          0          0      13870   stm32l4xx_hal_can.o
       150          0          0          0          0      10168   stm32l4xx_hal_cortex.o
       536          0          0          0          0       7806   stm32l4xx_hal_dma.o
       492          0          0          0          0       5437   stm32l4xx_hal_gpio.o
       162          0          0          0          0      58633   stm32l4xx_hal_i2c.o
       146          0          0          0          0       6097   stm32l4xx_hal_i2c_ex.o
        60          0          0          0          0       3333   stm32l4xx_hal_msp.o
       156          0          0          0          0       8588   stm32l4xx_hal_pwr_ex.o
      2978          0          0          0          0      11984   stm32l4xx_hal_rcc.o
      1050          0          0          0          0      13831   stm32l4xx_hal_rcc_ex.o
       220          0          0          0          0      26239   stm32l4xx_hal_spi.o
      2592         24          0          0          0      60573   stm32l4xx_hal_tim.o
       262          0          0          0          0      22706   stm32l4xx_hal_tim_ex.o
       188          0          0          0         76       7108   stm32l4xx_hal_timebase_tim.o
      3068         48         16          0          0      35560   stm32l4xx_hal_uart.o
         2          0          0          0          0       8780   stm32l4xx_hal_uart_ex.o
       166          0          0          0          0       8930   stm32l4xx_it.o
       412         12          0          0          0       3590   stm32l4xx_ll_exti.o
       232          0          0          0          0       3990   stm32l4xx_ll_gpio.o
        18          0         72          4          0       2979   system_stm32l4xx.o
      1864          8          0          0        300      28425   tasks.o
      1748          0          0          0        380      10159   tim.o
       876          0          0          0        756       8882   usart.o

    ----------------------------------------------------------------------
     22654        140        592         16      24504     457041   Object Totals
         0          0         32          0          0          0   (incl. Generated)
       166          0          0          0          3          0   (incl. Padding)

    ----------------------------------------------------------------------

      Code (inc. data)   RO Data    RW Data    ZI Data      Debug   Library Member Name

         8          0          0          0          0         68   __main.o
         0          0          0          0          0          0   __rtentry.o
        12          0          0          0          0          0   __rtentry2.o
         6          0          0          0          0          0   __rtentry4.o
        52          8          0          0          0          0   __scatter.o
        26          0          0          0          0          0   __scatter_copy.o
        28          0          0          0          0          0   __scatter_zi.o
        18          0          0          0          0         80   exit.o
         6          0          0          0          0        152   heapauxi.o
         0          0          0          0          0          0   indicate_semi.o
         2          0          0          0          0          0   libinit.o
         6          0          0          0          0          0   libinit2.o
         2          0          0          0          0          0   libshutdown.o
         2          0          0          0          0          0   libshutdown2.o
         8          4          0          0         96         68   libspace.o
       240          0          0          0          0        100   lludivv7m.o
        78          0          0          0          0         80   rt_memclr_w.o
         2          0          0          0          0          0   rtexit.o
        10          0          0          0          0          0   rtexit2.o
        12          4          0          0          0         68   sys_exit.o
        74          0          0          0          0         80   sys_stackheap_outer.o
         2          0          0          0          0         68   use_no_semi.o
        26          0          0          0          0        116   fpinit.o

    ----------------------------------------------------------------------
       626         16          0          0         96        880   Library Totals
         6          0          0          0          0          0   (incl. Padding)

    ----------------------------------------------------------------------

      Code (inc. data)   RO Data    RW Data    ZI Data      Debug   Library Name

       594         16          0          0         96        764   c_w.l
        26          0          0          0          0        116   fz_wm.l

    ----------------------------------------------------------------------
       626         16          0          0         96        880   Library Totals

    ----------------------------------------------------------------------

==============================================================================


      Code (inc. data)   RO Data    RW Data    ZI Data      Debug   

     23280        156        592         16      24600     456941   Grand Totals
     23280        156        592         16      24600     456941   ELF Image Totals
     23280        156        592         16          0          0   ROM Totals

==============================================================================

    Total RO  Size (Code + RO Data)                23872 (  23.31kB)
    Total RW  Size (RW Data + ZI Data)             24616 (  24.04kB)
    Total ROM Size (Code + RO Data + RW Data)      23888 (  23.33kB)

==============================================================================

