Component: Arm Compiler for Embedded 6.18 Tool: armlink [5e4cc100]

==============================================================================

Section Cross References

    startup_stm32l431xx.o(STACK) refers (Special) to heapauxi.o(.text) for __use_two_region_memory
    startup_stm32l431xx.o(HEAP) refers (Special) to heapauxi.o(.text) for __use_two_region_memory
    startup_stm32l431xx.o(RESET) refers (Special) to heapauxi.o(.text) for __use_two_region_memory
    startup_stm32l431xx.o(RESET) refers to startup_stm32l431xx.o(STACK) for __initial_sp
    startup_stm32l431xx.o(RESET) refers to startup_stm32l431xx.o(.text) for Reset_Handler
    startup_stm32l431xx.o(RESET) refers to stm32l4xx_it.o(.text.NMI_Handler) for NMI_Handler
    startup_stm32l431xx.o(RESET) refers to stm32l4xx_it.o(.text.HardFault_Handler) for HardFault_Handler
    startup_stm32l431xx.o(RESET) refers to stm32l4xx_it.o(.text.MemManage_Handler) for MemManage_Handler
    startup_stm32l431xx.o(RESET) refers to stm32l4xx_it.o(.text.BusFault_Handler) for BusFault_Handler
    startup_stm32l431xx.o(RESET) refers to stm32l4xx_it.o(.text.UsageFault_Handler) for UsageFault_Handler
    startup_stm32l431xx.o(RESET) refers to port.o(.text.SVC_Handler) for SVC_Handler
    startup_stm32l431xx.o(RESET) refers to stm32l4xx_it.o(.text.DebugMon_Handler) for DebugMon_Handler
    startup_stm32l431xx.o(RESET) refers to port.o(.text.PendSV_Handler) for PendSV_Handler
    startup_stm32l431xx.o(RESET) refers to port.o(.text.SysTick_Handler) for SysTick_Handler
    startup_stm32l431xx.o(RESET) refers to stm32l4xx_it.o(.text.EXTI0_IRQHandler) for EXTI0_IRQHandler
    startup_stm32l431xx.o(RESET) refers to stm32l4xx_it.o(.text.DMA1_Channel3_IRQHandler) for DMA1_Channel3_IRQHandler
    startup_stm32l431xx.o(RESET) refers to stm32l4xx_it.o(.text.DMA1_Channel4_IRQHandler) for DMA1_Channel4_IRQHandler
    startup_stm32l431xx.o(RESET) refers to stm32l4xx_it.o(.text.DMA1_Channel5_IRQHandler) for DMA1_Channel5_IRQHandler
    startup_stm32l431xx.o(RESET) refers to stm32l4xx_it.o(.text.DMA1_Channel6_IRQHandler) for DMA1_Channel6_IRQHandler
    startup_stm32l431xx.o(RESET) refers to stm32l4xx_it.o(.text.DMA1_Channel7_IRQHandler) for DMA1_Channel7_IRQHandler
    startup_stm32l431xx.o(RESET) refers to stm32l4xx_it.o(.text.CAN1_RX0_IRQHandler) for CAN1_RX0_IRQHandler
    startup_stm32l431xx.o(RESET) refers to stm32l4xx_it.o(.text.CAN1_RX1_IRQHandler) for CAN1_RX1_IRQHandler
    startup_stm32l431xx.o(RESET) refers to stm32l4xx_it.o(.text.USART3_IRQHandler) for USART3_IRQHandler
    startup_stm32l431xx.o(RESET) refers to stm32l4xx_it.o(.text.EXTI15_10_IRQHandler) for EXTI15_10_IRQHandler
    startup_stm32l431xx.o(RESET) refers to stm32l4xx_it.o(.text.TIM6_DAC_IRQHandler) for TIM6_DAC_IRQHandler
    startup_stm32l431xx.o(RESET) refers to stm32l4xx_it.o(.text.TIM7_IRQHandler) for TIM7_IRQHandler
    startup_stm32l431xx.o(.text) refers (Special) to heapauxi.o(.text) for __use_two_region_memory
    startup_stm32l431xx.o(.text) refers to system_stm32l4xx.o(.text.SystemInit) for SystemInit
    startup_stm32l431xx.o(.text) refers to __main.o(!!!main) for __main
    startup_stm32l431xx.o(.text) refers to startup_stm32l431xx.o(HEAP) for Heap_Mem
    startup_stm32l431xx.o(.text) refers to startup_stm32l431xx.o(STACK) for Stack_Mem
    main.o(.text.main) refers to stm32l4xx_hal.o(.text.HAL_Init) for HAL_Init
    main.o(.text.main) refers to stm32l4xx_hal_pwr_ex.o(.text.HAL_PWREx_ControlVoltageScaling) for HAL_PWREx_ControlVoltageScaling
    main.o(.text.main) refers to stm32l4xx_hal_rcc.o(.text.HAL_RCC_OscConfig) for HAL_RCC_OscConfig
    main.o(.text.main) refers to stm32l4xx_hal_rcc.o(.text.HAL_RCC_ClockConfig) for HAL_RCC_ClockConfig
    main.o(.text.main) refers to gpio.o(.text.MX_GPIO_Init) for MX_GPIO_Init
    main.o(.text.main) refers to dma.o(.text.MX_DMA_Init) for MX_DMA_Init
    main.o(.text.main) refers to can.o(.text.MX_CAN1_Init) for MX_CAN1_Init
    main.o(.text.main) refers to tim.o(.text.MX_TIM1_Init) for MX_TIM1_Init
    main.o(.text.main) refers to tim.o(.text.MX_TIM2_Init) for MX_TIM2_Init
    main.o(.text.main) refers to tim.o(.text.MX_TIM6_Init) for MX_TIM6_Init
    main.o(.text.main) refers to tim.o(.text.MX_TIM15_Init) for MX_TIM15_Init
    main.o(.text.main) refers to tim.o(.text.MX_TIM16_Init) for MX_TIM16_Init
    main.o(.text.main) refers to usart.o(.text.MX_USART2_UART_Init) for MX_USART2_UART_Init
    main.o(.text.main) refers to usart.o(.text.MX_USART3_UART_Init) for MX_USART3_UART_Init
    main.o(.text.main) refers to i2c.o(.text.MX_I2C3_Init) for MX_I2C3_Init
    main.o(.text.main) refers to spi.o(.text.MX_SPI1_Init) for MX_SPI1_Init
    main.o(.text.main) refers to spi.o(.text.MX_SPI2_Init) for MX_SPI2_Init
    main.o(.text.main) refers to usart.o(.text.MX_USART1_UART_Init) for MX_USART1_UART_Init
    main.o(.text.main) refers to tim.o(.bss.htim2) for htim2
[...]
    _atexit_init                              - Undefined Weak Reference
    _call_atexit_fns                          - Undefined Weak Reference
    _clock_init                               - Undefined Weak Reference
    _fp_trap_init                             - Undefined Weak Reference
    _fp_trap_shutdown                         - Undefined Weak Reference
    _get_lc_collate                           - Undefined Weak Reference
    _get_lc_ctype                             - Undefined Weak Reference
    _get_lc_monetary                          - Undefined Weak Reference
    _get_lc_numeric                           - Undefined Weak Reference
    _get_lc_time                              - Undefined Weak Reference
    _getenv_init                              - Undefined Weak Reference
    _handle_redirection                       - Undefined Weak Reference
    _init_alloc                               - Undefined Weak Reference
    _init_user_alloc                          - Undefined Weak Reference
    _initio                                   - Undefined Weak Reference
    _printf_mbtowc                            - Undefined Weak Reference
    _printf_post_padding                      - Undefined Weak Reference
    _printf_pre_padding                       - Undefined Weak Reference
    _printf_truncate_signed                   - Undefined Weak Reference
    _printf_truncate_unsigned                 - Undefined Weak Reference
    _rand_init                                - Undefined Weak Reference
    _signal_finish                            - Undefined Weak Reference
    _signal_init                              - Undefined Weak Reference
    _terminate_alloc                          - Undefined Weak Reference
    _terminate_user_alloc                     - Undefined Weak Reference
    _terminateio                              - Undefined Weak Reference
    __Vectors_Size                           0x0000018c   Number         0  startup_stm32l431xx.o ABSOLUTE
    __Vectors                                0x08000000   Data           4  startup_stm32l431xx.o(RESET)
    __Vectors_End                            0x0800018c   Data           0  startup_stm32l431xx.o(RESET)
    __main                                   0x0800018d   Thumb Code     8  __main.o(!!!main)
    __scatterload                            0x08000195   Thumb Code     0  __scatter.o(!!!scatter)
    __scatterload_rt2                        0x08000195   Thumb Code    44  __scatter.o(!!!scatter)
    __scatterload_rt2_thumb_only             0x08000195   Thumb Code     0  __scatter.o(!!!scatter)
    __scatterload_null                       0x080001a3   Thumb Code     0  __scatter.o(!!!scatter)
    __scatterload_copy                       0x080001c9   Thumb Code    26  __scatter_copy.o(!!handler_copy)
    __scatterload_zeroinit                   0x080001e5   Thumb Code    28  __scatter_zi.o(!!handler_zi)
    _printf_percent                          0x08000201   Thumb Code     0  _printf_percent.o(.ARM.Collect$$_printf_percent$$00000000)
    _printf_u                                0x08000201   Thumb Code     0  _printf_u.o(.ARM.Collect$$_printf_percent$$0000000A)
    _printf_c                                0x08000207   Thumb Code     0  _printf_c.o(.ARM.Collect$$_printf_percent$$00000013)
    _printf_percent_end                      0x0800020d   Thumb Code     0  _printf_percent_end.o(.ARM.Collect$$_printf_percent$$00000017)
    __rt_lib_init                            0x08000211   Thumb Code     0  libinit.o(.ARM.Collect$$libinit$$00000000)
    __rt_lib_init_fp_1                       0x08000213   Thumb Code     0  libinit2.o(.ARM.Collect$$libinit$$00000001)
    __rt_lib_init_alloca_1                   0x08000217   Thumb Code     0  libinit2.o(.ARM.Collect$$libinit$$00000030)
    __rt_lib_init_argv_1                     0x08000217   Thumb Code     0  libinit2.o(.ARM.Collect$$libinit$$0000002E)
    __rt_lib_init_atexit_1                   0x08000217   Thumb Code     0  libinit2.o(.ARM.Collect$$libinit$$0000001D)
    __rt_lib_init_clock_1                    0x08000217   Thumb Code     0  libinit2.o(.ARM.Collect$$libinit$$00000023)
    __rt_lib_init_cpp_1                      0x08000217   Thumb Code     0  libinit2.o(.ARM.Collect$$libinit$$00000034)
    __rt_lib_init_exceptions_1               0x08000217   Thumb Code     0  libinit2.o(.ARM.Collect$$libinit$$00000032)
    __rt_lib_init_fp_trap_1                  0x08000217   Thumb Code     0  libinit2.o(.ARM.Collect$$libinit$$00000021)
    __rt_lib_init_getenv_1                   0x08000217   Thumb Code     0  libinit2.o(.ARM.Collect$$libinit$$00000025)
    __rt_lib_init_heap_1                     0x08000217   Thumb Code     0  libinit2.o(.ARM.Collect$$libinit$$0000000C)
    __rt_lib_init_lc_collate_1               0x08000217   Thumb Code     0  libinit2.o(.ARM.Collect$$libinit$$00000013)
    __rt_lib_init_lc_ctype_1                 0x08000217   Thumb Code     0  libinit2.o(.ARM.Collect$$libinit$$00000015)
    __rt_lib_init_lc_monetary_1              0x08000217   Thumb Code     0  libinit2.o(.ARM.Collect$$libinit$$00000017)
    __rt_lib_init_lc_numeric_1               0x08000217   Thumb Code     0  libinit2.o(.ARM.Collect$$libinit$$00000019)
    __rt_lib_init_lc_time_1                  0x08000217   Thumb Code     0  libinit2.o(.ARM.Collect$$libinit$$0000001B)
    __rt_lib_init_preinit_1                  0x08000217   Thumb Code     0  libinit2.o(.ARM.Collect$$libinit$$00000006)
    __rt_lib_init_rand_1                     0x08000217   Thumb Code     0  libinit2.o(.ARM.Collect$$libinit$$00000010)
    __rt_lib_init_relocate_pie_1             0x08000217   Thumb Code     0  libinit2.o(.ARM.Collect$$libinit$$00000004)
    __rt_lib_init_return                     0x08000217   Thumb Code     0  libinit2.o(.ARM.Collect$$libinit$$00000035)
    __rt_lib_init_signal_1                   0x08000217   Thumb Code     0  libinit2.o(.ARM.Collect$$libinit$$0000001F)
    __rt_lib_init_stdio_1                    0x08000217   Thumb Code     0  libinit2.o(.ARM.Collect$$libinit$$00000027)
    __rt_lib_init_user_alloc_1               0x08000217   Thumb Code     0  libinit2.o(.ARM.Collect$$libinit$$0000000E)
    __rt_lib_shutdown                        0x08000219   Thumb Code     0  libshutdown.o(.ARM.Collect$$libshutdown$$00000000)
    __rt_lib_shutdown_cpp_1                  0x0800021b   Thumb Code     0  libshutdown2.o(.ARM.Collect$$libshutdown$$00000002)
    __rt_lib_shutdown_fp_trap_1              0x0800021b   Thumb Code     0  libshutdown2.o(.ARM.Collect$$libshutdown$$00000007)
    __rt_lib_shutdown_heap_1                 0x0800021b   Thumb Code     0  libshutdown2.o(.ARM.Collect$$libshutdown$$0000000F)
    __rt_lib_shutdown_return                 0x0800021b   Thumb Code     0  libshutdown2.o(.ARM.Collect$$libshutdown$$00000010)
    __rt_lib_shutdown_signal_1               0x0800021b   Thumb Code     0  libshutdown2.o(.ARM.Collect$$libshutdown$$0000000A)
    __rt_lib_shutdown_stdio_1                0x0800021b   Thumb Code     0  libshutdown2.o(.ARM.Collect$$libshutdown$$00000004)
    __rt_lib_shutdown_user_alloc_1           0x0800021b   Thumb Code     0  libshutdown2.o(.ARM.Collect$$libshutdown$$0000000C)
    __rt_entry                               0x0800021d   Thumb Code     0  __rtentry.o(.ARM.Collect$$rtentry$$00000000)
    __rt_entry_presh_1                       0x0800021d   Thumb Code     0  __rtentry2.o(.ARM.Collect$$rtentry$$00000002)
    __rt_entry_sh                            0x0800021d   Thumb Code     0  __rtentry4.o(.ARM.Collect$$rtentry$$00000004)
    __rt_entry_li                            0x08000223   Thumb Code     0  __rtentry2.o(.ARM.Collect$$rtentry$$0000000A)
    __rt_entry_postsh_1                      0x08000223   Thumb Code     0  __rtentry2.o(.ARM.Collect$$rtentry$$00000009)
    __rt_entry_main                          0x08000227   Thumb Code     0  __rtentry2.o(.ARM.Collect$$rtentry$$0000000D)
    __rt_entry_postli_1                      0x08000227   Thumb Code     0  __rtentry2.o(.ARM.Collect$$rtentry$$0000000C)
    __rt_exit                                0x0800022f   Thumb Code     0  rtexit.o(.ARM.Collect$$rtexit$$00000000)
    __rt_exit_ls                             0x08000231   Thumb Code     0  rtexit2.o(.ARM.Collect$$rtexit$$00000003)
    __rt_exit_prels_1                        0x08000231   Thumb Code     0  rtexit2.o(.ARM.Collect$$rtexit$$00000002)
    __rt_exit_exit                           0x08000235   Thumb Code     0  rtexit2.o(.ARM.Collect$$rtexit$$00000004)
    Reset_Handler                            0x0800023d   Thumb Code     8  startup_stm32l431xx.o(.text)
    ADC1_IRQHandler                          0x08000257   Thumb Code     0  startup_stm32l431xx.o(.text)
    CAN1_SCE_IRQHandler                      0x08000257   Thumb Code     0  startup_stm32l431xx.o(.text)
    CAN1_TX_IRQHandler                       0x08000257   Thumb Code     0  startup_stm32l431xx.o(.text)
    COMP_IRQHandler                          0x08000257   Thumb Code     0  startup_stm32l431xx.o(.text)
    CRS_IRQHandler                           0x08000257   Thumb Code     0  startup_stm32l431xx.o(.text)
    DMA1_Channel1_IRQHandler                 0x08000257   Thumb Code     0  startup_stm32l431xx.o(.text)
    DMA1_Channel2_IRQHandler                 0x08000257   Thumb Code     0  startup_stm32l431xx.o(.text)
    DMA2_Channel1_IRQHandler                 0x08000257   Thumb Code     0  startup_stm32l431xx.o(.text)
    DMA2_Channel2_IRQHandler                 0x08000257   Thumb Code     0  startup_stm32l431xx.o(.text)
    DMA2_Channel3_IRQHandler                 0x08000257   Thumb Code     0  startup_stm32l431xx.o(.text)
    DMA2_Channel4_IRQHandler                 0x08000257   Thumb Code     0  startup_stm32l431xx.o(.text)
    DMA2_Channel5_IRQHandler                 0x08000257   Thumb Code     0  startup_stm32l431xx.o(.text)
    DMA2_Channel6_IRQHandler                 0x08000257   Thumb Code     0  startup_stm32l431xx.o(.text)
    DMA2_Channel7_IRQHandler                 0x08000257   Thumb Code     0  startup_stm32l431xx.o(.text)
    EXTI1_IRQHandler                         0x08000257   Thumb Code     0  startup_stm32l431xx.o(.text)
    EXTI2_IRQHandler                         0x08000257   Thumb Code     0  startup_stm32l431xx.o(.text)
    EXTI3_IRQHandler                         0x08000257   Thumb Code     0  startup_stm32l431xx.o(.text)
    EXTI4_IRQHandler                         0x08000257   Thumb Code     0  startup_stm32l431xx.o(.text)
    EXTI9_5_IRQHandler                       0x08000257   Thumb Code     0  startup_stm32l431xx.o(.text)
    FLASH_IRQHandler                         0x08000257   Thumb Code     0  startup_stm32l431xx.o(.text)
    FPU_IRQHandler                           0x08000257   Thumb Code     0  startup_stm32l431xx.o(.text)
    I2C1_ER_IRQHandler                       0x08000257   Thumb Code     0  startup_stm32l431xx.o(.text)
    I2C1_EV_IRQHandler                       0x08000257   Thumb Code     0  startup_stm32l431xx.o(.text)
    I2C2_ER_IRQHandler                       0x08000257   Thumb Code     0  startup_stm32l431xx.o(.text)
    I2C2_EV_IRQHandler                       0x08000257   Thumb Code     0  startup_stm32l431xx.o(.text)
    I2C3_ER_IRQHandler                       0x08000257   Thumb Code     0  startup_stm32l431xx.o(.text)
    I2C3_EV_IRQHandler                       0x08000257   Thumb Code     0  startup_stm32l431xx.o(.text)
    LPTIM1_IRQHandler                        0x08000257   Thumb Code     0  startup_stm32l431xx.o(.text)
    LPTIM2_IRQHandler                        0x08000257   Thumb Code     0  startup_stm32l431xx.o(.text)
    LPUART1_IRQHandler                       0x08000257   Thumb Code     0  startup_stm32l431xx.o(.text)
    PVD_PVM_IRQHandler                       0x08000257   Thumb Code     0  startup_stm32l431xx.o(.text)
    QUADSPI_IRQHandler                       0x08000257   Thumb Code     0  startup_stm32l431xx.o(.text)
    RCC_IRQHandler                           0x08000257   Thumb Code     0  startup_stm32l431xx.o(.text)
    RNG_IRQHandler                           0x08000257   Thumb Code     0  startup_stm32l431xx.o(.text)
    RTC_Alarm_IRQHandler                     0x08000257   Thumb Code     0  startup_stm32l431xx.o(.text)
    RTC_WKUP_IRQHandler                      0x08000257   Thumb Code     0  startup_stm32l431xx.o(.text)
    SAI1_IRQHandler                          0x08000257   Thumb Code     0  startup_stm32l431xx.o(.text)
    SDMMC1_IRQHandler                        0x08000257   Thumb Code     0  startup_stm32l431xx.o(.text)
    SPI1_IRQHandler                          0x08000257   Thumb Code     0  startup_stm32l431xx.o(.text)
    SPI2_IRQHandler                          0x08000257   Thumb Code     0  startup_stm32l431xx.o(.text)
    SPI3_IRQHandler                          0x08000257   Thumb Code     0  startup_stm32l431xx.o(.text)
    SWPMI1_IRQHandler                        0x08000257   Thumb Code     0  startup_stm32l431xx.o(.text)
    TAMP_STAMP_IRQHandler                    0x08000257   Thumb Code     0  startup_stm32l431xx.o(.text)
    TIM1_BRK_TIM15_IRQHandler                0x08000257   Thumb Code     0  startup_stm32l431xx.o(.text)
    TIM1_CC_IRQHandler                       0x08000257   Thumb Code     0  startup_stm32l431xx.o(.text)
    TIM1_TRG_COM_IRQHandler                  0x08000257   Thumb Code     0  startup_stm32l431xx.o(.text)
    TIM1_UP_TIM16_IRQHandler                 0x08000257   Thumb Code     0  startup_stm32l431xx.o(.text)
    TIM2_IRQHandler                          0x08000257   Thumb Code     0  startup_stm32l431xx.o(.text)
    TSC_IRQHandler                           0x08000257   Thumb Code     0  startup_stm32l431xx.o(.text)
    USART1_IRQHandler                        0x08000257   Thumb Code     0  startup_stm32l431xx.o(.text)
    USART2_IRQHandler                        0x08000257   Thumb Code     0  startup_stm32l431xx.o(.text)
    WWDG_IRQHandler                          0x08000257   Thumb Code     0  startup_stm32l431xx.o(.text)
    __user_initial_stackheap                 0x08000259   Thumb Code     0  startup_stm32l431xx.o(.text)
    __aeabi_uldivmod                         0x0800027d   Thumb Code     0  lludivv7m.o(.text)
    _ll_udiv                                 0x0800027d   Thumb Code   240  lludivv7m.o(.text)
    __2sprintf                               0x0800036d   Thumb Code    34  noretval__2sprintf.o(.text)
    __printf                                 0x08000395   Thumb Code   104  __printf.o(.text)
    _printf_str                              0x080003fd   Thumb Code    82  _printf_str.o(.text)
    _printf_int_dec                          0x08000451   Thumb Code   104  _printf_dec.o(.text)
    strcpy                                   0x080004c9   Thumb Code    72  strcpy.o(.text)
    strlen                                   0x08000511   Thumb Code    62  strlen.o(.text)
    __aeabi_memcpy                           0x0800054f   Thumb Code     0  rt_memcpy_v6.o(.text)
    __rt_memcpy                              0x0800054f   Thumb Code   138  rt_memcpy_v6.o(.text)
    _memcpy_lastbytes                        0x080005b5   Thumb Code     0  rt_memcpy_v6.o(.text)
    __aeabi_memcpy4                          0x080005d9   Thumb Code     0  rt_memcpy_w.o(.text)
    __aeabi_memcpy8                          0x080005d9   Thumb Code     0  rt_memcpy_w.o(.text)
    __rt_memcpy_w                            0x080005d9   Thumb Code   100  rt_memcpy_w.o(.text)
    _memcpy_lastbytes_aligned                0x08000621   Thumb Code     0  rt_memcpy_w.o(.text)
    __aeabi_memset                           0x0800063d   Thumb Code    16  aeabi_memset.o(.text)
    __aeabi_memset4                          0x0800064d   Thumb Code    16  aeabi_memset4.o(.text)
    __aeabi_memset8                          0x0800064d   Thumb Code     0  aeabi_memset4.o(.text)
    __aeabi_memclr                           0x0800065d   Thumb Code     0  rt_memclr.o(.text)
    __rt_memclr                              0x0800065d   Thumb Code     0  rt_memclr.o(.text)
    _memset                                  0x08000661   Thumb Code    64  rt_memclr.o(.text)
    __aeabi_memclr4                          0x080006a1   Thumb Code     0  rt_memclr_w.o(.text)
    __aeabi_memclr8                          0x080006a1   Thumb Code     0  rt_memclr_w.o(.text)
    __rt_memclr_w                            0x080006a1   Thumb Code     0  rt_memclr_w.o(.text)
    _memset_w                                0x080006a5   Thumb Code    74  rt_memclr_w.o(.text)
    __use_two_region_memory                  0x080006ef   Thumb Code     2  heapauxi.o(.text)
    __rt_heap_escrow$2region                 0x080006f1   Thumb Code     2  heapauxi.o(.text)
    __rt_heap_expand$2region                 0x080006f3   Thumb Code     2  heapauxi.o(.text)
    _printf_int_common                       0x080006f5   Thumb Code   178  _printf_intcommon.o(.text)
    _printf_char_common                      0x080007b3   Thumb Code    32  _printf_char_common.o(.text)
    _sputc                                   0x080007d9   Thumb Code    10  _sputc.o(.text)
    _printf_cs_common                        0x080007e3   Thumb Code    20  _printf_char.o(.text)
    _printf_char                             0x080007f7   Thumb Code    16  _printf_char.o(.text)
    _printf_string                           0x08000807   Thumb Code     8  _printf_char.o(.text)
    __user_libspace                          0x08000811   Thumb Code     8  libspace.o(.text)
    __user_perproc_libspace                  0x08000811   Thumb Code     0  libspace.o(.text)
    __user_perthread_libspace                0x08000811   Thumb Code     0  libspace.o(.text)
    __user_setup_stackheap                   0x08000819   Thumb Code    74  sys_stackheap_outer.o(.text)
    exit                                     0x08000863   Thumb Code    18  exit.o(.text)
    _sys_exit                                0x08000875   Thumb Code     8  sys_exit.o(.text)
    __I$use$semihosting                      0x08000881   Thumb Code     0  use_no_semi.o(.text)
    __use_no_semihosting_swi                 0x08000881   Thumb Code     2  use_no_semi.o(.text)
    __semihosting_library_function           0x08000883   Thumb Code     0  indicate_semi.o(.text)
    BMI160_Rec_Task                          0x08000885   Thumb Code   460  bmi160.o(.text.BMI160_Rec_Task)
    BMI160_Tem_Task                          0x08000a51   Thumb Code   104  bmi160.o(.text.BMI160_Tem_Task)
    BusFault_Handler                         0x08000ab9   Thumb Code     2  stm32l4xx_it.o(.text.BusFault_Handler)
    CAN1_RX0_IRQHandler                      0x08000abd   Thumb Code    12  stm32l4xx_it.o(.text.CAN1_RX0_IRQHandler)
    CAN1_RX1_IRQHandler                      0x08000ac9   Thumb Code    12  stm32l4xx_it.o(.text.CAN1_RX1_IRQHandler)
    DMA1_Channel3_IRQHandler                 0x08000ad5   Thumb Code    12  stm32l4xx_it.o(.text.DMA1_Channel3_IRQHandler)
    DMA1_Channel4_IRQHandler                 0x08000ae1   Thumb Code    12  stm32l4xx_it.o(.text.DMA1_Channel4_IRQHandler)
    DMA1_Channel5_IRQHandler                 0x08000aed   Thumb Code    12  stm32l4xx_it.o(.text.DMA1_Channel5_IRQHandler)
    DMA1_Channel6_IRQHandler                 0x08000af9   Thumb Code    12  stm32l4xx_it.o(.text.DMA1_Channel6_IRQHandler)
    DMA1_Channel7_IRQHandler                 0x08000b05   Thumb Code    12  stm32l4xx_it.o(.text.DMA1_Channel7_IRQHandler)
    DebugMon_Handler                         0x08000b11   Thumb Code     2  stm32l4xx_it.o(.text.DebugMon_Handler)
    EXTI0_IRQHandler                         0x08000b15   Thumb Code    50  stm32l4xx_it.o(.text.EXTI0_IRQHandler)
    EXTI15_10_IRQHandler                     0x08000b49   Thumb Code    68  stm32l4xx_it.o(.text.EXTI15_10_IRQHandler)
    Error_Handler                            0x08000b8d   Thumb Code    10  main.o(.text.Error_Handler)
    HAL_CAN_ErrorCallback                    0x08000b99   Thumb Code     2  stm32l4xx_hal_can.o(.text.HAL_CAN_ErrorCallback)
    HAL_CAN_IRQHandler                       0x08000b9d   Thumb Code   606  stm32l4xx_hal_can.o(.text.HAL_CAN_IRQHandler)
    HAL_CAN_Init                             0x08000e0d   Thumb Code   244  stm32l4xx_hal_can.o(.text.HAL_CAN_Init)
    HAL_CAN_MspInit                          0x08000f01   Thumb Code   140  can.o(.text.HAL_CAN_MspInit)
    HAL_CAN_RxFifo0FullCallback              0x08000f8d   Thumb Code     2  stm32l4xx_hal_can.o(.text.HAL_CAN_RxFifo0FullCallback)
    HAL_CAN_RxFifo0MsgPendingCallback        0x08000f91   Thumb Code     2  stm32l4xx_hal_can.o(.text.HAL_CAN_RxFifo0MsgPendingCallback)
    HAL_CAN_RxFifo1FullCallback              0x08000f95   Thumb Code     2  stm32l4xx_hal_can.o(.text.HAL_CAN_RxFifo1FullCallback)
    HAL_CAN_RxFifo1MsgPendingCallback        0x08000f99   Thumb Code     2  stm32l4xx_hal_can.o(.text.HAL_CAN_RxFifo1MsgPendingCallback)
    HAL_CAN_SleepCallback                    0x08000f9d   Thumb Code     2  stm32l4xx_hal_can.o(.text.HAL_CAN_SleepCallback)
    HAL_CAN_TxMailbox0AbortCallback          0x08000fa1   Thumb Code     2  stm32l4xx_hal_can.o(.text.HAL_CAN_TxMailbox0AbortCallback)
    HAL_CAN_TxMailbox0CompleteCallback       0x08000fa5   Thumb Code     2  stm32l4xx_hal_can.o(.text.HAL_CAN_TxMailbox0CompleteCallback)
    HAL_CAN_TxMailbox1AbortCallback          0x08000fa9   Thumb Code     2  stm32l4xx_hal_can.o(.text.HAL_CAN_TxMailbox1AbortCallback)
    HAL_CAN_TxMailbox1CompleteCallback       0x08000fad   Thumb Code     2  stm32l4xx_hal_can.o(.text.HAL_CAN_TxMailbox1CompleteCallback)
    HAL_CAN_TxMailbox2AbortCallback          0x08000fb1   Thumb Code     2  stm32l4xx_hal_can.o(.text.HAL_CAN_TxMailbox2AbortCallback)
    HAL_CAN_TxMailbox2CompleteCallback       0x08000fb5   Thumb Code     2  stm32l4xx_hal_can.o(.text.HAL_CAN_TxMailbox2CompleteCallback)
    HAL_CAN_WakeUpFromRxMsgCallback          0x08000fb9   Thumb Code     2  stm32l4xx_hal_can.o(.text.HAL_CAN_WakeUpFromRxMsgCallback)
    HAL_DMA_Abort                            0x08000fbd   Thumb Code    74  stm32l4xx_hal_dma.o(.text.HAL_DMA_Abort)
    HAL_DMA_Abort_IT                         0x08001009   Thumb Code    88  stm32l4xx_hal_dma.o(.text.HAL_DMA_Abort_IT)
    HAL_DMA_IRQHandler                       0x08001061   Thumb Code   170  stm32l4xx_hal_dma.o(.text.HAL_DMA_IRQHandler)
    HAL_DMA_Init                             0x0800110d   Thumb Code   204  stm32l4xx_hal_dma.o(.text.HAL_DMA_Init)
    HAL_GPIO_Init                            0x080011d9   Thumb Code   474  stm32l4xx_hal_gpio.o(.text.HAL_GPIO_Init)
    HAL_GPIO_WritePin                        0x080013b9   Thumb Code    12  stm32l4xx_hal_gpio.o(.text.HAL_GPIO_WritePin)
    HAL_GetTick                              0x080013c5   Thumb Code    12  stm32l4xx_hal.o(.text.HAL_GetTick)
    HAL_I2CEx_ConfigAnalogFilter             0x080013d1   Thumb Code    74  stm32l4xx_hal_i2c_ex.o(.text.HAL_I2CEx_ConfigAnalogFilter)
    HAL_I2CEx_ConfigDigitalFilter            0x0800141d   Thumb Code    72  stm32l4xx_hal_i2c_ex.o(.text.HAL_I2CEx_ConfigDigitalFilter)
    HAL_I2C_Init                             0x08001465   Thumb Code   162  stm32l4xx_hal_i2c.o(.text.HAL_I2C_Init)
    HAL_I2C_MspInit                          0x08001509   Thumb Code   136  i2c.o(.text.HAL_I2C_MspInit)
    HAL_IncTick                              0x08001591   Thumb Code    26  stm32l4xx_hal.o(.text.HAL_IncTick)
    HAL_Init                                 0x080015ad   Thumb Code    30  stm32l4xx_hal.o(.text.HAL_Init)
    HAL_InitTick                             0x080015cd   Thumb Code   188  stm32l4xx_hal_timebase_tim.o(.text.HAL_InitTick)
    HAL_MspInit                              0x08001689   Thumb Code    60  stm32l4xx_hal_msp.o(.text.HAL_MspInit)
    HAL_NVIC_EnableIRQ                       0x080016c5   Thumb Code    32  stm32l4xx_hal_cortex.o(.text.HAL_NVIC_EnableIRQ)
    HAL_NVIC_SetPriority                     0x080016e5   Thumb Code    86  stm32l4xx_hal_cortex.o(.text.HAL_NVIC_SetPriority)
    HAL_NVIC_SetPriorityGrouping             0x0800173d   Thumb Code    32  stm32l4xx_hal_cortex.o(.text.HAL_NVIC_SetPriorityGrouping)
    HAL_PWREx_ControlVoltageScaling          0x0800175d   Thumb Code   140  stm32l4xx_hal_pwr_ex.o(.text.HAL_PWREx_ControlVoltageScaling)
    HAL_PWREx_GetVoltageRange                0x080017e9   Thumb Code    16  stm32l4xx_hal_pwr_ex.o(.text.HAL_PWREx_GetVoltageRange)
    HAL_RCCEx_PeriphCLKConfig                0x080017f9   Thumb Code   688  stm32l4xx_hal_rcc_ex.o(.text.HAL_RCCEx_PeriphCLKConfig)
    HAL_RCC_ClockConfig                      0x08001aa9   Thumb Code   634  stm32l4xx_hal_rcc.o(.text.HAL_RCC_ClockConfig)
    HAL_RCC_GetClockConfig                   0x08001d25   Thumb Code    66  stm32l4xx_hal_rcc.o(.text.HAL_RCC_GetClockConfig)
    HAL_RCC_GetPCLK1Freq                     0x08001d69   Thumb Code    42  stm32l4xx_hal_rcc.o(.text.HAL_RCC_GetPCLK1Freq)
    HAL_RCC_GetPCLK2Freq                     0x08001d95   Thumb Code    42  stm32l4xx_hal_rcc.o(.text.HAL_RCC_GetPCLK2Freq)
    HAL_RCC_GetSysClockFreq                  0x08001dc1   Thumb Code   194  stm32l4xx_hal_rcc.o(.text.HAL_RCC_GetSysClockFreq)
    HAL_RCC_OscConfig                        0x08001e85   Thumb Code  2000  stm32l4xx_hal_rcc.o(.text.HAL_RCC_OscConfig)
    HAL_TIMEx_Break2Callback                 0x08002655   Thumb Code     2  stm32l4xx_hal_tim_ex.o(.text.HAL_TIMEx_Break2Callback)
    HAL_TIMEx_BreakCallback                  0x08002659   Thumb Code     2  stm32l4xx_hal_tim_ex.o(.text.HAL_TIMEx_BreakCallback)
    HAL_TIMEx_CommutCallback                 0x0800265d   Thumb Code     2  stm32l4xx_hal_tim_ex.o(.text.HAL_TIMEx_CommutCallback)
    HAL_TIMEx_ConfigBreakDeadTime            0x08002661   Thumb Code   152  stm32l4xx_hal_tim_ex.o(.text.HAL_TIMEx_ConfigBreakDeadTime)
    HAL_TIMEx_MasterConfigSynchronization    0x080026f9   Thumb Code   104  stm32l4xx_hal_tim_ex.o(.text.HAL_TIMEx_MasterConfigSynchronization)
    HAL_TIM_Base_Init                        0x08002761   Thumb Code   226  stm32l4xx_hal_tim.o(.text.HAL_TIM_Base_Init)
    HAL_TIM_Base_MspInit                     0x08002845   Thumb Code   256  tim.o(.text.HAL_TIM_Base_MspInit)
    HAL_TIM_Base_Start_IT                    0x08002945   Thumb Code    96  stm32l4xx_hal_tim.o(.text.HAL_TIM_Base_Start_IT)
    HAL_TIM_ConfigClockSource                0x080029a5   Thumb Code   412  stm32l4xx_hal_tim.o(.text.HAL_TIM_ConfigClockSource)
    HAL_TIM_IC_CaptureCallback               0x08002b41   Thumb Code     2  stm32l4xx_hal_tim.o(.text.HAL_TIM_IC_CaptureCallback)
    HAL_TIM_IRQHandler                       0x08002b45   Thumb Code   396  stm32l4xx_hal_tim.o(.text.HAL_TIM_IRQHandler)
    HAL_TIM_MspPostInit                      0x08002cd1   Thumb Code   340  tim.o(.text.HAL_TIM_MspPostInit)
    HAL_TIM_OC_DelayElapsedCallback          0x08002e25   Thumb Code     2  stm32l4xx_hal_tim.o(.text.HAL_TIM_OC_DelayElapsedCallback)
    HAL_TIM_PWM_ConfigChannel                0x08002e29   Thumb Code   936  stm32l4xx_hal_tim.o(.text.HAL_TIM_PWM_ConfigChannel)
    HAL_TIM_PWM_Init                         0x080031d1   Thumb Code   226  stm32l4xx_hal_tim.o(.text.HAL_TIM_PWM_Init)
    HAL_TIM_PWM_MspInit                      0x080032b5   Thumb Code     2  stm32l4xx_hal_tim.o(.text.HAL_TIM_PWM_MspInit)
    HAL_TIM_PWM_PulseFinishedCallback        0x080032b9   Thumb Code     2  stm32l4xx_hal_tim.o(.text.HAL_TIM_PWM_PulseFinishedCallback)
    HAL_TIM_PWM_Start                        0x080032bd   Thumb Code   290  stm32l4xx_hal_tim.o(.text.HAL_TIM_PWM_Start)
    HAL_TIM_PeriodElapsedCallback            0x080033e1   Thumb Code    20  main.o(.text.HAL_TIM_PeriodElapsedCallback)
    HAL_TIM_TriggerCallback                  0x080033f5   Thumb Code     2  stm32l4xx_hal_tim.o(.text.HAL_TIM_TriggerCallback)
    HAL_UARTEx_RxEventCallback               0x080033f9   Thumb Code     2  stm32l4xx_hal_uart.o(.text.HAL_UARTEx_RxEventCallback)
    HAL_UARTEx_WakeupCallback                0x080033fd   Thumb Code     2  stm32l4xx_hal_uart_ex.o(.text.HAL_UARTEx_WakeupCallback)
    HAL_UART_ErrorCallback                   0x08003401   Thumb Code     2  stm32l4xx_hal_uart.o(.text.HAL_UART_ErrorCallback)
    HAL_UART_IRQHandler                      0x08003405   Thumb Code  1534  stm32l4xx_hal_uart.o(.text.HAL_UART_IRQHandler)
    HAL_UART_Init                            0x08003a05   Thumb Code   194  stm32l4xx_hal_uart.o(.text.HAL_UART_Init)
    HAL_UART_MspInit                         0x08003ac9   Thumb Code   676  usart.o(.text.HAL_UART_MspInit)
    HAL_UART_Transmit                        0x08003d6d   Thumb Code   216  stm32l4xx_hal_uart.o(.text.HAL_UART_Transmit)
    HAL_UART_TxCpltCallback                  0x08003e45   Thumb Code     2  stm32l4xx_hal_uart.o(.text.HAL_UART_TxCpltCallback)
    HardFault_Handler                        0x08003e49   Thumb Code     2  stm32l4xx_it.o(.text.HardFault_Handler)
    KeyScan_Task                             0x08003e4d   Thumb Code    92  bsptask.o(.text.KeyScan_Task)
    LL_EXTI_Init                             0x08003ea9   Thumb Code   412  stm32l4xx_ll_exti.o(.text.LL_EXTI_Init)
    LL_GPIO_Init                             0x08004045   Thumb Code   226  stm32l4xx_ll_gpio.o(.text.LL_GPIO_Init)
    LL_SPI_Init                              0x0800412d   Thumb Code   124  stm32l4xx_ll_spi.o(.text.LL_SPI_Init)
    MX_CAN1_Init                             0x080041a9   Thumb Code    64  can.o(.text.MX_CAN1_Init)
    MX_DMA_Init                              0x080041e9   Thumb Code   116  dma.o(.text.MX_DMA_Init)
    MX_FREERTOS_Init                         0x0800425d   Thumb Code    64  freertos.o(.text.MX_FREERTOS_Init)
    MX_GPIO_Init                             0x0800429d   Thumb Code   558  gpio.o(.text.MX_GPIO_Init)
    MX_I2C3_Init                             0x080044d1   Thumb Code   108  i2c.o(.text.MX_I2C3_Init)
    MX_SPI1_Init                             0x0800453d   Thumb Code   154  spi.o(.text.MX_SPI1_Init)
    MX_SPI2_Init                             0x080045d9   Thumb Code   214  spi.o(.text.MX_SPI2_Init)
    MX_TIM15_Init                            0x080046b1   Thumb Code   288  tim.o(.text.MX_TIM15_Init)
    MX_TIM16_Init                            0x080047d1   Thumb Code   180  tim.o(.text.MX_TIM16_Init)
    MX_TIM1_Init                             0x08004885   Thumb Code   350  tim.o(.text.MX_TIM1_Init)
    MX_TIM2_Init                             0x080049e5   Thumb Code   254  tim.o(.text.MX_TIM2_Init)
    MX_TIM6_Init                             0x08004ae5   Thumb Code    78  tim.o(.text.MX_TIM6_Init)
    MX_USART1_UART_Init                      0x08004b35   Thumb Code    64  usart.o(.text.MX_USART1_UART_Init)
    MX_USART2_UART_Init                      0x08004b75   Thumb Code    68  usart.o(.text.MX_USART2_UART_Init)
    MX_USART3_UART_Init                      0x08004bb9   Thumb Code    72  usart.o(.text.MX_USART3_UART_Init)
    MemManage_Handler                        0x08004c01   Thumb Code     2  stm32l4xx_it.o(.text.MemManage_Handler)
    NMI_Handler                              0x08004c05   Thumb Code     2  stm32l4xx_it.o(.text.NMI_Handler)
    PendSV_Handler                           0x08004c11   Thumb Code   100  port.o(.text.PendSV_Handler)
    RGB_Task                                 0x08004df9   Thumb Code   178  bsptask.o(.text.RGB_Task)
    SVC_Handler                              0x08004eb1   Thumb Code    36  port.o(.text.SVC_Handler)
    StartDefaultTask                         0x08004ee1   Thumb Code    36  freertos.o(.text.StartDefaultTask)
    SysInf_Task                              0x08004f05   Thumb Code   204  bsptask.o(.text.SysInf_Task)
    SysTick_Handler                          0x08005025   Thumb Code    46  port.o(.text.SysTick_Handler)
    SystemInit                               0x08005055   Thumb Code    18  system_stm32l4xx.o(.text.SystemInit)
    TIM6_DAC_IRQHandler                      0x08005069   Thumb Code    30  stm32l4xx_it.o(.text.TIM6_DAC_IRQHandler)
    TIM7_IRQHandler                          0x08005089   Thumb Code    12  stm32l4xx_it.o(.text.TIM7_IRQHandler)
    Task_Init                                0x08005095   Thumb Code   266  mytasklist.o(.text.Task_Init)
    UART_AdvFeatureConfig                    0x080051a1   Thumb Code   232  stm32l4xx_hal_uart.o(.text.UART_AdvFeatureConfig)
    UART_SetConfig                           0x08005299   Thumb Code   544  stm32l4xx_hal_uart.o(.text.UART_SetConfig)
    UART_WaitOnFlagUntilTimeout              0x080054c9   Thumb Code   526  stm32l4xx_hal_uart.o(.text.UART_WaitOnFlagUntilTimeout)
    USART3_IRQHandler                        0x080056d9   Thumb Code    12  stm32l4xx_it.o(.text.USART3_IRQHandler)
    UsageFault_Handler                       0x080056e5   Thumb Code     2  stm32l4xx_it.o(.text.UsageFault_Handler)
    SPI_C::CS_Disable()                      0x080056e9   Thumb Code     8  spi_ll.o(.text._ZN5SPI_C10CS_DisableEv)
    SPI_C::Read_Muti_Reg(unsigned char, unsigned short, unsigned char*) 0x080056f1   Thumb Code   478  spi_ll.o(.text._ZN5SPI_C13Read_Muti_RegEhtPh)
    SPI_C::Init(SPI_TypeDef*, GPIO_TypeDef*, unsigned int) 0x080058d1   Thumb Code    12  spi_ll.o(.text._ZN5SPI_C4InitEP11SPI_TypeDefP12GPIO_TypeDefj)
    SPI_C::Read_Reg(unsigned char)           0x080058dd   Thumb Code   432  spi_ll.o(.text._ZN5SPI_C8Read_RegEh)
    SPI_C::CS_Enable()                       0x08005a8d   Thumb Code     8  spi_ll.o(.text._ZN5SPI_C9CS_EnableEv)
    SPI_C::Write_Reg(unsigned char, unsigned char) 0x08005a95   Thumb Code   440  spi_ll.o(.text._ZN5SPI_C9Write_RegEhh)
    BMI160_C::IMU_Init()                     0x08005c4d   Thumb Code   578  bmi160.o(.text._ZN8BMI160_C8IMU_InitEv)
    arm_mult_f32                             0x08005e91   Thumb Code   202  basicmathfunctions.o(.text.arm_mult_f32)
    arm_sub_f32                              0x08005f5d   Thumb Code   202  basicmathfunctions.o(.text.arm_sub_f32)
    configureTimerForRunTimeStats            0x08006029   Thumb Code    28  bsptask.o(.text.configureTimerForRunTimeStats)
    getRunTimeCounterValue                   0x08006045   Thumb Code    12  bsptask.o(.text.getRunTimeCounterValue)
    main                                     0x08006051   Thumb Code   302  main.o(.text.main)
    osDelay                                  0x08006181   Thumb Code    16  cmsis_os.o(.text.osDelay)
    osKernelStart                            0x08006191   Thumb Code    10  cmsis_os.o(.text.osKernelStart)
    osSemaphoreCreate                        0x0800619d   Thumb Code    80  cmsis_os.o(.text.osSemaphoreCreate)
    osThreadCreate                           0x080061ed   Thumb Code    92  cmsis_os.o(.text.osThreadCreate)
    pvPortMalloc                             0x08006659   Thumb Code   522  heap_4.o(.text.pvPortMalloc)
    pvTaskIncrementMutexHeldCount            0x08006865   Thumb Code    24  tasks.o(.text.pvTaskIncrementMutexHeldCount)
    pxPortInitialiseStack                    0x0800687d   Thumb Code    40  port.o(.text.pxPortInitialiseStack)
    qFlash_ReadData                          0x080068a5   Thumb Code     6  flash.o(.text.qFlash_ReadData)
    uxListRemove                             0x080068ad   Thumb Code    36  list.o(.text.uxListRemove)
    uxTaskGetSystemState                     0x080068d1   Thumb Code  1666  tasks.o(.text.uxTaskGetSystemState)
    vApplicationGetIdleTaskMemory            0x08006f59   Thumb Code    26  freertos.o(.text.vApplicationGetIdleTaskMemory)
    vListInitialise                          0x08006f75   Thumb Code    22  list.o(.text.vListInitialise)
    vListInitialiseItem                      0x08006f8d   Thumb Code     6  list.o(.text.vListInitialiseItem)
    vListInsert                              0x08006f95   Thumb Code    98  list.o(.text.vListInsert)
    vListInsertEnd                           0x08006ff9   Thumb Code    28  list.o(.text.vListInsertEnd)
    vPortEnterCritical                       0x08007029   Thumb Code    70  port.o(.text.vPortEnterCritical)
    vPortExitCritical                        0x08007071   Thumb Code    46  port.o(.text.vPortExitCritical)
    vPortFree                                0x080070a1   Thumb Code   212  heap_4.o(.text.vPortFree)
    vPortSetupTimerInterrupt                 0x08007175   Thumb Code    52  port.o(.text.vPortSetupTimerInterrupt)
    vPortValidateInterruptPriority           0x080071a9   Thumb Code    94  port.o(.text.vPortValidateInterruptPriority)
    vTaskDelay                               0x08007209   Thumb Code   158  tasks.o(.text.vTaskDelay)
    vTaskDelayUntil                          0x080072a9   Thumb Code   230  tasks.o(.text.vTaskDelayUntil)
    vTaskDelete                              0x08007391   Thumb Code   262  tasks.o(.text.vTaskDelete)
    vTaskGetRunTimeStats                     0x08007499   Thumb Code   204  tasks.o(.text.vTaskGetRunTimeStats)
    vTaskInternalSetTimeOutState             0x08007585   Thumb Code    18  tasks.o(.text.vTaskInternalSetTimeOutState)
    vTaskList                                0x08007599   Thumb Code   188  tasks.o(.text.vTaskList)
    vTaskMissedYield                         0x08007689   Thumb Code    14  tasks.o(.text.vTaskMissedYield)
    vTaskPlaceOnEventList                    0x08007699   Thumb Code    54  tasks.o(.text.vTaskPlaceOnEventList)
    vTaskPriorityDisinheritAfterTimeout      0x080076d1   Thumb Code   176  tasks.o(.text.vTaskPriorityDisinheritAfterTimeout)
    vTaskStartScheduler                      0x08007781   Thumb Code   200  tasks.o(.text.vTaskStartScheduler)
    vTaskSuspendAll                          0x08007851   Thumb Code    16  tasks.o(.text.vTaskSuspendAll)
    vTaskSwitchContext                       0x08007861   Thumb Code   130  tasks.o(.text.vTaskSwitchContext)
    xPortStartScheduler                      0x080078e5   Thumb Code   388  port.o(.text.xPortStartScheduler)
    xQueueGenericCreate                      0x08007a69   Thumb Code   134  queue.o(.text.xQueueGenericCreate)
    xQueueGenericCreateStatic                0x08007af1   Thumb Code   222  queue.o(.text.xQueueGenericCreateStatic)
    xQueueGenericSend                        0x08007bd1   Thumb Code   554  queue.o(.text.xQueueGenericSend)
    xQueueGiveFromISR                        0x08007e01   Thumb Code   200  queue.o(.text.xQueueGiveFromISR)
    xQueueSemaphoreTake                      0x08007ec9   Thumb Code   470  queue.o(.text.xQueueSemaphoreTake)
    xTaskCheckForTimeOut                     0x080080a5   Thumb Code   162  tasks.o(.text.xTaskCheckForTimeOut)
    xTaskCreate                              0x08008149   Thumb Code    96  tasks.o(.text.xTaskCreate)
    xTaskCreateStatic                        0x080081a9   Thumb Code   118  tasks.o(.text.xTaskCreateStatic)
    xTaskGetSchedulerState                   0x08008221   Thumb Code    30  tasks.o(.text.xTaskGetSchedulerState)
    xTaskGetTickCount                        0x08008241   Thumb Code    12  tasks.o(.text.xTaskGetTickCount)
    xTaskIncrementTick                       0x0800824d   Thumb Code   262  tasks.o(.text.xTaskIncrementTick)
    xTaskPriorityDisinherit                  0x08008355   Thumb Code   182  tasks.o(.text.xTaskPriorityDisinherit)
    xTaskPriorityInherit                     0x0800840d   Thumb Code   172  tasks.o(.text.xTaskPriorityInherit)
    xTaskRemoveFromEventList                 0x080084b9   Thumb Code   116  tasks.o(.text.xTaskRemoveFromEventList)
    xTaskResumeAll                           0x0800852d   Thumb Code   234  tasks.o(.text.xTaskResumeAll)
    _fp_init                                 0x08008617   Thumb Code    26  fpinit.o(x$fpl$fpinit)
    __fplib_config_fpu_vfp                   0x0800862f   Thumb Code     0  fpinit.o(x$fpl$fpinit)
    __fplib_config_pureend_doubles           0x0800862f   Thumb Code     0  fpinit.o(x$fpl$fpinit)
    AHBPrescTable                            0x080086d8   Data          16  system_stm32l4xx.o(.rodata.AHBPrescTable)
    APBPrescTable                            0x080086e8   Data           8  system_stm32l4xx.o(.rodata.APBPrescTable)
    MSIRangeTable                            0x080086f0   Data          48  system_stm32l4xx.o(.rodata.MSIRangeTable)
    Region$$Table$$Base                      0x08008774   Number         0  anon$$obj.o(Region$$Table)
    Region$$Table$$Limit                     0x080087a4   Number         0  anon$$obj.o(Region$$Table)
    uwTickFreq                               0x10000000   Data           1  stm32l4xx_hal.o(.data..L_MergedGlobals)
    uwTickPrio                               0x10000004   Data           4  stm32l4xx_hal.o(.data..L_MergedGlobals)
    BMI160                                   0x10000008   Data         132  bmi160.o(.data.BMI160)
    SystemCoreClock                          0x1000008c   Data           4  system_stm32l4xx.o(.data.SystemCoreClock)
    __libspace_start                         0x10000098   Data          96  libspace.o(.bss)
    __temporary_stack_top$libspace           0x100000f8   Data           0  libspace.o(.bss)
    pxCurrentTCB                             0x100000f8   Data           4  tasks.o(.bss..L_MergedGlobals)
    SysInfTaskHandle                         0x1000019c   Data           4  mytasklist.o(.bss..L_MergedGlobals)
    RGBTaskHandle                            0x100001a0   Data           4  mytasklist.o(.bss..L_MergedGlobals)
    KeyScanSemHandle                         0x100001a4   Data           4  mytasklist.o(.bss..L_MergedGlobals)
    KeyScanTaskHandle                        0x100001a8   Data           4  mytasklist.o(.bss..L_MergedGlobals)
    IMURecSemHandle                          0x100001ac   Data           4  mytasklist.o(.bss..L_MergedGlobals)
    IMURecTaskHandle                         0x100001b0   Data           4  mytasklist.o(.bss..L_MergedGlobals)
    IMUTemTaskHandle                         0x100001b4   Data           4  mytasklist.o(.bss..L_MergedGlobals)
    KEY_Value                                0x100001e0   Data           1  bsptask.o(.bss.KEY_Value)
    Power                                    0x100001e1   Data           1  main.o(.bss.Power)
    Time_Counter                             0x100001e4   Data           4  bsptask.o(.bss.Time_Counter)
    defaultTaskHandle                        0x100001e8   Data           4  freertos.o(.bss.defaultTaskHandle)
    hcan1                                    0x100001ec   Data          40  can.o(.bss.hcan1)
    hdma_usart1_rx                           0x10000214   Data          72  usart.o(.bss.hdma_usart1_rx)
    hdma_usart1_tx                           0x1000025c   Data          72  usart.o(.bss.hdma_usart1_tx)
    hdma_usart2_rx                           0x100002a4   Data          72  usart.o(.bss.hdma_usart2_rx)
    hdma_usart2_tx                           0x100002ec   Data          72  usart.o(.bss.hdma_usart2_tx)
    hdma_usart3_rx                           0x10000334   Data          72  usart.o(.bss.hdma_usart3_rx)
    hi2c3                                    0x1000037c   Data          84  i2c.o(.bss.hi2c3)
    htim1                                    0x100003d0   Data          76  tim.o(.bss.htim1)
    htim15                                   0x1000041c   Data          76  tim.o(.bss.htim15)
    htim16                                   0x10000468   Data          76  tim.o(.bss.htim16)
    htim2                                    0x100004b4   Data          76  tim.o(.bss.htim2)
    htim6                                    0x10000500   Data          76  tim.o(.bss.htim6)
    htim7                                    0x1000054c   Data          76  stm32l4xx_hal_timebase_tim.o(.bss.htim7)
    huart1                                   0x10000598   Data         132  usart.o(.bss.huart1)
    huart2                                   0x1000061c   Data         132  usart.o(.bss.huart2)
    huart3                                   0x100006a0   Data         132  usart.o(.bss.huart3)
    uwTick                                   0x100007b0   Data           4  stm32l4xx_hal.o(.bss.uwTick)



==============================================================================

Memory Map of the image

  Image Entry point : 0x0800018d

  Load Region LR_IROM1 (Base: 0x08000000, Size: 0x00008840, Max: 0x00040000, ABSOLUTE)

    Execution Region ER_IROM1 (Exec base: 0x08000000, Load base: 0x08000000, Size: 0x000087a4, Max: 0x00040000, ABSOLUTE)

    Exec Addr    Load Addr    Size         Type   Attr      Idx    E Section Name        Object

    0x08000000   0x08000000   0x0000018c   Data   RO            3    RESET               startup_stm32l431xx.o
    0x0800018c   0x0800018c   0x00000008   Code   RO         3889  * !!!main             c_w.l(__main.o)
    0x08000194   0x08000194   0x00000034   Code   RO         4249    !!!scatter          c_w.l(__scatter.o)
    0x080001c8   0x080001c8   0x0000001a   Code   RO         4251    !!handler_copy      c_w.l(__scatter_copy.o)
    0x080001e2   0x080001e2   0x00000002   PAD
    0x080001e4   0x080001e4   0x0000001c   Code   RO         4253    !!handler_zi        c_w.l(__scatter_zi.o)
    0x08000200   0x08000200   0x00000000   Code   RO         3870    .ARM.Collect$$_printf_percent$$00000000  c_w.l(_printf_percent.o)
    0x08000200   0x08000200   0x00000006   Code   RO         3869    .ARM.Collect$$_printf_percent$$0000000A  c_w.l(_printf_u.o)
    0x08000206   0x08000206   0x00000006   Code   RO         3868    .ARM.Collect$$_printf_percent$$00000013  c_w.l(_printf_c.o)
    0x0800020c   0x0800020c   0x00000004   Code   RO         4005    .ARM.Collect$$_printf_percent$$00000017  c_w.l(_printf_percent_end.o)
    0x08000210   0x08000210   0x00000002   Code   RO         4114    .ARM.Collect$$libinit$$00000000  c_w.l(libinit.o)
    0x08000212   0x08000212   0x00000004   Code   RO         4123    .ARM.Collect$$libinit$$00000001  c_w.l(libinit2.o)
    0x08000216   0x08000216   0x00000000   Code   RO         4126    .ARM.Collect$$libinit$$00000004  c_w.l(libinit2.o)
    0x08000216   0x08000216   0x00000000   Code   RO         4128    .ARM.Collect$$libinit$$00000006  c_w.l(libinit2.o)
    0x08000216   0x08000216   0x00000000   Code   RO         4131    .ARM.Collect$$libinit$$0000000C  c_w.l(libinit2.o)
    0x08000216   0x08000216   0x00000000   Code   RO         4133    .ARM.Collect$$libinit$$0000000E  c_w.l(libinit2.o)
    0x08000216   0x08000216   0x00000000   Code   RO         4135    .ARM.Collect$$libinit$$00000010  c_w.l(libinit2.o)
    0x08000216   0x08000216   0x00000000   Code   RO         4138    .ARM.Collect$$libinit$$00000013  c_w.l(libinit2.o)
    0x08000216   0x08000216   0x00000000   Code   RO         4140    .ARM.Collect$$libinit$$00000015  c_w.l(libinit2.o)
    0x08000216   0x08000216   0x00000000   Code   RO         4142    .ARM.Collect$$libinit$$00000017  c_w.l(libinit2.o)
    0x08000216   0x08000216   0x00000000   Code   RO         4144    .ARM.Collect$$libinit$$00000019  c_w.l(libinit2.o)
    0x08000216   0x08000216   0x00000000   Code   RO         4146    .ARM.Collect$$libinit$$0000001B  c_w.l(libinit2.o)
    0x08000216   0x08000216   0x00000000   Code   RO         4148    .ARM.Collect$$libinit$$0000001D  c_w.l(libinit2.o)
    0x08000216   0x08000216   0x00000000   Code   RO         4150    .ARM.Collect$$libinit$$0000001F  c_w.l(libinit2.o)
    0x08000216   0x08000216   0x00000000   Code   RO         4152    .ARM.Collect$$libinit$$00000021  c_w.l(libinit2.o)
    0x08000216   0x08000216   0x00000000   Code   RO         4154    .ARM.Collect$$libinit$$00000023  c_w.l(libinit2.o)
    0x08000216   0x08000216   0x00000000   Code   RO         4156    .ARM.Collect$$libinit$$00000025  c_w.l(libinit2.o)
    0x08000216   0x08000216   0x00000000   Code   RO         4158    .ARM.Collect$$libinit$$00000027  c_w.l(libinit2.o)
    0x08000216   0x08000216   0x00000000   Code   RO         4162    .ARM.Collect$$libinit$$0000002E  c_w.l(libinit2.o)
    0x08000216   0x08000216   0x00000000   Code   RO         4164    .ARM.Collect$$libinit$$00000030  c_w.l(libinit2.o)
    0x08000216   0x08000216   0x00000000   Code   RO         4166    .ARM.Collect$$libinit$$00000032  c_w.l(libinit2.o)
    0x08000216   0x08000216   0x00000000   Code   RO         4168    .ARM.Collect$$libinit$$00000034  c_w.l(libinit2.o)
    0x08000216   0x08000216   0x00000002   Code   RO         4169    .ARM.Collect$$libinit$$00000035  c_w.l(libinit2.o)
    0x08000218   0x08000218   0x00000002   Code   RO         4204    .ARM.Collect$$libshutdown$$00000000  c_w.l(libshutdown.o)
    0x0800021a   0x0800021a   0x00000000   Code   RO         4232    .ARM.Collect$$libshutdown$$00000002  c_w.l(libshutdown2.o)
    0x0800021a   0x0800021a   0x00000000   Code   RO         4234    .ARM.Collect$$libshutdown$$00000004  c_w.l(libshutdown2.o)
    0x0800021a   0x0800021a   0x00000000   Code   RO         4237    .ARM.Collect$$libshutdown$$00000007  c_w.l(libshutdown2.o)
    0x0800021a   0x0800021a   0x00000000   Code   RO         4240    .ARM.Collect$$libshutdown$$0000000A  c_w.l(libshutdown2.o)
    0x0800021a   0x0800021a   0x00000000   Code   RO         4242    .ARM.Collect$$libshutdown$$0000000C  c_w.l(libshutdown2.o)
    0x0800021a   0x0800021a   0x00000000   Code   RO         4245    .ARM.Collect$$libshutdown$$0000000F  c_w.l(libshutdown2.o)
    0x0800021a   0x0800021a   0x00000002   Code   RO         4246    .ARM.Collect$$libshutdown$$00000010  c_w.l(libshutdown2.o)
    0x0800021c   0x0800021c   0x00000000   Code   RO         3990    .ARM.Collect$$rtentry$$00000000  c_w.l(__rtentry.o)
    0x0800021c   0x0800021c   0x00000000   Code   RO         4073    .ARM.Collect$$rtentry$$00000002  c_w.l(__rtentry2.o)
    0x0800021c   0x0800021c   0x00000006   Code   RO         4085    .ARM.Collect$$rtentry$$00000004  c_w.l(__rtentry4.o)
    0x08000222   0x08000222   0x00000000   Code   RO         4075    .ARM.Collect$$rtentry$$00000009  c_w.l(__rtentry2.o)
    0x08000222   0x08000222   0x00000004   Code   RO         4076    .ARM.Collect$$rtentry$$0000000A  c_w.l(__rtentry2.o)
    0x08000226   0x08000226   0x00000000   Code   RO         4078    .ARM.Collect$$rtentry$$0000000C  c_w.l(__rtentry2.o)
    0x08000226   0x08000226   0x00000008   Code   RO         4079    .ARM.Collect$$rtentry$$0000000D  c_w.l(__rtentry2.o)
    0x0800022e   0x0800022e   0x00000002   Code   RO         4115    .ARM.Collect$$rtexit$$00000000  c_w.l(rtexit.o)
    0x08000230   0x08000230   0x00000000   Code   RO         4175    .ARM.Collect$$rtexit$$00000002  c_w.l(rtexit2.o)
    0x08000230   0x08000230   0x00000004   Code   RO         4176    .ARM.Collect$$rtexit$$00000003  c_w.l(rtexit2.o)
    0x08000234   0x08000234   0x00000006   Code   RO         4177    .ARM.Collect$$rtexit$$00000004  c_w.l(rtexit2.o)
    0x0800023a   0x0800023a   0x00000002   PAD
    0x0800023c   0x0800023c   0x00000040   Code   RO            4    .text               startup_stm32l431xx.o
    0x0800027c   0x0800027c   0x000000f0   Code   RO         3834    .text               c_w.l(lludivv7m.o)
    0x0800036c   0x0800036c   0x00000028   Code   RO         3840    .text               c_w.l(noretval__2sprintf.o)
    0x08000394   0x08000394   0x00000068   Code   RO         3842    .text               c_w.l(__printf.o)
    0x080003fc   0x080003fc   0x00000052   Code   RO         3844    .text               c_w.l(_printf_str.o)
    0x0800044e   0x0800044e   0x00000002   PAD
    0x08000450   0x08000450   0x00000078   Code   RO         3846    .text               c_w.l(_printf_dec.o)
    0x080004c8   0x080004c8   0x00000048   Code   RO         3871    .text               c_w.l(strcpy.o)
    0x08000510   0x08000510   0x0000003e   Code   RO         3873    .text               c_w.l(strlen.o)
    0x0800054e   0x0800054e   0x0000008a   Code   RO         3875    .text               c_w.l(rt_memcpy_v6.o)
    0x080005d8   0x080005d8   0x00000064   Code   RO         3877    .text               c_w.l(rt_memcpy_w.o)
    0x0800063c   0x0800063c   0x00000010   Code   RO         3879    .text               c_w.l(aeabi_memset.o)
    0x0800064c   0x0800064c   0x00000010   Code   RO         3881    .text               c_w.l(aeabi_memset4.o)
    0x0800065c   0x0800065c   0x00000044   Code   RO         3883    .text               c_w.l(rt_memclr.o)
    0x080006a0   0x080006a0   0x0000004e   Code   RO         3885    .text               c_w.l(rt_memclr_w.o)
    0x080006ee   0x080006ee   0x00000006   Code   RO         3887    .text               c_w.l(heapauxi.o)
    0x080006f4   0x080006f4   0x000000b2   Code   RO         3997    .text               c_w.l(_printf_intcommon.o)
    0x080007a6   0x080007a6   0x00000002   PAD
    0x080007a8   0x080007a8   0x00000030   Code   RO         3999    .text               c_w.l(_printf_char_common.o)
    0x080007d8   0x080007d8   0x0000000a   Code   RO         4001    .text               c_w.l(_sputc.o)
    0x080007e2   0x080007e2   0x0000002c   Code   RO         4003    .text               c_w.l(_printf_char.o)
    0x0800080e   0x0800080e   0x00000002   PAD
    0x08000810   0x08000810   0x00000008   Code   RO         4098    .text               c_w.l(libspace.o)
    0x08000818   0x08000818   0x0000004a   Code   RO         4101    .text               c_w.l(sys_stackheap_outer.o)
    0x08000862   0x08000862   0x00000012   Code   RO         4103    .text               c_w.l(exit.o)
    0x08000874   0x08000874   0x0000000c   Code   RO         4170    .text               c_w.l(sys_exit.o)
    0x08000880   0x08000880   0x00000002   Code   RO         4193    .text               c_w.l(use_no_semi.o)
    0x08000882   0x08000882   0x00000000   Code   RO         4195    .text               c_w.l(indicate_semi.o)
    0x08000882   0x08000882   0x00000002   PAD
    0x08000884   0x08000884   0x000001cc   Code   RO         2038    .text.BMI160_Rec_Task  bmi160.o
    0x08000a50   0x08000a50   0x00000068   Code   RO         2046    .text.BMI160_Tem_Task  bmi160.o
    0x08000ab8   0x08000ab8   0x00000002   Code   RO          172    .text.BusFault_Handler  stm32l4xx_it.o
    0x08000aba   0x08000aba   0x00000002   PAD
    0x08000abc   0x08000abc   0x0000000c   Code   RO          190    .text.CAN1_RX0_IRQHandler  stm32l4xx_it.o
    0x08000ac8   0x08000ac8   0x0000000c   Code   RO          192    .text.CAN1_RX1_IRQHandler  stm32l4xx_it.o
    0x08000ad4   0x08000ad4   0x0000000c   Code   RO          180    .text.DMA1_Channel3_IRQHandler  stm32l4xx_it.o
    0x08000ae0   0x08000ae0   0x0000000c   Code   RO          182    .text.DMA1_Channel4_IRQHandler  stm32l4xx_it.o
    0x08000aec   0x08000aec   0x0000000c   Code   RO          184    .text.DMA1_Channel5_IRQHandler  stm32l4xx_it.o
    0x08000af8   0x08000af8   0x0000000c   Code   RO          186    .text.DMA1_Channel6_IRQHandler  stm32l4xx_it.o
    0x08000b04   0x08000b04   0x0000000c   Code   RO          188    .text.DMA1_Channel7_IRQHandler  stm32l4xx_it.o
    0x08000b10   0x08000b10   0x00000002   Code   RO          176    .text.DebugMon_Handler  stm32l4xx_it.o
    0x08000b12   0x08000b12   0x00000002   PAD
    0x08000b14   0x08000b14   0x00000032   Code   RO          178    .text.EXTI0_IRQHandler  stm32l4xx_it.o
    0x08000b46   0x08000b46   0x00000002   PAD
    0x08000b48   0x08000b48   0x00000044   Code   RO          196    .text.EXTI15_10_IRQHandler  stm32l4xx_it.o
    0x08000b8c   0x08000b8c   0x0000000a   Code   RO           15    .text.Error_Handler  main.o
    0x08000b96   0x08000b96   0x00000002   PAD
    0x08000b98   0x08000b98   0x00000002   Code   RO          350    .text.HAL_CAN_ErrorCallback  stm32l4xx_hal_can.o
    0x08000b9a   0x08000b9a   0x00000002   PAD
    0x08000b9c   0x08000b9c   0x0000026e   Code   RO          324    .text.HAL_CAN_IRQHandler  stm32l4xx_hal_can.o
    0x08000e0a   0x08000e0a   0x00000002   PAD
    0x08000e0c   0x08000e0c   0x000000f4   Code   RO          286    .text.HAL_CAN_Init  stm32l4xx_hal_can.o
    0x08000f00   0x08000f00   0x0000008c   Code   RO           63    .text.HAL_CAN_MspInit  can.o
    0x08000f8c   0x08000f8c   0x00000002   Code   RO          338    .text.HAL_CAN_RxFifo0FullCallback  stm32l4xx_hal_can.o
    0x08000f8e   0x08000f8e   0x00000002   PAD
    0x08000f90   0x08000f90   0x00000002   Code   RO          340    .text.HAL_CAN_RxFifo0MsgPendingCallback  stm32l4xx_hal_can.o
    0x08000f92   0x08000f92   0x00000002   PAD
    0x08000f94   0x08000f94   0x00000002   Code   RO          342    .text.HAL_CAN_RxFifo1FullCallback  stm32l4xx_hal_can.o
    0x08000f96   0x08000f96   0x00000002   PAD
    0x08000f98   0x08000f98   0x00000002   Code   RO          344    .text.HAL_CAN_RxFifo1MsgPendingCallback  stm32l4xx_hal_can.o
    0x08000f9a   0x08000f9a   0x00000002   PAD
    0x08000f9c   0x08000f9c   0x00000002   Code   RO          346    .text.HAL_CAN_SleepCallback  stm32l4xx_hal_can.o
    0x08000f9e   0x08000f9e   0x00000002   PAD
    0x08000fa0   0x08000fa0   0x00000002   Code   RO          328    .text.HAL_CAN_TxMailbox0AbortCallback  stm32l4xx_hal_can.o
    0x08000fa2   0x08000fa2   0x00000002   PAD
    0x08000fa4   0x08000fa4   0x00000002   Code   RO          326    .text.HAL_CAN_TxMailbox0CompleteCallback  stm32l4xx_hal_can.o
    0x08000fa6   0x08000fa6   0x00000002   PAD
    0x08000fa8   0x08000fa8   0x00000002   Code   RO          332    .text.HAL_CAN_TxMailbox1AbortCallback  stm32l4xx_hal_can.o
    0x08000faa   0x08000faa   0x00000002   PAD
    0x08000fac   0x08000fac   0x00000002   Code   RO          330    .text.HAL_CAN_TxMailbox1CompleteCallback  stm32l4xx_hal_can.o
    0x08000fae   0x08000fae   0x00000002   PAD
    0x08000fb0   0x08000fb0   0x00000002   Code   RO          336    .text.HAL_CAN_TxMailbox2AbortCallback  stm32l4xx_hal_can.o
    0x08000fb2   0x08000fb2   0x00000002   PAD
    0x08000fb4   0x08000fb4   0x00000002   Code   RO          334    .text.HAL_CAN_TxMailbox2CompleteCallback  stm32l4xx_hal_can.o
    0x08000fb6   0x08000fb6   0x00000002   PAD
    0x08000fb8   0x08000fb8   0x00000002   Code   RO          348    .text.HAL_CAN_WakeUpFromRxMsgCallback  stm32l4xx_hal_can.o
    0x08000fba   0x08000fba   0x00000002   PAD
    0x08000fbc   0x08000fbc   0x0000004a   Code   RO          810    .text.HAL_DMA_Abort  stm32l4xx_hal_dma.o
    0x08001006   0x08001006   0x00000002   PAD
    0x08001008   0x08001008   0x00000058   Code   RO          812    .text.HAL_DMA_Abort_IT  stm32l4xx_hal_dma.o
    0x08001060   0x08001060   0x000000aa   Code   RO          816    .text.HAL_DMA_IRQHandler  stm32l4xx_hal_dma.o
    0x0800110a   0x0800110a   0x00000002   PAD
    0x0800110c   0x0800110c   0x000000cc   Code   RO          802    .text.HAL_DMA_Init  stm32l4xx_hal_dma.o
    0x080011d8   0x080011d8   0x000001e0   Code   RO          778    .text.HAL_GPIO_Init  stm32l4xx_hal_gpio.o
    0x080013b8   0x080013b8   0x0000000c   Code   RO          784    .text.HAL_GPIO_WritePin  stm32l4xx_hal_gpio.o
    0x080013c4   0x080013c4   0x0000000c   Code   RO          378    .text.HAL_GetTick   stm32l4xx_hal.o
    0x080013d0   0x080013d0   0x0000004a   Code   RO          598    .text.HAL_I2CEx_ConfigAnalogFilter  stm32l4xx_hal_i2c_ex.o
    0x0800141a   0x0800141a   0x00000002   PAD
    0x0800141c   0x0800141c   0x00000048   Code   RO          600    .text.HAL_I2CEx_ConfigDigitalFilter  stm32l4xx_hal_i2c_ex.o
    0x08001464   0x08001464   0x000000a2   Code   RO          446    .text.HAL_I2C_Init  stm32l4xx_hal_i2c.o
    0x08001506   0x08001506   0x00000002   PAD
    0x08001508   0x08001508   0x00000088   Code   RO           87    .text.HAL_I2C_MspInit  i2c.o
    0x08001590   0x08001590   0x0000001a   Code   RO          376    .text.HAL_IncTick   stm32l4xx_hal.o
    0x080015aa   0x080015aa   0x00000002   PAD
    0x080015ac   0x080015ac   0x0000001e   Code   RO          366    .text.HAL_Init      stm32l4xx_hal.o
    0x080015ca   0x080015ca   0x00000002   PAD
    0x080015cc   0x080015cc   0x000000bc   Code   RO          219    .text.HAL_InitTick  stm32l4xx_hal_timebase_tim.o
    0x08001688   0x08001688   0x0000003c   Code   RO          210    .text.HAL_MspInit   stm32l4xx_hal_msp.o
    0x080016c4   0x080016c4   0x00000020   Code   RO          945    .text.HAL_NVIC_EnableIRQ  stm32l4xx_hal_cortex.o
    0x080016e4   0x080016e4   0x00000056   Code   RO          943    .text.HAL_NVIC_SetPriority  stm32l4xx_hal_cortex.o
    0x0800173a   0x0800173a   0x00000002   PAD
    0x0800173c   0x0800173c   0x00000020   Code   RO          941    .text.HAL_NVIC_SetPriorityGrouping  stm32l4xx_hal_cortex.o
    0x0800175c   0x0800175c   0x0000008c   Code   RO          877    .text.HAL_PWREx_ControlVoltageScaling  stm32l4xx_hal_pwr_ex.o
    0x080017e8   0x080017e8   0x00000010   Code   RO          875    .text.HAL_PWREx_GetVoltageRange  stm32l4xx_hal_pwr_ex.o
    0x080017f8   0x080017f8   0x000002b0   Code   RO          654    .text.HAL_RCCEx_PeriphCLKConfig  stm32l4xx_hal_rcc_ex.o
    0x08001aa8   0x08001aa8   0x0000027a   Code   RO          624    .text.HAL_RCC_ClockConfig  stm32l4xx_hal_rcc.o
    0x08001d22   0x08001d22   0x00000002   PAD
    0x08001d24   0x08001d24   0x00000042   Code   RO          636    .text.HAL_RCC_GetClockConfig  stm32l4xx_hal_rcc.o
    0x08001d66   0x08001d66   0x00000002   PAD
    0x08001d68   0x08001d68   0x0000002a   Code   RO          630    .text.HAL_RCC_GetPCLK1Freq  stm32l4xx_hal_rcc.o
    0x08001d92   0x08001d92   0x00000002   PAD
    0x08001d94   0x08001d94   0x0000002a   Code   RO          632    .text.HAL_RCC_GetPCLK2Freq  stm32l4xx_hal_rcc.o
    0x08001dbe   0x08001dbe   0x00000002   PAD
    0x08001dc0   0x08001dc0   0x000000c2   Code   RO          622    .text.HAL_RCC_GetSysClockFreq  stm32l4xx_hal_rcc.o
    0x08001e82   0x08001e82   0x00000002   PAD
    0x08001e84   0x08001e84   0x000007d0   Code   RO          620    .text.HAL_RCC_OscConfig  stm32l4xx_hal_rcc.o
    0x08002654   0x08002654   0x00000002   Code   RO         1352    .text.HAL_TIMEx_Break2Callback  stm32l4xx_hal_tim_ex.o
    0x08002656   0x08002656   0x00000002   PAD
    0x08002658   0x08002658   0x00000002   Code   RO         1350    .text.HAL_TIMEx_BreakCallback  stm32l4xx_hal_tim_ex.o
    0x0800265a   0x0800265a   0x00000002   PAD
    0x0800265c   0x0800265c   0x00000002   Code   RO         1346    .text.HAL_TIMEx_CommutCallback  stm32l4xx_hal_tim_ex.o
    0x0800265e   0x0800265e   0x00000002   PAD
    0x08002660   0x08002660   0x00000098   Code   RO         1338    .text.HAL_TIMEx_ConfigBreakDeadTime  stm32l4xx_hal_tim_ex.o
    0x080026f8   0x080026f8   0x00000068   Code   RO         1336    .text.HAL_TIMEx_MasterConfigSynchronization  stm32l4xx_hal_tim_ex.o
    0x08002760   0x08002760   0x000000e2   Code   RO         1041    .text.HAL_TIM_Base_Init  stm32l4xx_hal_tim.o
    0x08002842   0x08002842   0x00000002   PAD
    0x08002844   0x08002844   0x00000100   Code   RO          123    .text.HAL_TIM_Base_MspInit  tim.o
    0x08002944   0x08002944   0x00000060   Code   RO         1055    .text.HAL_TIM_Base_Start_IT  stm32l4xx_hal_tim.o
    0x080029a4   0x080029a4   0x0000019c   Code   RO         1221    .text.HAL_TIM_ConfigClockSource  stm32l4xx_hal_tim.o
    0x08002b40   0x08002b40   0x00000002   Code   RO         1177    .text.HAL_TIM_IC_CaptureCallback  stm32l4xx_hal_tim.o
    0x08002b42   0x08002b42   0x00000002   PAD
    0x08002b44   0x08002b44   0x0000018c   Code   RO         1175    .text.HAL_TIM_IRQHandler  stm32l4xx_hal_tim.o
    0x08002cd0   0x08002cd0   0x00000154   Code   RO          113    .text.HAL_TIM_MspPostInit  tim.o
    0x08002e24   0x08002e24   0x00000002   Code   RO         1179    .text.HAL_TIM_OC_DelayElapsedCallback  stm32l4xx_hal_tim.o
    0x08002e26   0x08002e26   0x00000002   PAD
    0x08002e28   0x08002e28   0x000003a8   Code   RO         1195    .text.HAL_TIM_PWM_ConfigChannel  stm32l4xx_hal_tim.o
    0x080031d0   0x080031d0   0x000000e2   Code   RO         1095    .text.HAL_TIM_PWM_Init  stm32l4xx_hal_tim.o
    0x080032b2   0x080032b2   0x00000002   PAD
    0x080032b4   0x080032b4   0x00000002   Code   RO         1097    .text.HAL_TIM_PWM_MspInit  stm32l4xx_hal_tim.o
    0x080032b6   0x080032b6   0x00000002   PAD
    0x080032b8   0x080032b8   0x00000002   Code   RO         1181    .text.HAL_TIM_PWM_PulseFinishedCallback  stm32l4xx_hal_tim.o
    0x080032ba   0x080032ba   0x00000002   PAD
    0x080032bc   0x080032bc   0x00000122   Code   RO         1103    .text.HAL_TIM_PWM_Start  stm32l4xx_hal_tim.o
    0x080033de   0x080033de   0x00000002   PAD
    0x080033e0   0x080033e0   0x00000014   Code   RO           17    .text.HAL_TIM_PeriodElapsedCallback  main.o
    0x080033f4   0x080033f4   0x00000002   Code   RO         1185    .text.HAL_TIM_TriggerCallback  stm32l4xx_hal_tim.o
    0x080033f6   0x080033f6   0x00000002   PAD
    0x080033f8   0x080033f8   0x00000002   Code   RO         1452    .text.HAL_UARTEx_RxEventCallback  stm32l4xx_hal_uart.o
    0x080033fa   0x080033fa   0x00000002   PAD
    0x080033fc   0x080033fc   0x00000002   Code   RO         1503    .text.HAL_UARTEx_WakeupCallback  stm32l4xx_hal_uart_ex.o
    0x080033fe   0x080033fe   0x00000002   PAD
    0x08003400   0x08003400   0x00000002   Code   RO         1450    .text.HAL_UART_ErrorCallback  stm32l4xx_hal_uart.o
    0x08003402   0x08003402   0x00000002   PAD
    0x08003404   0x08003404   0x000005fe   Code   RO         1446    .text.HAL_UART_IRQHandler  stm32l4xx_hal_uart.o
    0x08003a02   0x08003a02   0x00000002   PAD
    0x08003a04   0x08003a04   0x000000c2   Code   RO         1366    .text.HAL_UART_Init  stm32l4xx_hal_uart.o
    0x08003ac6   0x08003ac6   0x00000002   PAD
    0x08003ac8   0x08003ac8   0x000002a4   Code   RO          146    .text.HAL_UART_MspInit  usart.o
    0x08003d6c   0x08003d6c   0x000000d8   Code   RO         1386    .text.HAL_UART_Transmit  stm32l4xx_hal_uart.o
    0x08003e44   0x08003e44   0x00000002   Code   RO         1454    .text.HAL_UART_TxCpltCallback  stm32l4xx_hal_uart.o
    0x08003e46   0x08003e46   0x00000002   PAD
    0x08003e48   0x08003e48   0x00000002   Code   RO          168    .text.HardFault_Handler  stm32l4xx_it.o
    0x08003e4a   0x08003e4a   0x00000002   PAD
    0x08003e4c   0x08003e4c   0x0000005c   Code   RO         2020    .text.KeyScan_Task  bsptask.o
    0x08003ea8   0x08003ea8   0x0000019c   Code   RO          260    .text.LL_EXTI_Init  stm32l4xx_ll_exti.o
    0x08004044   0x08004044   0x000000e8   Code   RO          274    .text.LL_GPIO_Init  stm32l4xx_ll_gpio.o
    0x0800412c   0x0800412c   0x0000007c   Code   RO         1015    .text.LL_SPI_Init   stm32l4xx_ll_spi.o
    0x080041a8   0x080041a8   0x00000040   Code   RO           61    .text.MX_CAN1_Init  can.o
    0x080041e8   0x080041e8   0x00000074   Code   RO           76    .text.MX_DMA_Init   dma.o
    0x0800425c   0x0800425c   0x00000040   Code   RO           44    .text.MX_FREERTOS_Init  freertos.o
    0x0800429c   0x0800429c   0x00000234   Code   RO           29    .text.MX_GPIO_Init  gpio.o
    0x080044d0   0x080044d0   0x0000006c   Code   RO           85    .text.MX_I2C3_Init  i2c.o
    0x0800453c   0x0800453c   0x0000009a   Code   RO          100    .text.MX_SPI1_Init  spi.o
    0x080045d6   0x080045d6   0x00000002   PAD
    0x080045d8   0x080045d8   0x000000d6   Code   RO          102    .text.MX_SPI2_Init  spi.o
    0x080046ae   0x080046ae   0x00000002   PAD
    0x080046b0   0x080046b0   0x00000120   Code   RO          119    .text.MX_TIM15_Init  tim.o
    0x080047d0   0x080047d0   0x000000b4   Code   RO          121    .text.MX_TIM16_Init  tim.o
    0x08004884   0x08004884   0x0000015e   Code   RO          111    .text.MX_TIM1_Init  tim.o
    0x080049e2   0x080049e2   0x00000002   PAD
    0x080049e4   0x080049e4   0x000000fe   Code   RO          115    .text.MX_TIM2_Init  tim.o
    0x08004ae2   0x08004ae2   0x00000002   PAD
    0x08004ae4   0x08004ae4   0x0000004e   Code   RO          117    .text.MX_TIM6_Init  tim.o
    0x08004b32   0x08004b32   0x00000002   PAD
    0x08004b34   0x08004b34   0x00000040   Code   RO          140    .text.MX_USART1_UART_Init  usart.o
    0x08004b74   0x08004b74   0x00000044   Code   RO          142    .text.MX_USART2_UART_Init  usart.o
    0x08004bb8   0x08004bb8   0x00000048   Code   RO          144    .text.MX_USART3_UART_Init  usart.o
    0x08004c00   0x08004c00   0x00000002   Code   RO          170    .text.MemManage_Handler  stm32l4xx_it.o
    0x08004c02   0x08004c02   0x00000002   PAD
    0x08004c04   0x08004c04   0x00000002   Code   RO          166    .text.NMI_Handler   stm32l4xx_it.o
    0x08004c06   0x08004c06   0x0000000a   PAD
    0x08004c10   0x08004c10   0x0000007a   Code   RO         1987    .text.PendSV_Handler  port.o
    0x08004c8a   0x08004c8a   0x00000002   PAD
    0x08004c8c   0x08004c8c   0x0000016a   Code   RO          656    .text.RCCEx_PLLSAI1_Config  stm32l4xx_hal_rcc_ex.o
    0x08004df6   0x08004df6   0x00000002   PAD
    0x08004df8   0x08004df8   0x000000b2   Code   RO         2018    .text.RGB_Task      bsptask.o
    0x08004eaa   0x08004eaa   0x00000006   PAD
    0x08004eb0   0x08004eb0   0x0000002e   Code   RO         1971    .text.SVC_Handler   port.o
    0x08004ede   0x08004ede   0x00000002   PAD
    0x08004ee0   0x08004ee0   0x00000024   Code   RO           46    .text.StartDefaultTask  freertos.o
    0x08004f04   0x08004f04   0x00000120   Code   RO         2026    .text.SysInf_Task   bsptask.o
    0x08005024   0x08005024   0x0000002e   Code   RO         1989    .text.SysTick_Handler  port.o
    0x08005052   0x08005052   0x00000002   PAD
    0x08005054   0x08005054   0x00000012   Code   RO         1531    .text.SystemInit    system_stm32l4xx.o
    0x08005066   0x08005066   0x00000002   PAD
    0x08005068   0x08005068   0x0000001e   Code   RO          198    .text.TIM6_DAC_IRQHandler  stm32l4xx_it.o
    0x08005086   0x08005086   0x00000002   PAD
    0x08005088   0x08005088   0x0000000c   Code   RO          200    .text.TIM7_IRQHandler  stm32l4xx_it.o
    0x08005094   0x08005094   0x0000010a   Code   RO         2003    .text.Task_Init     mytasklist.o
    0x0800519e   0x0800519e   0x00000002   PAD
    0x080051a0   0x080051a0   0x000000e8   Code   RO         1372    .text.UART_AdvFeatureConfig  stm32l4xx_hal_uart.o
    0x08005288   0x08005288   0x00000010   Code   RO         1448    .text.UART_DMAAbortOnError  stm32l4xx_hal_uart.o
    0x08005298   0x08005298   0x00000230   Code   RO         1370    .text.UART_SetConfig  stm32l4xx_hal_uart.o
    0x080054c8   0x080054c8   0x0000020e   Code   RO         1388    .text.UART_WaitOnFlagUntilTimeout  stm32l4xx_hal_uart.o
    0x080056d6   0x080056d6   0x00000002   PAD
    0x080056d8   0x080056d8   0x0000000c   Code   RO          194    .text.USART3_IRQHandler  stm32l4xx_it.o
    0x080056e4   0x080056e4   0x00000002   Code   RO          174    .text.UsageFault_Handler  stm32l4xx_it.o
    0x080056e6   0x080056e6   0x00000002   PAD
    0x080056e8   0x080056e8   0x00000008   Code   RO         2063    .text._ZN5SPI_C10CS_DisableEv  spi_ll.o
    0x080056f0   0x080056f0   0x000001de   Code   RO         2069    .text._ZN5SPI_C13Read_Muti_RegEhtPh  spi_ll.o
    0x080058ce   0x080058ce   0x00000002   PAD
    0x080058d0   0x080058d0   0x0000000c   Code   RO         2059    .text._ZN5SPI_C4InitEP11SPI_TypeDefP12GPIO_TypeDefj  spi_ll.o
    0x080058dc   0x080058dc   0x000001b0   Code   RO         2067    .text._ZN5SPI_C8Read_RegEh  spi_ll.o
    0x08005a8c   0x08005a8c   0x00000008   Code   RO         2061    .text._ZN5SPI_C9CS_EnableEv  spi_ll.o
    0x08005a94   0x08005a94   0x000001b8   Code   RO         2071    .text._ZN5SPI_C9Write_RegEhh  spi_ll.o
    0x08005c4c   0x08005c4c   0x00000242   Code   RO         2040    .text._ZN8BMI160_C8IMU_InitEv  bmi160.o
    0x08005e8e   0x08005e8e   0x00000002   PAD
    0x08005e90   0x08005e90   0x000000ca   Code   RO         2179    .text.arm_mult_f32  basicmathfunctions.o
    0x08005f5a   0x08005f5a   0x00000002   PAD
    0x08005f5c   0x08005f5c   0x000000ca   Code   RO         2237    .text.arm_sub_f32   basicmathfunctions.o
    0x08006026   0x08006026   0x00000002   PAD
    0x08006028   0x08006028   0x0000001c   Code   RO         2022    .text.configureTimerForRunTimeStats  bsptask.o
    0x08006044   0x08006044   0x0000000c   Code   RO         2024    .text.getRunTimeCounterValue  bsptask.o
    0x08006050   0x08006050   0x0000012e   Code   RO           11    .text.main          main.o
    0x0800617e   0x0800617e   0x00000002   PAD
    0x08006180   0x08006180   0x00000010   Code   RO         1849    .text.osDelay       cmsis_os.o
    0x08006190   0x08006190   0x0000000a   Code   RO         1831    .text.osKernelStart  cmsis_os.o
    0x0800619a   0x0800619a   0x00000002   PAD
    0x0800619c   0x0800619c   0x00000050   Code   RO         1871    .text.osSemaphoreCreate  cmsis_os.o
    0x080061ec   0x080061ec   0x0000005c   Code   RO         1837    .text.osThreadCreate  cmsis_os.o
    0x08006248   0x08006248   0x0000007e   Code   RO         1723    .text.prvAddCurrentTaskToDelayedList  tasks.o
    0x080062c6   0x080062c6   0x00000002   PAD
    0x080062c8   0x080062c8   0x000000fe   Code   RO         1713    .text.prvAddNewTaskToReadyList  tasks.o
    0x080063c6   0x080063c6   0x00000002   PAD
    0x080063c8   0x080063c8   0x00000086   Code   RO         1747    .text.prvIdleTask   tasks.o
    0x0800644e   0x0800644e   0x00000002   PAD
    0x08006450   0x08006450   0x0000012a   Code   RO         1711    .text.prvInitialiseNewTask  tasks.o
    0x0800657a   0x0800657a   0x00000002   PAD
    0x0800657c   0x0800657c   0x00000028   Code   RO         1979    .text.prvPortStartFirstTask  port.o
    0x080065a4   0x080065a4   0x0000003e   Code   RO         1969    .text.prvTaskExitError  port.o
    0x080065e2   0x080065e2   0x00000002   PAD
    0x080065e4   0x080065e4   0x00000074   Code   RO         1610    .text.prvUnlockQueue  queue.o
    0x08006658   0x08006658   0x0000020a   Code   RO         1945    .text.pvPortMalloc  heap_4.o
    0x08006862   0x08006862   0x00000002   PAD
    0x08006864   0x08006864   0x00000018   Code   RO         1803    .text.pvTaskIncrementMutexHeldCount  tasks.o
    0x0800687c   0x0800687c   0x00000028   Code   RO         1967    .text.pxPortInitialiseStack  port.o
    0x080068a4   0x080068a4   0x00000006   Code   RO         2129    .text.qFlash_ReadData  flash.o
    0x080068aa   0x080068aa   0x00000002   PAD
    0x080068ac   0x080068ac   0x00000024   Code   RO         1588    .text.uxListRemove  list.o
    0x080068d0   0x080068d0   0x00000688   Code   RO         1761    .text.uxTaskGetSystemState  tasks.o
    0x08006f58   0x08006f58   0x0000001a   Code   RO           42    .text.vApplicationGetIdleTaskMemory  freertos.o
    0x08006f72   0x08006f72   0x00000002   PAD
    0x08006f74   0x08006f74   0x00000016   Code   RO         1580    .text.vListInitialise  list.o
    0x08006f8a   0x08006f8a   0x00000002   PAD
    0x08006f8c   0x08006f8c   0x00000006   Code   RO         1582    .text.vListInitialiseItem  list.o
    0x08006f92   0x08006f92   0x00000002   PAD
    0x08006f94   0x08006f94   0x00000062   Code   RO         1586    .text.vListInsert   list.o
    0x08006ff6   0x08006ff6   0x00000002   PAD
    0x08006ff8   0x08006ff8   0x0000001c   Code   RO         1584    .text.vListInsertEnd  list.o
    0x08007014   0x08007014   0x00000014   Code   RO         1977    .text.vPortEnableVFP  port.o
    0x08007028   0x08007028   0x00000046   Code   RO         1983    .text.vPortEnterCritical  port.o
    0x0800706e   0x0800706e   0x00000002   PAD
    0x08007070   0x08007070   0x0000002e   Code   RO         1985    .text.vPortExitCritical  port.o
    0x0800709e   0x0800709e   0x00000002   PAD
    0x080070a0   0x080070a0   0x000000d4   Code   RO         1947    .text.vPortFree     heap_4.o
    0x08007174   0x08007174   0x00000034   Code   RO         1975    .text.vPortSetupTimerInterrupt  port.o
    0x080071a8   0x080071a8   0x0000005e   Code   RO         1991    .text.vPortValidateInterruptPriority  port.o
    0x08007206   0x08007206   0x00000002   PAD
    0x08007208   0x08007208   0x0000009e   Code   RO         1727    .text.vTaskDelay    tasks.o
    0x080072a6   0x080072a6   0x00000002   PAD
    0x080072a8   0x080072a8   0x000000e6   Code   RO         1719    .text.vTaskDelayUntil  tasks.o
    0x0800738e   0x0800738e   0x00000002   PAD
    0x08007390   0x08007390   0x00000106   Code   RO         1717    .text.vTaskDelete   tasks.o
    0x08007496   0x08007496   0x00000002   PAD
    0x08007498   0x08007498   0x000000ea   Code   RO         1799    .text.vTaskGetRunTimeStats  tasks.o
    0x08007582   0x08007582   0x00000002   PAD
    0x08007584   0x08007584   0x00000012   Code   RO         1775    .text.vTaskInternalSetTimeOutState  tasks.o
    0x08007596   0x08007596   0x00000002   PAD
    0x08007598   0x08007598   0x000000f0   Code   RO         1797    .text.vTaskList     tasks.o
    0x08007688   0x08007688   0x0000000e   Code   RO         1779    .text.vTaskMissedYield  tasks.o
    0x08007696   0x08007696   0x00000002   PAD
    0x08007698   0x08007698   0x00000036   Code   RO         1765    .text.vTaskPlaceOnEventList  tasks.o
    0x080076ce   0x080076ce   0x00000002   PAD
    0x080076d0   0x080076d0   0x000000b0   Code   RO         1795    .text.vTaskPriorityDisinheritAfterTimeout  tasks.o
    0x08007780   0x08007780   0x000000d0   Code   RO         1745    .text.vTaskStartScheduler  tasks.o
    0x08007850   0x08007850   0x00000010   Code   RO         1721    .text.vTaskSuspendAll  tasks.o
    0x08007860   0x08007860   0x00000082   Code   RO         1739    .text.vTaskSwitchContext  tasks.o
    0x080078e2   0x080078e2   0x00000002   PAD
    0x080078e4   0x080078e4   0x00000184   Code   RO         1973    .text.xPortStartScheduler  port.o
    0x08007a68   0x08007a68   0x00000086   Code   RO         1602    .text.xQueueGenericCreate  queue.o
    0x08007aee   0x08007aee   0x00000002   PAD
    0x08007af0   0x08007af0   0x000000de   Code   RO         1600    .text.xQueueGenericCreateStatic  queue.o
    0x08007bce   0x08007bce   0x00000002   PAD
    0x08007bd0   0x08007bd0   0x00000230   Code   RO         1608    .text.xQueueGenericSend  queue.o
    0x08007e00   0x08007e00   0x000000c8   Code   RO         1614    .text.xQueueGiveFromISR  queue.o
    0x08007ec8   0x08007ec8   0x000001dc   Code   RO         1618    .text.xQueueSemaphoreTake  queue.o
    0x080080a4   0x080080a4   0x000000a2   Code   RO         1777    .text.xTaskCheckForTimeOut  tasks.o
    0x08008146   0x08008146   0x00000002   PAD
    0x08008148   0x08008148   0x00000060   Code   RO         1715    .text.xTaskCreate   tasks.o
    0x080081a8   0x080081a8   0x00000076   Code   RO         1709    .text.xTaskCreateStatic  tasks.o
    0x0800821e   0x0800821e   0x00000002   PAD
    0x08008220   0x08008220   0x0000001e   Code   RO         1789    .text.xTaskGetSchedulerState  tasks.o
    0x0800823e   0x0800823e   0x00000002   PAD
    0x08008240   0x08008240   0x0000000c   Code   RO         1753    .text.xTaskGetTickCount  tasks.o
    0x0800824c   0x0800824c   0x00000106   Code   RO         1751    .text.xTaskIncrementTick  tasks.o
    0x08008352   0x08008352   0x00000002   PAD
    0x08008354   0x08008354   0x000000b6   Code   RO         1793    .text.xTaskPriorityDisinherit  tasks.o
    0x0800840a   0x0800840a   0x00000002   PAD
    0x0800840c   0x0800840c   0x000000ac   Code   RO         1791    .text.xTaskPriorityInherit  tasks.o
    0x080084b8   0x080084b8   0x00000074   Code   RO         1769    .text.xTaskRemoveFromEventList  tasks.o
    0x0800852c   0x0800852c   0x000000ea   Code   RO         1725    .text.xTaskResumeAll  tasks.o
    0x08008616   0x08008616   0x0000001a   Code   RO         4187    x$fpl$fpinit        fz_wm.l(fpinit.o)
    0x08008630   0x08008630   0x0000001c   Data   RO           51    .rodata..L__const.MX_FREERTOS_Init.os_thread_def_defaultTask  freertos.o
    0x0800864c   0x0800864c   0x0000001c   Data   RO         2009    .rodata..L__const.Task_Init.os_thread_def_IMURecTask  mytasklist.o
    0x08008668   0x08008668   0x0000001c   Data   RO         2010    .rodata..L__const.Task_Init.os_thread_def_IMUTemTask  mytasklist.o
    0x08008684   0x08008684   0x0000001c   Data   RO         2008    .rodata..L__const.Task_Init.os_thread_def_KeyScanTask  mytasklist.o
    0x080086a0   0x080086a0   0x0000001c   Data   RO         2007    .rodata..L__const.Task_Init.os_thread_def_RGBTask  mytasklist.o
    0x080086bc   0x080086bc   0x0000001c   Data   RO         2006    .rodata..L__const.Task_Init.os_thread_def_SysInfTask  mytasklist.o
    0x080086d8   0x080086d8   0x00000010   Data   RO         1536    .rodata.AHBPrescTable  system_stm32l4xx.o
    0x080086e8   0x080086e8   0x00000008   Data   RO         1537    .rodata.APBPrescTable  system_stm32l4xx.o
    0x080086f0   0x080086f0   0x00000030   Data   RO         1538    .rodata.MSIRangeTable  system_stm32l4xx.o
    0x08008720   0x08008720   0x00000010   Data   RO         1492    .rodata.cst16       stm32l4xx_hal_uart.o
    0x08008730   0x08008730   0x0000000c   Data   RO           50    .rodata.str1.1      freertos.o
    0x0800873c   0x0800873c   0x00000035   Data   RO         2005    .rodata.str1.1      mytasklist.o
    0x08008771   0x08008771   0x00000003   PAD
    0x08008774   0x08008774   0x00000030   Data   RO         4248    Region$$Table       anon$$obj.o


    Execution Region RW_IRAM2 (Exec base: 0x10000000, Load base: 0x080087a8, Size: 0x00001018, Max: 0x00004000, ABSOLUTE)

    Exec Addr    Load Addr    Size         Type   Attr      Idx    E Section Name        Object

    0x10000000   0x080087a8   0x00000008   Data   RW          437    .data..L_MergedGlobals  stm32l4xx_hal.o
    0x10000008   0x080087b0   0x00000084   Data   RW         2050    .data.BMI160        bmi160.o
    0x1000008c   0x08008834   0x00000004   Data   RW         1535    .data.SystemCoreClock  system_stm32l4xx.o
    0x10000090   0x08008838   0x00000004   Data   RW         1993    .data.uxCriticalNesting  port.o
    0x10000094   0x0800883c   0x00000004   PAD
    0x10000098        -       0x00000060   Zero   RW         4099    .bss                c_w.l(libspace.o)
    0x100000f8        -       0x0000007c   Zero   RW         1820    .bss..L_MergedGlobals  tasks.o
    0x10000174        -       0x00000020   Zero   RW         1958    .bss..L_MergedGlobals  heap_4.o
    0x10000194        -       0x00000008   Zero   RW         1994    .bss..L_MergedGlobals  port.o
    0x1000019c        -       0x0000001c   Zero   RW         2011    .bss..L_MergedGlobals  mytasklist.o
    0x100001b8        -       0x00000028   Zero   RW         1821    .bss..L_MergedGlobals.4  tasks.o
    0x100001e0        -       0x00000001   Zero   RW         2028    .bss.KEY_Value      bsptask.o
    0x100001e1        -       0x00000001   Zero   RW           19    .bss.Power          main.o
    0x100001e2   0x0800883c   0x00000002   PAD
    0x100001e4        -       0x00000004   Zero   RW         2029    .bss.Time_Counter   bsptask.o
    0x100001e8        -       0x00000004   Zero   RW           52    .bss.defaultTaskHandle  freertos.o
    0x100001ec        -       0x00000028   Zero   RW           67    .bss.hcan1          can.o
    0x10000214        -       0x00000048   Zero   RW          153    .bss.hdma_usart1_rx  usart.o
    0x1000025c        -       0x00000048   Zero   RW          154    .bss.hdma_usart1_tx  usart.o
    0x100002a4        -       0x00000048   Zero   RW          156    .bss.hdma_usart2_rx  usart.o
    0x100002ec        -       0x00000048   Zero   RW          155    .bss.hdma_usart2_tx  usart.o
    0x10000334        -       0x00000048   Zero   RW          157    .bss.hdma_usart3_rx  usart.o
    0x1000037c        -       0x00000054   Zero   RW           91    .bss.hi2c3          i2c.o
    0x100003d0        -       0x0000004c   Zero   RW          127    .bss.htim1          tim.o
    0x1000041c        -       0x0000004c   Zero   RW          130    .bss.htim15         tim.o
    0x10000468        -       0x0000004c   Zero   RW          131    .bss.htim16         tim.o
    0x100004b4        -       0x0000004c   Zero   RW          128    .bss.htim2          tim.o
    0x10000500        -       0x0000004c   Zero   RW          129    .bss.htim6          tim.o
    0x1000054c        -       0x0000004c   Zero   RW          225    .bss.htim7          stm32l4xx_hal_timebase_tim.o
    0x10000598        -       0x00000084   Zero   RW          150    .bss.huart1         usart.o
    0x1000061c        -       0x00000084   Zero   RW          151    .bss.huart2         usart.o
    0x100006a0        -       0x00000084   Zero   RW          152    .bss.huart3         usart.o
    0x10000724        -       0x0000008c   Zero   RW         1819    .bss.pxReadyTasksLists  tasks.o
    0x100007b0        -       0x00000004   Zero   RW          436    .bss.uwTick         stm32l4xx_hal.o
    0x100007b4        -       0x00000200   Zero   RW           49    .bss.xIdleStack     freertos.o
    0x100009b4        -       0x00000060   Zero   RW           48    .bss.xIdleTaskTCBBuffer  freertos.o
    0x10000a14   0x0800883c   0x00000004   PAD
    0x10000a18        -       0x00000200   Zero   RW            2    HEAP                startup_stm32l431xx.o
    0x10000c18        -       0x00000400   Zero   RW            1    STACK               startup_stm32l431xx.o


    Execution Region RW_IRAM1 (Exec base: 0x20000000, Load base: 0x080087a4, Size: 0x0000a000, Max: 0x0000c000, ABSOLUTE)

    Exec Addr    Load Addr    Size         Type   Attr      Idx    E Section Name        Object

    0x20000000        -       0x0000a000   Zero   RW         1957    .bss.ucHeap         heap_4.o


==============================================================================

Image component sizes


      Code (inc. data)   RO Data    RW Data    ZI Data      Debug   Object Name

       404          0          0          0          0      51196   basicmathfunctions.o
      1142         12          0        132          0      20340   bmi160.o
       598         84          0          0          5       8090   bsptask.o
       204          0          0          0         40       6065   can.o
       198          0          0          0          0      25748   cmsis_os.o
       116          0          0          0          0       3264   dma.o
         6          0          0          0          0       1889   flash.o
       126          0         40          0        612       3790   freertos.o
       564          0          0          0          0       7344   gpio.o
       734          0          0          0      40992       5723   heap_4.o
       244          0          0          0         84       6268   i2c.o
       190          0          0          0          0       2333   list.o
       332          0          0          0          1       5765   main.o
       266          0        193          0         28       3550   mytasklist.o
      1026         16          0          4          8       4107   port.o
      1708          0          0          0          0      24839   queue.o
       368          0          0          0          0       3659   spi.o
      1378          0          0          0          0      15428   spi_ll.o
        64         26        396          0       1536        836   startup_stm32l431xx.o
        68          0          0          8          4       8524   stm32l4xx_hal.o
       892          6          0          0          0      13861   stm32l4xx_hal_can.o
       150          0          0          0          0      10159   stm32l4xx_hal_cortex.o
       536          0          0          0          0       7797   stm32l4xx_hal_dma.o
       492          0          0          0          0       5428   stm32l4xx_hal_gpio.o
       162          0          0          0          0      58624   stm32l4xx_hal_i2c.o
       146          0          0          0          0       6088   stm32l4xx_hal_i2c_ex.o
        60          0          0          0          0       3324   stm32l4xx_hal_msp.o
       156          0          0          0          0       8579   stm32l4xx_hal_pwr_ex.o
      2978          0          0          0          0      11975   stm32l4xx_hal_rcc.o
      1050          0          0          0          0      13822   stm32l4xx_hal_rcc_ex.o
      2592         24          0          0          0      60564   stm32l4xx_hal_tim.o
       262          0          0          0          0      22697   stm32l4xx_hal_tim_ex.o
       188          0          0          0         76       7099   stm32l4xx_hal_timebase_tim.o
      3284         48         16          0          0      35551   stm32l4xx_hal_uart.o
         2          0          0          0          0       8771   stm32l4xx_hal_uart_ex.o
       268          0          0          0          0       9662   stm32l4xx_it.o
       412         12          0          0          0       3581   stm32l4xx_ll_exti.o
       232          0          0          0          0       3981   stm32l4xx_ll_gpio.o
       124          0          0          0          0       3810   stm32l4xx_ll_spi.o
        18          0         72          4          0       2970   system_stm32l4xx.o
      5632         68          0          0        304      42828   tasks.o
      1746          0          0          0        380      10150   tim.o
       880          0          0          0        756       8874   usart.o

    ----------------------------------------------------------------------
     32210        296        768        148      44836     568953   Object Totals
         0          0         48          0          0          0   (incl. Generated)
       212          0          3          0         10          0   (incl. Padding)

    ----------------------------------------------------------------------

      Code (inc. data)   RO Data    RW Data    ZI Data      Debug   Library Member Name

         8          0          0          0          0         68   __main.o
       104          0          0          0          0         84   __printf.o
         0          0          0          0          0          0   __rtentry.o
        12          0          0          0          0          0   __rtentry2.o
         6          0          0          0          0          0   __rtentry4.o
        52          8          0          0          0          0   __scatter.o
        26          0          0          0          0          0   __scatter_copy.o
        28          0          0          0          0          0   __scatter_zi.o
         6          0          0          0          0          0   _printf_c.o
        44          0          0          0          0        108   _printf_char.o
        48          6          0          0          0         96   _printf_char_common.o
       120         16          0          0          0         92   _printf_dec.o
       178          0          0          0          0         88   _printf_intcommon.o
         0          0          0          0          0          0   _printf_percent.o
         4          0          0          0          0          0   _printf_percent_end.o
        82          0          0          0          0         80   _printf_str.o
         6          0          0          0          0          0   _printf_u.o
        10          0          0          0          0         68   _sputc.o
        16          0          0          0          0         68   aeabi_memset.o
        16          0          0          0          0         68   aeabi_memset4.o
        18          0          0          0          0         80   exit.o
         6          0          0          0          0        152   heapauxi.o
         0          0          0          0          0          0   indicate_semi.o
         2          0          0          0          0          0   libinit.o
         6          0          0          0          0          0   libinit2.o
         2          0          0          0          0          0   libshutdown.o
         2          0          0          0          0          0   libshutdown2.o
         8          4          0          0         96         68   libspace.o
       240          0          0          0          0        100   lludivv7m.o
        40          6          0          0          0         84   noretval__2sprintf.o
        68          0          0          0          0         68   rt_memclr.o
        78          0          0          0          0         80   rt_memclr_w.o
       138          0          0          0          0         68   rt_memcpy_v6.o
       100          0          0          0          0         80   rt_memcpy_w.o
         2          0          0          0          0          0   rtexit.o
        10          0          0          0          0          0   rtexit2.o
        72          0          0          0          0         80   strcpy.o
        62          0          0          0          0         76   strlen.o
        12          4          0          0          0         68   sys_exit.o
        74          0          0          0          0         80   sys_stackheap_outer.o
         2          0          0          0          0         68   use_no_semi.o
        26          0          0          0          0        116   fpinit.o

    ----------------------------------------------------------------------
      1746         44          0          0         96       2088   Library Totals
        12          0          0          0          0          0   (incl. Padding)

    ----------------------------------------------------------------------

      Code (inc. data)   RO Data    RW Data    ZI Data      Debug   Library Name

      1708         44          0          0         96       1972   c_w.l
        26          0          0          0          0        116   fz_wm.l

    ----------------------------------------------------------------------
      1746         44          0          0         96       2088   Library Totals

    ----------------------------------------------------------------------

==============================================================================


      Code (inc. data)   RO Data    RW Data    ZI Data      Debug   

     33956        340        768        148      44932     569181   Grand Totals
     33956        340        768        148      44932     569181   ELF Image Totals
     33956        340        768        148          0          0   ROM Totals

==============================================================================

    Total RO  Size (Code + RO Data)                34724 (  33.91kB)
    Total RW  Size (RW Data + ZI Data)             45080 (  44.02kB)
    Total ROM Size (Code + RO Data + RW Data)      34872 (  34.05kB)

==============================================================================

