Component: Arm Compiler for Embedded 6.18 Tool: armlink [5e4cc100]

==============================================================================

Section Cross References

    startup_stm32l431xx.o(STACK) refers (Special) to heapauxi.o(.text) for __use_two_region_memory
    startup_stm32l431xx.o(HEAP) refers (Special) to heapauxi.o(.text) for __use_two_region_memory
    startup_stm32l431xx.o(RESET) refers (Special) to heapauxi.o(.text) for __use_two_region_memory
    startup_stm32l431xx.o(RESET) refers to startup_stm32l431xx.o(STACK) for __initial_sp
    startup_stm32l431xx.o(RESET) refers to startup_stm32l431xx.o(.text) for Reset_Handler
    startup_stm32l431xx.o(RESET) refers to stm32l4xx_it.o(.text.NMI_Handler) for NMI_Handler
    startup_stm32l431xx.o(RESET) refers to stm32l4xx_it.o(.text.HardFault_Handler) for HardFault_Handler
    startup_stm32l431xx.o(RESET) refers to stm32l4xx_it.o(.text.MemManage_Handler) for MemManage_Handler
    startup_stm32l431xx.o(RESET) refers to stm32l4xx_it.o(.text.BusFault_Handler) for BusFault_Handler
    startup_stm32l431xx.o(RESET) refers to stm32l4xx_it.o(.text.UsageFault_Handler) for UsageFault_Handler
    startup_stm32l431xx.o(RESET) refers to port.o(.text.SVC_Handler) for SVC_Handler
    startup_stm32l431xx.o(RESET) refers to stm32l4xx_it.o(.text.DebugMon_Handler) for DebugMon_Handler
    startup_stm32l431xx.o(RESET) refers to port.o(.text.PendSV_Handler) for PendSV_Handler
    startup_stm32l431xx.o(RESET) refers to port.o(.text.SysTick_Handler) for SysTick_Handler
    startup_stm32l431xx.o(RESET) refers to stm32l4xx_it.o(.text.DMA1_Channel3_IRQHandler) for DMA1_Channel3_IRQHandler
    startup_stm32l431xx.o(RESET) refers to stm32l4xx_it.o(.text.DMA1_Channel4_IRQHandler) for DMA1_Channel4_IRQHandler
    startup_stm32l431xx.o(RESET) refers to stm32l4xx_it.o(.text.DMA1_Channel5_IRQHandler) for DMA1_Channel5_IRQHandler
    startup_stm32l431xx.o(RESET) refers to stm32l4xx_it.o(.text.DMA1_Channel6_IRQHandler) for DMA1_Channel6_IRQHandler
    startup_stm32l431xx.o(RESET) refers to stm32l4xx_it.o(.text.DMA1_Channel7_IRQHandler) for DMA1_Channel7_IRQHandler
    startup_stm32l431xx.o(RESET) refers to stm32l4xx_it.o(.text.CAN1_RX0_IRQHandler) for CAN1_RX0_IRQHandler
    startup_stm32l431xx.o(RESET) refers to stm32l4xx_it.o(.text.CAN1_RX1_IRQHandler) for CAN1_RX1_IRQHandler
    startup_stm32l431xx.o(RESET) refers to stm32l4xx_it.o(.text.USART3_IRQHandler) for USART3_IRQHandler
    startup_stm32l431xx.o(RESET) refers to stm32l4xx_it.o(.text.TIM6_DAC_IRQHandler) for TIM6_DAC_IRQHandler
    startup_stm32l431xx.o(RESET) refers to stm32l4xx_it.o(.text.TIM7_IRQHandler) for TIM7_IRQHandler
    startup_stm32l431xx.o(.text) refers (Special) to heapauxi.o(.text) for __use_two_region_memory
    startup_stm32l431xx.o(.text) refers to system_stm32l4xx.o(.text.SystemInit) for SystemInit
    startup_stm32l431xx.o(.text) refers to __main.o(!!!main) for __main
    startup_stm32l431xx.o(.text) refers to startup_stm32l431xx.o(HEAP) for Heap_Mem
    startup_stm32l431xx.o(.text) refers to startup_stm32l431xx.o(STACK) for Stack_Mem
    main.o(.text.main) refers to stm32l4xx_hal.o(.text.HAL_Init) for HAL_Init
    main.o(.text.main) refers to stm32l4xx_hal_pwr_ex.o(.text.HAL_PWREx_ControlVoltageScaling) for HAL_PWREx_ControlVoltageScaling
    main.o(.text.main) refers to stm32l4xx_hal_rcc.o(.text.HAL_RCC_OscConfig) for HAL_RCC_OscConfig
    main.o(.text.main) refers to stm32l4xx_hal_rcc.o(.text.HAL_RCC_ClockConfig) for HAL_RCC_ClockConfig
    main.o(.text.main) refers to gpio.o(.text.MX_GPIO_Init) for MX_GPIO_Init
    main.o(.text.main) refers to dma.o(.text.MX_DMA_Init) for MX_DMA_Init
    main.o(.text.main) refers to can.o(.text.MX_CAN1_Init) for MX_CAN1_Init
    main.o(.text.main) refers to tim.o(.text.MX_TIM1_Init) for MX_TIM1_Init
    main.o(.text.main) refers to tim.o(.text.MX_TIM2_Init) for MX_TIM2_Init
    main.o(.text.main) refers to tim.o(.text.MX_TIM6_Init) for MX_TIM6_Init
    main.o(.text.main) refers to tim.o(.text.MX_TIM15_Init) for MX_TIM15_Init
    main.o(.text.main) refers to tim.o(.text.MX_TIM16_Init) for MX_TIM16_Init
    main.o(.text.main) refers to usart.o(.text.MX_USART2_UART_Init) for MX_USART2_UART_Init
    main.o(.text.main) refers to usart.o(.text.MX_USART3_UART_Init) for MX_USART3_UART_Init
    main.o(.text.main) refers to i2c.o(.text.MX_I2C3_Init) for MX_I2C3_Init
    main.o(.text.main) refers to spi.o(.text.MX_SPI1_Init) for MX_SPI1_Init
    main.o(.text.main) refers to spi.o(.text.MX_SPI2_Init) for MX_SPI2_Init
    main.o(.text.main) refers to usart.o(.text.MX_USART1_UART_Init) for MX_USART1_UART_Init
    main.o(.text.main) refers to tim.o(.bss.htim2) for htim2
    main.o(.text.main) refers to stm32l4xx_hal_tim.o(.text.HAL_TIM_PWM_Start) for HAL_TIM_PWM_Start
    main.o(.text.main) refers to tim.o(.bss.htim16) for htim16
    main.o(.text.main) refers to tim.o(.bss.htim1) for htim1
    main.o(.text.main) refers to tim.o(.bss.htim15) for htim15
[...]
    [Anonymous Symbol]                       0x08000dfc   Section        0  i2c.o(.text.HAL_I2C_MspInit)
    [Anonymous Symbol]                       0x08000e84   Section        0  stm32l4xx_hal.o(.text.HAL_IncTick)
    [Anonymous Symbol]                       0x08000ea0   Section        0  stm32l4xx_hal.o(.text.HAL_Init)
    [Anonymous Symbol]                       0x08000ec0   Section        0  stm32l4xx_hal_timebase_tim.o(.text.HAL_InitTick)
    [Anonymous Symbol]                       0x08000f7c   Section        0  stm32l4xx_hal_msp.o(.text.HAL_MspInit)
    [Anonymous Symbol]                       0x08000fb8   Section        0  stm32l4xx_hal_cortex.o(.text.HAL_NVIC_EnableIRQ)
    [Anonymous Symbol]                       0x08000fd8   Section        0  stm32l4xx_hal_cortex.o(.text.HAL_NVIC_SetPriority)
    [Anonymous Symbol]                       0x08001030   Section        0  stm32l4xx_hal_cortex.o(.text.HAL_NVIC_SetPriorityGrouping)
    [Anonymous Symbol]                       0x08001050   Section        0  stm32l4xx_hal_pwr_ex.o(.text.HAL_PWREx_ControlVoltageScaling)
    [Anonymous Symbol]                       0x080010dc   Section        0  stm32l4xx_hal_pwr_ex.o(.text.HAL_PWREx_GetVoltageRange)
    [Anonymous Symbol]                       0x080010ec   Section        0  stm32l4xx_hal_rcc_ex.o(.text.HAL_RCCEx_PeriphCLKConfig)
    [Anonymous Symbol]                       0x0800139c   Section        0  stm32l4xx_hal_rcc.o(.text.HAL_RCC_ClockConfig)
    [Anonymous Symbol]                       0x08001618   Section        0  stm32l4xx_hal_rcc.o(.text.HAL_RCC_GetClockConfig)
    [Anonymous Symbol]                       0x0800165c   Section        0  stm32l4xx_hal_rcc.o(.text.HAL_RCC_GetPCLK1Freq)
    [Anonymous Symbol]                       0x08001688   Section        0  stm32l4xx_hal_rcc.o(.text.HAL_RCC_GetPCLK2Freq)
    [Anonymous Symbol]                       0x080016b4   Section        0  stm32l4xx_hal_rcc.o(.text.HAL_RCC_GetSysClockFreq)
    [Anonymous Symbol]                       0x08001778   Section        0  stm32l4xx_hal_rcc.o(.text.HAL_RCC_OscConfig)
    [Anonymous Symbol]                       0x08001f48   Section        0  stm32l4xx_hal_spi.o(.text.HAL_SPI_Init)
    [Anonymous Symbol]                       0x08002024   Section        0  spi.o(.text.HAL_SPI_MspInit)
    [Anonymous Symbol]                       0x0800210c   Section        0  stm32l4xx_hal_tim_ex.o(.text.HAL_TIMEx_Break2Callback)
    [Anonymous Symbol]                       0x08002110   Section        0  stm32l4xx_hal_tim_ex.o(.text.HAL_TIMEx_BreakCallback)
    [Anonymous Symbol]                       0x08002114   Section        0  stm32l4xx_hal_tim_ex.o(.text.HAL_TIMEx_CommutCallback)
    [Anonymous Symbol]                       0x08002118   Section        0  stm32l4xx_hal_tim_ex.o(.text.HAL_TIMEx_ConfigBreakDeadTime)
    [Anonymous Symbol]                       0x080021b0   Section        0  stm32l4xx_hal_tim_ex.o(.text.HAL_TIMEx_MasterConfigSynchronization)
    [Anonymous Symbol]                       0x08002218   Section        0  stm32l4xx_hal_tim.o(.text.HAL_TIM_Base_Init)
    [Anonymous Symbol]                       0x080022fc   Section        0  tim.o(.text.HAL_TIM_Base_MspInit)
    [Anonymous Symbol]                       0x080023fc   Section        0  stm32l4xx_hal_tim.o(.text.HAL_TIM_Base_Start_IT)
    [Anonymous Symbol]                       0x0800245c   Section        0  stm32l4xx_hal_tim.o(.text.HAL_TIM_ConfigClockSource)
    [Anonymous Symbol]                       0x080025f8   Section        0  stm32l4xx_hal_tim.o(.text.HAL_TIM_IC_CaptureCallback)
    [Anonymous Symbol]                       0x080025fc   Section        0  stm32l4xx_hal_tim.o(.text.HAL_TIM_IRQHandler)
    [Anonymous Symbol]                       0x08002788   Section        0  tim.o(.text.HAL_TIM_MspPostInit)
    [Anonymous Symbol]                       0x080028dc   Section        0  stm32l4xx_hal_tim.o(.text.HAL_TIM_OC_DelayElapsedCallback)
    [Anonymous Symbol]                       0x080028e0   Section        0  stm32l4xx_hal_tim.o(.text.HAL_TIM_PWM_ConfigChannel)
    [Anonymous Symbol]                       0x08002c88   Section        0  stm32l4xx_hal_tim.o(.text.HAL_TIM_PWM_Init)
    [Anonymous Symbol]                       0x08002d6c   Section        0  stm32l4xx_hal_tim.o(.text.HAL_TIM_PWM_MspInit)
    [Anonymous Symbol]                       0x08002d70   Section        0  stm32l4xx_hal_tim.o(.text.HAL_TIM_PWM_PulseFinishedCallback)
    [Anonymous Symbol]                       0x08002d74   Section        0  stm32l4xx_hal_tim.o(.text.HAL_TIM_PWM_Start)
    [Anonymous Symbol]                       0x08002e98   Section        0  main.o(.text.HAL_TIM_PeriodElapsedCallback)
    [Anonymous Symbol]                       0x08002eac   Section        0  stm32l4xx_hal_tim.o(.text.HAL_TIM_TriggerCallback)
    [Anonymous Symbol]                       0x08002eb0   Section        0  stm32l4xx_hal_uart.o(.text.HAL_UARTEx_RxEventCallback)
    [Anonymous Symbol]                       0x08002eb4   Section        0  stm32l4xx_hal_uart_ex.o(.text.HAL_UARTEx_WakeupCallback)
    [Anonymous Symbol]                       0x08002eb8   Section        0  stm32l4xx_hal_uart.o(.text.HAL_UART_ErrorCallback)
    [Anonymous Symbol]                       0x08002ebc   Section        0  stm32l4xx_hal_uart.o(.text.HAL_UART_IRQHandler)
    [Anonymous Symbol]                       0x080034bc   Section        0  stm32l4xx_hal_uart.o(.text.HAL_UART_Init)
    [Anonymous Symbol]                       0x08003580   Section        0  usart.o(.text.HAL_UART_MspInit)
    [Anonymous Symbol]                       0x08003824   Section        0  stm32l4xx_hal_uart.o(.text.HAL_UART_TxCpltCallback)
    [Anonymous Symbol]                       0x08003828   Section        0  stm32l4xx_it.o(.text.HardFault_Handler)
    [Anonymous Symbol]                       0x0800382c   Section        0  can.o(.text.MX_CAN1_Init)
    [Anonymous Symbol]                       0x0800386c   Section        0  dma.o(.text.MX_DMA_Init)
    [Anonymous Symbol]                       0x080038e0   Section        0  freertos.o(.text.MX_FREERTOS_Init)
    [Anonymous Symbol]                       0x0800391c   Section        0  gpio.o(.text.MX_GPIO_Init)
    [Anonymous Symbol]                       0x08003a50   Section        0  i2c.o(.text.MX_I2C3_Init)
    [Anonymous Symbol]                       0x08003abc   Section        0  spi.o(.text.MX_SPI1_Init)
    [Anonymous Symbol]                       0x08003b0c   Section        0  spi.o(.text.MX_SPI2_Init)
    [Anonymous Symbol]                       0x08003b5c   Section        0  tim.o(.text.MX_TIM15_Init)
    [Anonymous Symbol]                       0x08003c7c   Section        0  tim.o(.text.MX_TIM16_Init)
    [Anonymous Symbol]                       0x08003d30   Section        0  tim.o(.text.MX_TIM1_Init)
    [Anonymous Symbol]                       0x08003e90   Section        0  tim.o(.text.MX_TIM2_Init)
    [Anonymous Symbol]                       0x08003f90   Section        0  tim.o(.text.MX_TIM6_Init)
    [Anonymous Symbol]                       0x08003fe0   Section        0  usart.o(.text.MX_USART1_UART_Init)
    [Anonymous Symbol]                       0x08004020   Section        0  usart.o(.text.MX_USART2_UART_Init)
    [Anonymous Symbol]                       0x08004060   Section        0  usart.o(.text.MX_USART3_UART_Init)
    [Anonymous Symbol]                       0x080040a8   Section        0  stm32l4xx_it.o(.text.MemManage_Handler)
    [Anonymous Symbol]                       0x080040ac   Section        0  stm32l4xx_it.o(.text.NMI_Handler)
    [Anonymous Symbol]                       0x080040b0   Section        0  port.o(.text.PendSV_Handler)
    pxCurrentTCBConst                        0x08004110   Number         0  port.o(.text.PendSV_Handler)
    RCCEx_PLLSAI1_Config                     0x0800412d   Thumb Code   362  stm32l4xx_hal_rcc_ex.o(.text.RCCEx_PLLSAI1_Config)
    [Anonymous Symbol]                       0x0800412c   Section        0  stm32l4xx_hal_rcc_ex.o(.text.RCCEx_PLLSAI1_Config)
    [Anonymous Symbol]                       0x080042a0   Section        0  port.o(.text.SVC_Handler)
    pxCurrentTCBConst2                       0x080042c0   Number         0  port.o(.text.SVC_Handler)
    [Anonymous Symbol]                       0x080042d0   Section        0  freertos.o(.text.StartDefaultTask)
    [Anonymous Symbol]                       0x08004380   Section        0  port.o(.text.SysTick_Handler)
    [Anonymous Symbol]                       0x080043b0   Section        0  system_stm32l4xx.o(.text.SystemInit)
    [Anonymous Symbol]                       0x080043c4   Section        0  stm32l4xx_it.o(.text.TIM6_DAC_IRQHandler)
    [Anonymous Symbol]                       0x080043d0   Section        0  stm32l4xx_it.o(.text.TIM7_IRQHandler)
    [Anonymous Symbol]                       0x080043dc   Section        0  stm32l4xx_hal_uart.o(.text.UART_AdvFeatureConfig)
    UART_DMAAbortOnError                     0x080044c5   Thumb Code    16  stm32l4xx_hal_uart.o(.text.UART_DMAAbortOnError)
    [Anonymous Symbol]                       0x080044c4   Section        0  stm32l4xx_hal_uart.o(.text.UART_DMAAbortOnError)
    [Anonymous Symbol]                       0x080044d4   Section        0  stm32l4xx_hal_uart.o(.text.UART_SetConfig)
    [Anonymous Symbol]                       0x08004704   Section        0  stm32l4xx_hal_uart.o(.text.UART_WaitOnFlagUntilTimeout)
    [Anonymous Symbol]                       0x08004914   Section        0  stm32l4xx_it.o(.text.USART3_IRQHandler)
    [Anonymous Symbol]                       0x08004920   Section        0  stm32l4xx_it.o(.text.UsageFault_Handler)
    [Anonymous Symbol]                       0x08004924   Section        0  main.o(.text.main)
    [Anonymous Symbol]                       0x08004a54   Section        0  cmsis_os.o(.text.osDelay)
    [Anonymous Symbol]                       0x08004a64   Section        0  cmsis_os.o(.text.osKernelStart)
    [Anonymous Symbol]                       0x08004a70   Section        0  cmsis_os.o(.text.osThreadCreate)
    prvAddNewTaskToReadyList                 0x08004acd   Thumb Code   252  tasks.o(.text.prvAddNewTaskToReadyList)
    [Anonymous Symbol]                       0x08004acc   Section        0  tasks.o(.text.prvAddNewTaskToReadyList)
    prvIdleTask                              0x08004bc9   Thumb Code   134  tasks.o(.text.prvIdleTask)
    [Anonymous Symbol]                       0x08004bc8   Section        0  tasks.o(.text.prvIdleTask)
    prvInitialiseNewTask                     0x08004c51   Thumb Code   280  tasks.o(.text.prvInitialiseNewTask)
    [Anonymous Symbol]                       0x08004c50   Section        0  tasks.o(.text.prvInitialiseNewTask)
    prvPortStartFirstTask                    0x08004d69   Thumb Code    34  port.o(.text.prvPortStartFirstTask)
    [Anonymous Symbol]                       0x08004d68   Section        0  port.o(.text.prvPortStartFirstTask)
    prvTaskExitError                         0x08004d91   Thumb Code    62  port.o(.text.prvTaskExitError)
    [Anonymous Symbol]                       0x08004d90   Section        0  port.o(.text.prvTaskExitError)
    [Anonymous Symbol]                       0x08004dd0   Section        0  heap_4.o(.text.pvPortMalloc)
    [Anonymous Symbol]                       0x08004fdc   Section        0  port.o(.text.pxPortInitialiseStack)
    [Anonymous Symbol]                       0x08005004   Section        0  list.o(.text.uxListRemove)
    [Anonymous Symbol]                       0x08005028   Section        0  freertos.o(.text.vApplicationGetIdleTaskMemory)
    [Anonymous Symbol]                       0x08005044   Section        0  list.o(.text.vListInitialise)
    [Anonymous Symbol]                       0x0800505c   Section        0  list.o(.text.vListInitialiseItem)
    [Anonymous Symbol]                       0x08005064   Section        0  list.o(.text.vListInsert)
    [Anonymous Symbol]                       0x080050c8   Section        0  list.o(.text.vListInsertEnd)
    vPortEnableVFP                           0x080050e5   Thumb Code    14  port.o(.text.vPortEnableVFP)
    [Anonymous Symbol]                       0x080050e4   Section        0  port.o(.text.vPortEnableVFP)
    [Anonymous Symbol]                       0x080050f8   Section        0  port.o(.text.vPortEnterCritical)
    [Anonymous Symbol]                       0x08005140   Section        0  port.o(.text.vPortExitCritical)
    [Anonymous Symbol]                       0x08005170   Section        0  heap_4.o(.text.vPortFree)
    [Anonymous Symbol]                       0x08005244   Section        0  port.o(.text.vPortSetupTimerInterrupt)
    [Anonymous Symbol]                       0x08005278   Section        0  tasks.o(.text.vTaskDelay)
    [Anonymous Symbol]                       0x08005318   Section        0  tasks.o(.text.vTaskStartScheduler)
    [Anonymous Symbol]                       0x080053e4   Section        0  tasks.o(.text.vTaskSuspendAll)
    [Anonymous Symbol]                       0x080053f4   Section        0  tasks.o(.text.vTaskSwitchContext)
    [Anonymous Symbol]                       0x08005464   Section        0  port.o(.text.xPortStartScheduler)
    [Anonymous Symbol]                       0x080055e8   Section        0  tasks.o(.text.xTaskCreate)
    [Anonymous Symbol]                       0x08005648   Section        0  tasks.o(.text.xTaskCreateStatic)
    [Anonymous Symbol]                       0x080056c0   Section        0  tasks.o(.text.xTaskIncrementTick)
    [Anonymous Symbol]                       0x080057c8   Section        0  tasks.o(.text.xTaskResumeAll)
    $v0                                      0x080058b2   Number         0  fpinit.o(x$fpl$fpinit)
    x$fpl$fpinit                             0x080058b2   Section       26  fpinit.o(x$fpl$fpinit)
    .L__const.MX_FREERTOS_Init.os_thread_def_defaultTask 0x080058cc   Data          28  freertos.o(.rodata..L__const.MX_FREERTOS_Init.os_thread_def_defaultTask)
    .Lswitch.table.UART_SetConfig.3          0x08005930   Data          16  stm32l4xx_hal_uart.o(.rodata.cst16)
    [Anonymous Symbol]                       0x08005940   Section        0  freertos.o(.rodata.str1.1)
    .L_MergedGlobals                         0x20000000   Data           8  stm32l4xx_hal.o(.data..L_MergedGlobals)
    [Anonymous Symbol]                       0x20000000   Section        0  stm32l4xx_hal.o(.data..L_MergedGlobals)
    uxCriticalNesting                        0x2000000c   Data           4  port.o(.data.uxCriticalNesting)
    [Anonymous Symbol]                       0x2000000c   Section        0  port.o(.data.uxCriticalNesting)
    .bss                                     0x20000010   Section       96  libspace.o(.bss)
    .L_MergedGlobals                         0x20000070   Data         120  tasks.o(.bss..L_MergedGlobals)
    [Anonymous Symbol]                       0x20000070   Section        0  tasks.o(.bss..L_MergedGlobals)
    uxTopReadyPriority                       0x20000074   Data           4  tasks.o(.bss..L_MergedGlobals)
    uxTaskNumber                             0x20000078   Data           4  tasks.o(.bss..L_MergedGlobals)
    uxDeletedTasksWaitingCleanUp             0x2000007c   Data           4  tasks.o(.bss..L_MergedGlobals)
    uxCurrentNumberOfTasks                   0x20000080   Data           4  tasks.o(.bss..L_MergedGlobals)
    xSchedulerRunning                        0x20000084   Data           4  tasks.o(.bss..L_MergedGlobals)
    uxSchedulerSuspended                     0x20000088   Data           4  tasks.o(.bss..L_MergedGlobals)
    xIdleTaskHandle                          0x2000008c   Data           4  tasks.o(.bss..L_MergedGlobals)
    xNextTaskUnblockTime                     0x20000090   Data           4  tasks.o(.bss..L_MergedGlobals)
    xTickCount                               0x20000094   Data           4  tasks.o(.bss..L_MergedGlobals)
    xYieldPending                            0x20000098   Data           4  tasks.o(.bss..L_MergedGlobals)
    xPendedTicks                             0x2000009c   Data           4  tasks.o(.bss..L_MergedGlobals)
    pxDelayedTaskList                        0x200000a0   Data           4  tasks.o(.bss..L_MergedGlobals)
    pxOverflowDelayedTaskList                0x200000a4   Data           4  tasks.o(.bss..L_MergedGlobals)
    xNumOfOverflows                          0x200000a8   Data           4  tasks.o(.bss..L_MergedGlobals)
    xTasksWaitingTermination                 0x200000ac   Data          20  tasks.o(.bss..L_MergedGlobals)
    xSuspendedTaskList                       0x200000c0   Data          20  tasks.o(.bss..L_MergedGlobals)
    xPendingReadyList                        0x200000d4   Data          20  tasks.o(.bss..L_MergedGlobals)
    .L_MergedGlobals                         0x200000e8   Data          32  heap_4.o(.bss..L_MergedGlobals)
    xBlockAllocatedBit                       0x200000e8   Data           1  heap_4.o(.bss..L_MergedGlobals)
    [Anonymous Symbol]                       0x200000e8   Section        0  heap_4.o(.bss..L_MergedGlobals)
    pxEnd                                    0x200000ec   Data           4  heap_4.o(.bss..L_MergedGlobals)
    xFreeBytesRemaining                      0x200000f0   Data           4  heap_4.o(.bss..L_MergedGlobals)
    xMinimumEverFreeBytesRemaining           0x200000f4   Data           4  heap_4.o(.bss..L_MergedGlobals)
    xNumberOfSuccessfulAllocations           0x200000f8   Data           4  heap_4.o(.bss..L_MergedGlobals)
    xNumberOfSuccessfulFrees                 0x200000fc   Data           4  heap_4.o(.bss..L_MergedGlobals)
    xStart                                   0x20000100   Data           8  heap_4.o(.bss..L_MergedGlobals)
    .L_MergedGlobals                         0x20000108   Data           8  port.o(.bss..L_MergedGlobals)
    ucMaxSysCallPriority                     0x20000108   Data           1  port.o(.bss..L_MergedGlobals)
    [Anonymous Symbol]                       0x20000108   Section        0  port.o(.bss..L_MergedGlobals)
    ulMaxPRIGROUPValue                       0x2000010c   Data           4  port.o(.bss..L_MergedGlobals)
    .L_MergedGlobals.1                       0x20000110   Data          40  tasks.o(.bss..L_MergedGlobals.1)
    xDelayedTaskList1                        0x20000110   Data          20  tasks.o(.bss..L_MergedGlobals.1)
    [Anonymous Symbol]                       0x20000110   Section        0  tasks.o(.bss..L_MergedGlobals.1)
    xDelayedTaskList2                        0x20000124   Data          20  tasks.o(.bss..L_MergedGlobals.1)
    pxReadyTasksLists                        0x20000740   Data         140  tasks.o(.bss.pxReadyTasksLists)
    [Anonymous Symbol]                       0x20000740   Section        0  tasks.o(.bss.pxReadyTasksLists)
    ucHeap                                   0x200007cc   Data       20480  heap_4.o(.bss.ucHeap)
    [Anonymous Symbol]                       0x200007cc   Section        0  heap_4.o(.bss.ucHeap)
    xIdleStack                               0x200057d0   Data         512  freertos.o(.bss.xIdleStack)
    [Anonymous Symbol]                       0x200057d0   Section        0  freertos.o(.bss.xIdleStack)
    xIdleTaskTCBBuffer                       0x200059d0   Data          84  freertos.o(.bss.xIdleTaskTCBBuffer)
    [Anonymous Symbol]                       0x200059d0   Section        0  freertos.o(.bss.xIdleTaskTCBBuffer)
    Heap_Mem                                 0x20005a28   Data         512  startup_stm32l431xx.o(HEAP)
    HEAP                                     0x20005a28   Section      512  startup_stm32l431xx.o(HEAP)
    Stack_Mem                                0x20005c28   Data        1024  startup_stm32l431xx.o(STACK)
    STACK                                    0x20005c28   Section     1024  startup_stm32l431xx.o(STACK)
    __initial_sp                             0x20006028   Data           0  startup_stm32l431xx.o(STACK)

    Global Symbols

    Symbol Name                              Value     Ov Type        Size  Object(Section)

    BuildAttributes$$THM_ISAv4$E$P$D$K$B$S$7EM$VFPi3$EXTD16$VFPS$VFMA$PE$A:L22UL41UL21$X:L11$S22US41US21$IEEE1$IW$~IW$USESV6$~STKCKD$USESV7$~SHL$OTIME$ROPI$EBA8$UX$STANDARDLIB$REQ8$PRES8$EABIv2 0x00000000   Number         0  anon$$obj.o ABSOLUTE
    __ARM_exceptions_init                     - Undefined Weak Reference
    __alloca_initialize                       - Undefined Weak Reference
    __arm_preinit_                            - Undefined Weak Reference
    __arm_relocate_pie_                       - Undefined Weak Reference
    __cpp_initialize__aeabi_                  - Undefined Weak Reference
    __cxa_finalize                            - Undefined Weak Reference
    __rt_locale                               - Undefined Weak Reference
    __sigvec_lookup                           - Undefined Weak Reference
    _atexit_init                              - Undefined Weak Reference
    _call_atexit_fns                          - Undefined Weak Reference
    _clock_init                               - Undefined Weak Reference
    _fp_trap_init                             - Undefined Weak Reference
    _fp_trap_shutdown                         - Undefined Weak Reference
    _get_lc_collate                           - Undefined Weak Reference
    _get_lc_ctype                             - Undefined Weak Reference
    _get_lc_monetary                          - Undefined Weak Reference
    _get_lc_numeric                           - Undefined Weak Reference
    _get_lc_time                              - Undefined Weak Reference
    _getenv_init                              - Undefined Weak Reference
    _handle_redirection                       - Undefined Weak Reference
    _init_alloc                               - Undefined Weak Reference
    _init_user_alloc                          - Undefined Weak Reference
    _initio                                   - Undefined Weak Reference
    _rand_init                                - Undefined Weak Reference
    _signal_finish                            - Undefined Weak Reference
    _signal_init                              - Undefined Weak Reference
    _terminate_alloc                          - Undefined Weak Reference
    _terminate_user_alloc                     - Undefined Weak Reference
    _terminateio                              - Undefined Weak Reference
    __Vectors_Size                           0x0000018c   Number         0  startup_stm32l431xx.o ABSOLUTE
    __Vectors                                0x08000000   Data           4  startup_stm32l431xx.o(RESET)
    __Vectors_End                            0x0800018c   Data           0  startup_stm32l431xx.o(RESET)
    __main                                   0x0800018d   Thumb Code     8  __main.o(!!!main)
    __scatterload                            0x08000195   Thumb Code     0  __scatter.o(!!!scatter)
    __scatterload_rt2                        0x08000195   Thumb Code    44  __scatter.o(!!!scatter)
    __scatterload_rt2_thumb_only             0x08000195   Thumb Code     0  __scatter.o(!!!scatter)
    __scatterload_null                       0x080001a3   Thumb Code     0  __scatter.o(!!!scatter)
    __scatterload_copy                       0x080001c9   Thumb Code    26  __scatter_copy.o(!!handler_copy)
    __scatterload_zeroinit                   0x080001e5   Thumb Code    28  __scatter_zi.o(!!handler_zi)
    __rt_lib_init                            0x08000201   Thumb Code     0  libinit.o(.ARM.Collect$$libinit$$00000000)
    __rt_lib_init_fp_1                       0x08000203   Thumb Code     0  libinit2.o(.ARM.Collect$$libinit$$00000001)
    __rt_lib_init_alloca_1                   0x08000207   Thumb Code     0  libinit2.o(.ARM.Collect$$libinit$$00000030)
    __rt_lib_init_argv_1                     0x08000207   Thumb Code     0  libinit2.o(.ARM.Collect$$libinit$$0000002E)
    __rt_lib_init_atexit_1                   0x08000207   Thumb Code     0  libinit2.o(.ARM.Collect$$libinit$$0000001D)
    __rt_lib_init_clock_1                    0x08000207   Thumb Code     0  libinit2.o(.ARM.Collect$$libinit$$00000023)
    __rt_lib_init_cpp_1                      0x08000207   Thumb Code     0  libinit2.o(.ARM.Collect$$libinit$$00000034)
    __rt_lib_init_exceptions_1               0x08000207   Thumb Code     0  libinit2.o(.ARM.Collect$$libinit$$00000032)
    __rt_lib_init_fp_trap_1                  0x08000207   Thumb Code     0  libinit2.o(.ARM.Collect$$libinit$$00000021)
    __rt_lib_init_getenv_1                   0x08000207   Thumb Code     0  libinit2.o(.ARM.Collect$$libinit$$00000025)
    __rt_lib_init_heap_1                     0x08000207   Thumb Code     0  libinit2.o(.ARM.Collect$$libinit$$0000000C)
    __rt_lib_init_lc_collate_1               0x08000207   Thumb Code     0  libinit2.o(.ARM.Collect$$libinit$$00000013)
    __rt_lib_init_lc_ctype_1                 0x08000207   Thumb Code     0  libinit2.o(.ARM.Collect$$libinit$$00000015)
    __rt_lib_init_lc_monetary_1              0x08000207   Thumb Code     0  libinit2.o(.ARM.Collect$$libinit$$00000017)
    __rt_lib_init_lc_numeric_1               0x08000207   Thumb Code     0  libinit2.o(.ARM.Collect$$libinit$$00000019)
    __rt_lib_init_lc_time_1                  0x08000207   Thumb Code     0  libinit2.o(.ARM.Collect$$libinit$$0000001B)
    __rt_lib_init_preinit_1                  0x08000207   Thumb Code     0  libinit2.o(.ARM.Collect$$libinit$$00000006)
    __rt_lib_init_rand_1                     0x08000207   Thumb Code     0  libinit2.o(.ARM.Collect$$libinit$$00000010)
    __rt_lib_init_relocate_pie_1             0x08000207   Thumb Code     0  libinit2.o(.ARM.Collect$$libinit$$00000004)
    __rt_lib_init_return                     0x08000207   Thumb Code     0  libinit2.o(.ARM.Collect$$libinit$$00000035)
    __rt_lib_init_signal_1                   0x08000207   Thumb Code     0  libinit2.o(.ARM.Collect$$libinit$$0000001F)
    __rt_lib_init_stdio_1                    0x08000207   Thumb Code     0  libinit2.o(.ARM.Collect$$libinit$$00000027)
    __rt_lib_init_user_alloc_1               0x08000207   Thumb Code     0  libinit2.o(.ARM.Collect$$libinit$$0000000E)
    __rt_lib_shutdown                        0x08000209   Thumb Code     0  libshutdown.o(.ARM.Collect$$libshutdown$$00000000)
    __rt_lib_shutdown_cpp_1                  0x0800020b   Thumb Code     0  libshutdown2.o(.ARM.Collect$$libshutdown$$00000002)
    __rt_lib_shutdown_fp_trap_1              0x0800020b   Thumb Code     0  libshutdown2.o(.ARM.Collect$$libshutdown$$00000007)
    __rt_lib_shutdown_heap_1                 0x0800020b   Thumb Code     0  libshutdown2.o(.ARM.Collect$$libshutdown$$0000000F)
    __rt_lib_shutdown_return                 0x0800020b   Thumb Code     0  libshutdown2.o(.ARM.Collect$$libshutdown$$00000010)
    __rt_lib_shutdown_signal_1               0x0800020b   Thumb Code     0  libshutdown2.o(.ARM.Collect$$libshutdown$$0000000A)
    __rt_lib_shutdown_stdio_1                0x0800020b   Thumb Code     0  libshutdown2.o(.ARM.Collect$$libshutdown$$00000004)
    __rt_lib_shutdown_user_alloc_1           0x0800020b   Thumb Code     0  libshutdown2.o(.ARM.Collect$$libshutdown$$0000000C)
    __rt_entry                               0x0800020d   Thumb Code     0  __rtentry.o(.ARM.Collect$$rtentry$$00000000)
    __rt_entry_presh_1                       0x0800020d   Thumb Code     0  __rtentry2.o(.ARM.Collect$$rtentry$$00000002)
    __rt_entry_sh                            0x0800020d   Thumb Code     0  __rtentry4.o(.ARM.Collect$$rtentry$$00000004)
    __rt_entry_li                            0x08000213   Thumb Code     0  __rtentry2.o(.ARM.Collect$$rtentry$$0000000A)
    __rt_entry_postsh_1                      0x08000213   Thumb Code     0  __rtentry2.o(.ARM.Collect$$rtentry$$00000009)
    __rt_entry_main                          0x08000217   Thumb Code     0  __rtentry2.o(.ARM.Collect$$rtentry$$0000000D)
    __rt_entry_postli_1                      0x08000217   Thumb Code     0  __rtentry2.o(.ARM.Collect$$rtentry$$0000000C)
    __rt_exit                                0x0800021f   Thumb Code     0  rtexit.o(.ARM.Collect$$rtexit$$00000000)
    __rt_exit_ls                             0x08000221   Thumb Code     0  rtexit2.o(.ARM.Collect$$rtexit$$00000003)
    __rt_exit_prels_1                        0x08000221   Thumb Code     0  rtexit2.o(.ARM.Collect$$rtexit$$00000002)
    __rt_exit_exit                           0x08000225   Thumb Code     0  rtexit2.o(.ARM.Collect$$rtexit$$00000004)
    Reset_Handler                            0x0800022d   Thumb Code     8  startup_stm32l431xx.o(.text)
    ADC1_IRQHandler                          0x08000247   Thumb Code     0  startup_stm32l431xx.o(.text)
    CAN1_SCE_IRQHandler                      0x08000247   Thumb Code     0  startup_stm32l431xx.o(.text)
    CAN1_TX_IRQHandler                       0x08000247   Thumb Code     0  startup_stm32l431xx.o(.text)
    COMP_IRQHandler                          0x08000247   Thumb Code     0  startup_stm32l431xx.o(.text)
    CRS_IRQHandler                           0x08000247   Thumb Code     0  startup_stm32l431xx.o(.text)
    DMA1_Channel1_IRQHandler                 0x08000247   Thumb Code     0  startup_stm32l431xx.o(.text)
    DMA1_Channel2_IRQHandler                 0x08000247   Thumb Code     0  startup_stm32l431xx.o(.text)
    DMA2_Channel1_IRQHandler                 0x08000247   Thumb Code     0  startup_stm32l431xx.o(.text)
    DMA2_Channel2_IRQHandler                 0x08000247   Thumb Code     0  startup_stm32l431xx.o(.text)
    DMA2_Channel3_IRQHandler                 0x08000247   Thumb Code     0  startup_stm32l431xx.o(.text)
    DMA2_Channel4_IRQHandler                 0x08000247   Thumb Code     0  startup_stm32l431xx.o(.text)
    DMA2_Channel5_IRQHandler                 0x08000247   Thumb Code     0  startup_stm32l431xx.o(.text)
    DMA2_Channel6_IRQHandler                 0x08000247   Thumb Code     0  startup_stm32l431xx.o(.text)
    DMA2_Channel7_IRQHandler                 0x08000247   Thumb Code     0  startup_stm32l431xx.o(.text)
    EXTI0_IRQHandler                         0x08000247   Thumb Code     0  startup_stm32l431xx.o(.text)
    EXTI15_10_IRQHandler                     0x08000247   Thumb Code     0  startup_stm32l431xx.o(.text)
    EXTI1_IRQHandler                         0x08000247   Thumb Code     0  startup_stm32l431xx.o(.text)
    EXTI2_IRQHandler                         0x08000247   Thumb Code     0  startup_stm32l431xx.o(.text)
    EXTI3_IRQHandler                         0x08000247   Thumb Code     0  startup_stm32l431xx.o(.text)
    EXTI4_IRQHandler                         0x08000247   Thumb Code     0  startup_stm32l431xx.o(.text)
    EXTI9_5_IRQHandler                       0x08000247   Thumb Code     0  startup_stm32l431xx.o(.text)
    FLASH_IRQHandler                         0x08000247   Thumb Code     0  startup_stm32l431xx.o(.text)
    FPU_IRQHandler                           0x08000247   Thumb Code     0  startup_stm32l431xx.o(.text)
    I2C1_ER_IRQHandler                       0x08000247   Thumb Code     0  startup_stm32l431xx.o(.text)
    I2C1_EV_IRQHandler                       0x08000247   Thumb Code     0  startup_stm32l431xx.o(.text)
    I2C2_ER_IRQHandler                       0x08000247   Thumb Code     0  startup_stm32l431xx.o(.text)
    I2C2_EV_IRQHandler                       0x08000247   Thumb Code     0  startup_stm32l431xx.o(.text)
    I2C3_ER_IRQHandler                       0x08000247   Thumb Code     0  startup_stm32l431xx.o(.text)
    I2C3_EV_IRQHandler                       0x08000247   Thumb Code     0  startup_stm32l431xx.o(.text)
    LPTIM1_IRQHandler                        0x08000247   Thumb Code     0  startup_stm32l431xx.o(.text)
    LPTIM2_IRQHandler                        0x08000247   Thumb Code     0  startup_stm32l431xx.o(.text)
    LPUART1_IRQHandler                       0x08000247   Thumb Code     0  startup_stm32l431xx.o(.text)
    PVD_PVM_IRQHandler                       0x08000247   Thumb Code     0  startup_stm32l431xx.o(.text)
    QUADSPI_IRQHandler                       0x08000247   Thumb Code     0  startup_stm32l431xx.o(.text)
    RCC_IRQHandler                           0x08000247   Thumb Code     0  startup_stm32l431xx.o(.text)
    RNG_IRQHandler                           0x08000247   Thumb Code     0  startup_stm32l431xx.o(.text)
    RTC_Alarm_IRQHandler                     0x08000247   Thumb Code     0  startup_stm32l431xx.o(.text)
    RTC_WKUP_IRQHandler                      0x08000247   Thumb Code     0  startup_stm32l431xx.o(.text)
    SAI1_IRQHandler                          0x08000247   Thumb Code     0  startup_stm32l431xx.o(.text)
    SDMMC1_IRQHandler                        0x08000247   Thumb Code     0  startup_stm32l431xx.o(.text)
    SPI1_IRQHandler                          0x08000247   Thumb Code     0  startup_stm32l431xx.o(.text)
    SPI2_IRQHandler                          0x08000247   Thumb Code     0  startup_stm32l431xx.o(.text)
    SPI3_IRQHandler                          0x08000247   Thumb Code     0  startup_stm32l431xx.o(.text)
    SWPMI1_IRQHandler                        0x08000247   Thumb Code     0  startup_stm32l431xx.o(.text)
    TAMP_STAMP_IRQHandler                    0x08000247   Thumb Code     0  startup_stm32l431xx.o(.text)
    TIM1_BRK_TIM15_IRQHandler                0x08000247   Thumb Code     0  startup_stm32l431xx.o(.text)
    TIM1_CC_IRQHandler                       0x08000247   Thumb Code     0  startup_stm32l431xx.o(.text)
    TIM1_TRG_COM_IRQHandler                  0x08000247   Thumb Code     0  startup_stm32l431xx.o(.text)
    TIM1_UP_TIM16_IRQHandler                 0x08000247   Thumb Code     0  startup_stm32l431xx.o(.text)
    TIM2_IRQHandler                          0x08000247   Thumb Code     0  startup_stm32l431xx.o(.text)
    TSC_IRQHandler                           0x08000247   Thumb Code     0  startup_stm32l431xx.o(.text)
    USART1_IRQHandler                        0x08000247   Thumb Code     0  startup_stm32l431xx.o(.text)
    USART2_IRQHandler                        0x08000247   Thumb Code     0  startup_stm32l431xx.o(.text)
    WWDG_IRQHandler                          0x08000247   Thumb Code     0  startup_stm32l431xx.o(.text)
    __user_initial_stackheap                 0x08000249   Thumb Code     0  startup_stm32l431xx.o(.text)
    __aeabi_uldivmod                         0x0800026d   Thumb Code     0  lludivv7m.o(.text)
    _ll_udiv                                 0x0800026d   Thumb Code   240  lludivv7m.o(.text)
    __aeabi_memclr4                          0x0800035d   Thumb Code     0  rt_memclr_w.o(.text)
    __aeabi_memclr8                          0x0800035d   Thumb Code     0  rt_memclr_w.o(.text)
    __rt_memclr_w                            0x0800035d   Thumb Code     0  rt_memclr_w.o(.text)
    _memset_w                                0x08000361   Thumb Code    74  rt_memclr_w.o(.text)
    __use_two_region_memory                  0x080003ab   Thumb Code     2  heapauxi.o(.text)
    __rt_heap_escrow$2region                 0x080003ad   Thumb Code     2  heapauxi.o(.text)
    __rt_heap_expand$2region                 0x080003af   Thumb Code     2  heapauxi.o(.text)
    __user_setup_stackheap                   0x080003b1   Thumb Code    74  sys_stackheap_outer.o(.text)
    exit                                     0x080003fb   Thumb Code    18  exit.o(.text)
    __user_libspace                          0x0800040d   Thumb Code     8  libspace.o(.text)
    __user_perproc_libspace                  0x0800040d   Thumb Code     0  libspace.o(.text)
    __user_perthread_libspace                0x0800040d   Thumb Code     0  libspace.o(.text)
    _sys_exit                                0x08000415   Thumb Code     8  sys_exit.o(.text)
    __I$use$semihosting                      0x08000421   Thumb Code     0  use_no_semi.o(.text)
    __use_no_semihosting_swi                 0x08000421   Thumb Code     2  use_no_semi.o(.text)
    __semihosting_library_function           0x08000423   Thumb Code     0  indicate_semi.o(.text)
    BusFault_Handler                         0x08000425   Thumb Code     2  stm32l4xx_it.o(.text.BusFault_Handler)
    CAN1_RX0_IRQHandler                      0x08000429   Thumb Code    12  stm32l4xx_it.o(.text.CAN1_RX0_IRQHandler)
    CAN1_RX1_IRQHandler                      0x08000435   Thumb Code    12  stm32l4xx_it.o(.text.CAN1_RX1_IRQHandler)
    DMA1_Channel3_IRQHandler                 0x08000441   Thumb Code    12  stm32l4xx_it.o(.text.DMA1_Channel3_IRQHandler)
    DMA1_Channel4_IRQHandler                 0x0800044d   Thumb Code    12  stm32l4xx_it.o(.text.DMA1_Channel4_IRQHandler)
    DMA1_Channel5_IRQHandler                 0x08000459   Thumb Code    12  stm32l4xx_it.o(.text.DMA1_Channel5_IRQHandler)
    DMA1_Channel6_IRQHandler                 0x08000465   Thumb Code    12  stm32l4xx_it.o(.text.DMA1_Channel6_IRQHandler)
    DMA1_Channel7_IRQHandler                 0x08000471   Thumb Code    12  stm32l4xx_it.o(.text.DMA1_Channel7_IRQHandler)
    DebugMon_Handler                         0x0800047d   Thumb Code     2  stm32l4xx_it.o(.text.DebugMon_Handler)
    Error_Handler                            0x08000481   Thumb Code    10  main.o(.text.Error_Handler)
    HAL_CAN_ErrorCallback                    0x0800048d   Thumb Code     2  stm32l4xx_hal_can.o(.text.HAL_CAN_ErrorCallback)
    HAL_CAN_IRQHandler                       0x08000491   Thumb Code   606  stm32l4xx_hal_can.o(.text.HAL_CAN_IRQHandler)
    HAL_CAN_Init                             0x08000701   Thumb Code   244  stm32l4xx_hal_can.o(.text.HAL_CAN_Init)
    HAL_CAN_MspInit                          0x080007f5   Thumb Code   140  can.o(.text.HAL_CAN_MspInit)
    HAL_CAN_RxFifo0FullCallback              0x08000881   Thumb Code     2  stm32l4xx_hal_can.o(.text.HAL_CAN_RxFifo0FullCallback)
    HAL_CAN_RxFifo0MsgPendingCallback        0x08000885   Thumb Code     2  stm32l4xx_hal_can.o(.text.HAL_CAN_RxFifo0MsgPendingCallback)
    HAL_CAN_RxFifo1FullCallback              0x08000889   Thumb Code     2  stm32l4xx_hal_can.o(.text.HAL_CAN_RxFifo1FullCallback)
    HAL_CAN_RxFifo1MsgPendingCallback        0x0800088d   Thumb Code     2  stm32l4xx_hal_can.o(.text.HAL_CAN_RxFifo1MsgPendingCallback)
    HAL_CAN_SleepCallback                    0x08000891   Thumb Code     2  stm32l4xx_hal_can.o(.text.HAL_CAN_SleepCallback)
    HAL_CAN_TxMailbox0AbortCallback          0x08000895   Thumb Code     2  stm32l4xx_hal_can.o(.text.HAL_CAN_TxMailbox0AbortCallback)
    HAL_CAN_TxMailbox0CompleteCallback       0x08000899   Thumb Code     2  stm32l4xx_hal_can.o(.text.HAL_CAN_TxMailbox0CompleteCallback)
    HAL_CAN_TxMailbox1AbortCallback          0x0800089d   Thumb Code     2  stm32l4xx_hal_can.o(.text.HAL_CAN_TxMailbox1AbortCallback)
    HAL_CAN_TxMailbox1CompleteCallback       0x080008a1   Thumb Code     2  stm32l4xx_hal_can.o(.text.HAL_CAN_TxMailbox1CompleteCallback)
    HAL_CAN_TxMailbox2AbortCallback          0x080008a5   Thumb Code     2  stm32l4xx_hal_can.o(.text.HAL_CAN_TxMailbox2AbortCallback)
    HAL_CAN_TxMailbox2CompleteCallback       0x080008a9   Thumb Code     2  stm32l4xx_hal_can.o(.text.HAL_CAN_TxMailbox2CompleteCallback)
    HAL_CAN_WakeUpFromRxMsgCallback          0x080008ad   Thumb Code     2  stm32l4xx_hal_can.o(.text.HAL_CAN_WakeUpFromRxMsgCallback)
    HAL_DMA_Abort                            0x080008b1   Thumb Code    74  stm32l4xx_hal_dma.o(.text.HAL_DMA_Abort)
    HAL_DMA_Abort_IT                         0x080008fd   Thumb Code    88  stm32l4xx_hal_dma.o(.text.HAL_DMA_Abort_IT)
    HAL_DMA_IRQHandler                       0x08000955   Thumb Code   170  stm32l4xx_hal_dma.o(.text.HAL_DMA_IRQHandler)
    HAL_DMA_Init                             0x08000a01   Thumb Code   204  stm32l4xx_hal_dma.o(.text.HAL_DMA_Init)
    HAL_GPIO_Init                            0x08000acd   Thumb Code   474  stm32l4xx_hal_gpio.o(.text.HAL_GPIO_Init)
    HAL_GPIO_WritePin                        0x08000cad   Thumb Code    12  stm32l4xx_hal_gpio.o(.text.HAL_GPIO_WritePin)
    HAL_GetTick                              0x08000cb9   Thumb Code    12  stm32l4xx_hal.o(.text.HAL_GetTick)
    HAL_I2CEx_ConfigAnalogFilter             0x08000cc5   Thumb Code    74  stm32l4xx_hal_i2c_ex.o(.text.HAL_I2CEx_ConfigAnalogFilter)
    HAL_I2CEx_ConfigDigitalFilter            0x08000d11   Thumb Code    72  stm32l4xx_hal_i2c_ex.o(.text.HAL_I2CEx_ConfigDigitalFilter)
    HAL_I2C_Init                             0x08000d59   Thumb Code   162  stm32l4xx_hal_i2c.o(.text.HAL_I2C_Init)
    HAL_I2C_MspInit                          0x08000dfd   Thumb Code   136  i2c.o(.text.HAL_I2C_MspInit)
    HAL_IncTick                              0x08000e85   Thumb Code    26  stm32l4xx_hal.o(.text.HAL_IncTick)
    HAL_Init                                 0x08000ea1   Thumb Code    30  stm32l4xx_hal.o(.text.HAL_Init)
    HAL_InitTick                             0x08000ec1   Thumb Code   188  stm32l4xx_hal_timebase_tim.o(.text.HAL_InitTick)
    HAL_MspInit                              0x08000f7d   Thumb Code    60  stm32l4xx_hal_msp.o(.text.HAL_MspInit)
    HAL_NVIC_EnableIRQ                       0x08000fb9   Thumb Code    32  stm32l4xx_hal_cortex.o(.text.HAL_NVIC_EnableIRQ)
    HAL_NVIC_SetPriority                     0x08000fd9   Thumb Code    86  stm32l4xx_hal_cortex.o(.text.HAL_NVIC_SetPriority)
    HAL_NVIC_SetPriorityGrouping             0x08001031   Thumb Code    32  stm32l4xx_hal_cortex.o(.text.HAL_NVIC_SetPriorityGrouping)
    HAL_PWREx_ControlVoltageScaling          0x08001051   Thumb Code   140  stm32l4xx_hal_pwr_ex.o(.text.HAL_PWREx_ControlVoltageScaling)
    HAL_PWREx_GetVoltageRange                0x080010dd   Thumb Code    16  stm32l4xx_hal_pwr_ex.o(.text.HAL_PWREx_GetVoltageRange)
    HAL_RCCEx_PeriphCLKConfig                0x080010ed   Thumb Code   688  stm32l4xx_hal_rcc_ex.o(.text.HAL_RCCEx_PeriphCLKConfig)
    HAL_RCC_ClockConfig                      0x0800139d   Thumb Code   634  stm32l4xx_hal_rcc.o(.text.HAL_RCC_ClockConfig)
    HAL_RCC_GetClockConfig                   0x08001619   Thumb Code    66  stm32l4xx_hal_rcc.o(.text.HAL_RCC_GetClockConfig)
    HAL_RCC_GetPCLK1Freq                     0x0800165d   Thumb Code    42  stm32l4xx_hal_rcc.o(.text.HAL_RCC_GetPCLK1Freq)
    HAL_RCC_GetPCLK2Freq                     0x08001689   Thumb Code    42  stm32l4xx_hal_rcc.o(.text.HAL_RCC_GetPCLK2Freq)
    HAL_RCC_GetSysClockFreq                  0x080016b5   Thumb Code   194  stm32l4xx_hal_rcc.o(.text.HAL_RCC_GetSysClockFreq)
    HAL_RCC_OscConfig                        0x08001779   Thumb Code  2000  stm32l4xx_hal_rcc.o(.text.HAL_RCC_OscConfig)
    HAL_SPI_Init                             0x08001f49   Thumb Code   220  stm32l4xx_hal_spi.o(.text.HAL_SPI_Init)
    HAL_SPI_MspInit                          0x08002025   Thumb Code   230  spi.o(.text.HAL_SPI_MspInit)
    HAL_TIMEx_Break2Callback                 0x0800210d   Thumb Code     2  stm32l4xx_hal_tim_ex.o(.text.HAL_TIMEx_Break2Callback)
    HAL_TIMEx_BreakCallback                  0x08002111   Thumb Code     2  stm32l4xx_hal_tim_ex.o(.text.HAL_TIMEx_BreakCallback)
    HAL_TIMEx_CommutCallback                 0x08002115   Thumb Code     2  stm32l4xx_hal_tim_ex.o(.text.HAL_TIMEx_CommutCallback)
    HAL_TIMEx_ConfigBreakDeadTime            0x08002119   Thumb Code   152  stm32l4xx_hal_tim_ex.o(.text.HAL_TIMEx_ConfigBreakDeadTime)
    HAL_TIMEx_MasterConfigSynchronization    0x080021b1   Thumb Code   104  stm32l4xx_hal_tim_ex.o(.text.HAL_TIMEx_MasterConfigSynchronization)
    HAL_TIM_Base_Init                        0x08002219   Thumb Code   226  stm32l4xx_hal_tim.o(.text.HAL_TIM_Base_Init)
    HAL_TIM_Base_MspInit                     0x080022fd   Thumb Code   256  tim.o(.text.HAL_TIM_Base_MspInit)
    HAL_TIM_Base_Start_IT                    0x080023fd   Thumb Code    96  stm32l4xx_hal_tim.o(.text.HAL_TIM_Base_Start_IT)
    HAL_TIM_ConfigClockSource                0x0800245d   Thumb Code   412  stm32l4xx_hal_tim.o(.text.HAL_TIM_ConfigClockSource)
    HAL_TIM_IC_CaptureCallback               0x080025f9   Thumb Code     2  stm32l4xx_hal_tim.o(.text.HAL_TIM_IC_CaptureCallback)
    HAL_TIM_IRQHandler                       0x080025fd   Thumb Code   396  stm32l4xx_hal_tim.o(.text.HAL_TIM_IRQHandler)
    HAL_TIM_MspPostInit                      0x08002789   Thumb Code   340  tim.o(.text.HAL_TIM_MspPostInit)
    HAL_TIM_OC_DelayElapsedCallback          0x080028dd   Thumb Code     2  stm32l4xx_hal_tim.o(.text.HAL_TIM_OC_DelayElapsedCallback)
    HAL_TIM_PWM_ConfigChannel                0x080028e1   Thumb Code   936  stm32l4xx_hal_tim.o(.text.HAL_TIM_PWM_ConfigChannel)
    HAL_TIM_PWM_Init                         0x08002c89   Thumb Code   226  stm32l4xx_hal_tim.o(.text.HAL_TIM_PWM_Init)
    HAL_TIM_PWM_MspInit                      0x08002d6d   Thumb Code     2  stm32l4xx_hal_tim.o(.text.HAL_TIM_PWM_MspInit)
    HAL_TIM_PWM_PulseFinishedCallback        0x08002d71   Thumb Code     2  stm32l4xx_hal_tim.o(.text.HAL_TIM_PWM_PulseFinishedCallback)
    HAL_TIM_PWM_Start                        0x08002d75   Thumb Code   290  stm32l4xx_hal_tim.o(.text.HAL_TIM_PWM_Start)
    HAL_TIM_PeriodElapsedCallback            0x08002e99   Thumb Code    20  main.o(.text.HAL_TIM_PeriodElapsedCallback)
    HAL_TIM_TriggerCallback                  0x08002ead   Thumb Code     2  stm32l4xx_hal_tim.o(.text.HAL_TIM_TriggerCallback)
    HAL_UARTEx_RxEventCallback               0x08002eb1   Thumb Code     2  stm32l4xx_hal_uart.o(.text.HAL_UARTEx_RxEventCallback)
    HAL_UARTEx_WakeupCallback                0x08002eb5   Thumb Code     2  stm32l4xx_hal_uart_ex.o(.text.HAL_UARTEx_WakeupCallback)
    HAL_UART_ErrorCallback                   0x08002eb9   Thumb Code     2  stm32l4xx_hal_uart.o(.text.HAL_UART_ErrorCallback)
    HAL_UART_IRQHandler                      0x08002ebd   Thumb Code  1534  stm32l4xx_hal_uart.o(.text.HAL_UART_IRQHandler)
    HAL_UART_Init                            0x080034bd   Thumb Code   194  stm32l4xx_hal_uart.o(.text.HAL_UART_Init)
    HAL_UART_MspInit                         0x08003581   Thumb Code   676  usart.o(.text.HAL_UART_MspInit)
    HAL_UART_TxCpltCallback                  0x08003825   Thumb Code     2  stm32l4xx_hal_uart.o(.text.HAL_UART_TxCpltCallback)
    HardFault_Handler                        0x08003829   Thumb Code     2  stm32l4xx_it.o(.text.HardFault_Handler)
    MX_CAN1_Init                             0x0800382d   Thumb Code    64  can.o(.text.MX_CAN1_Init)
    MX_DMA_Init                              0x0800386d   Thumb Code   116  dma.o(.text.MX_DMA_Init)
    MX_FREERTOS_Init                         0x080038e1   Thumb Code    60  freertos.o(.text.MX_FREERTOS_Init)
    MX_GPIO_Init                             0x0800391d   Thumb Code   300  gpio.o(.text.MX_GPIO_Init)
    MX_I2C3_Init                             0x08003a51   Thumb Code   108  i2c.o(.text.MX_I2C3_Init)
    MX_SPI1_Init                             0x08003abd   Thumb Code    78  spi.o(.text.MX_SPI1_Init)
    MX_SPI2_Init                             0x08003b0d   Thumb Code    78  spi.o(.text.MX_SPI2_Init)
    MX_TIM15_Init                            0x08003b5d   Thumb Code   288  tim.o(.text.MX_TIM15_Init)
    MX_TIM16_Init                            0x08003c7d   Thumb Code   180  tim.o(.text.MX_TIM16_Init)
    MX_TIM1_Init                             0x08003d31   Thumb Code   350  tim.o(.text.MX_TIM1_Init)
    MX_TIM2_Init                             0x08003e91   Thumb Code   254  tim.o(.text.MX_TIM2_Init)
    MX_TIM6_Init                             0x08003f91   Thumb Code    80  tim.o(.text.MX_TIM6_Init)
    MX_USART1_UART_Init                      0x08003fe1   Thumb Code    64  usart.o(.text.MX_USART1_UART_Init)
    MX_USART2_UART_Init                      0x08004021   Thumb Code    64  usart.o(.text.MX_USART2_UART_Init)
    MX_USART3_UART_Init                      0x08004061   Thumb Code    72  usart.o(.text.MX_USART3_UART_Init)
    MemManage_Handler                        0x080040a9   Thumb Code     2  stm32l4xx_it.o(.text.MemManage_Handler)
    NMI_Handler                              0x080040ad   Thumb Code     2  stm32l4xx_it.o(.text.NMI_Handler)
    PendSV_Handler                           0x080040b1   Thumb Code   100  port.o(.text.PendSV_Handler)
    SVC_Handler                              0x080042a1   Thumb Code    36  port.o(.text.SVC_Handler)
    StartDefaultTask                         0x080042d1   Thumb Code   174  freertos.o(.text.StartDefaultTask)
    SysTick_Handler                          0x08004381   Thumb Code    46  port.o(.text.SysTick_Handler)
    SystemInit                               0x080043b1   Thumb Code    18  system_stm32l4xx.o(.text.SystemInit)
    TIM6_DAC_IRQHandler                      0x080043c5   Thumb Code    12  stm32l4xx_it.o(.text.TIM6_DAC_IRQHandler)
    TIM7_IRQHandler                          0x080043d1   Thumb Code    12  stm32l4xx_it.o(.text.TIM7_IRQHandler)
    UART_AdvFeatureConfig                    0x080043dd   Thumb Code   232  stm32l4xx_hal_uart.o(.text.UART_AdvFeatureConfig)
    UART_SetConfig                           0x080044d5   Thumb Code   544  stm32l4xx_hal_uart.o(.text.UART_SetConfig)
    UART_WaitOnFlagUntilTimeout              0x08004705   Thumb Code   526  stm32l4xx_hal_uart.o(.text.UART_WaitOnFlagUntilTimeout)
    USART3_IRQHandler                        0x08004915   Thumb Code    12  stm32l4xx_it.o(.text.USART3_IRQHandler)
    UsageFault_Handler                       0x08004921   Thumb Code     2  stm32l4xx_it.o(.text.UsageFault_Handler)
    main                                     0x08004925   Thumb Code   302  main.o(.text.main)
    osDelay                                  0x08004a55   Thumb Code    16  cmsis_os.o(.text.osDelay)
    osKernelStart                            0x08004a65   Thumb Code    10  cmsis_os.o(.text.osKernelStart)
    osThreadCreate                           0x08004a71   Thumb Code    92  cmsis_os.o(.text.osThreadCreate)
    pvPortMalloc                             0x08004dd1   Thumb Code   522  heap_4.o(.text.pvPortMalloc)
    pxPortInitialiseStack                    0x08004fdd   Thumb Code    40  port.o(.text.pxPortInitialiseStack)
    uxListRemove                             0x08005005   Thumb Code    36  list.o(.text.uxListRemove)
    vApplicationGetIdleTaskMemory            0x08005029   Thumb Code    26  freertos.o(.text.vApplicationGetIdleTaskMemory)
    vListInitialise                          0x08005045   Thumb Code    22  list.o(.text.vListInitialise)
    vListInitialiseItem                      0x0800505d   Thumb Code     6  list.o(.text.vListInitialiseItem)
    vListInsert                              0x08005065   Thumb Code    98  list.o(.text.vListInsert)
    vListInsertEnd                           0x080050c9   Thumb Code    28  list.o(.text.vListInsertEnd)
    vPortEnterCritical                       0x080050f9   Thumb Code    70  port.o(.text.vPortEnterCritical)
    vPortExitCritical                        0x08005141   Thumb Code    46  port.o(.text.vPortExitCritical)
    vPortFree                                0x08005171   Thumb Code   212  heap_4.o(.text.vPortFree)
    vPortSetupTimerInterrupt                 0x08005245   Thumb Code    52  port.o(.text.vPortSetupTimerInterrupt)
    vTaskDelay                               0x08005279   Thumb Code   158  tasks.o(.text.vTaskDelay)
    vTaskStartScheduler                      0x08005319   Thumb Code   196  tasks.o(.text.vTaskStartScheduler)
    vTaskSuspendAll                          0x080053e5   Thumb Code    16  tasks.o(.text.vTaskSuspendAll)
    vTaskSwitchContext                       0x080053f5   Thumb Code   110  tasks.o(.text.vTaskSwitchContext)
    xPortStartScheduler                      0x08005465   Thumb Code   388  port.o(.text.xPortStartScheduler)
    xTaskCreate                              0x080055e9   Thumb Code    96  tasks.o(.text.xTaskCreate)
    xTaskCreateStatic                        0x08005649   Thumb Code   118  tasks.o(.text.xTaskCreateStatic)
    xTaskIncrementTick                       0x080056c1   Thumb Code   262  tasks.o(.text.xTaskIncrementTick)
    xTaskResumeAll                           0x080057c9   Thumb Code   234  tasks.o(.text.xTaskResumeAll)
    _fp_init                                 0x080058b3   Thumb Code    26  fpinit.o(x$fpl$fpinit)
    __fplib_config_fpu_vfp                   0x080058cb   Thumb Code     0  fpinit.o(x$fpl$fpinit)
    __fplib_config_pureend_doubles           0x080058cb   Thumb Code     0  fpinit.o(x$fpl$fpinit)
    AHBPrescTable                            0x080058e8   Data          16  system_stm32l4xx.o(.rodata.AHBPrescTable)
    APBPrescTable                            0x080058f8   Data           8  system_stm32l4xx.o(.rodata.APBPrescTable)
    MSIRangeTable                            0x08005900   Data          48  system_stm32l4xx.o(.rodata.MSIRangeTable)
    Region$$Table$$Base                      0x0800594c   Number         0  anon$$obj.o(Region$$Table)
    Region$$Table$$Limit                     0x0800596c   Number         0  anon$$obj.o(Region$$Table)
    uwTickFreq                               0x20000000   Data           1  stm32l4xx_hal.o(.data..L_MergedGlobals)
    uwTickPrio                               0x20000004   Data           4  stm32l4xx_hal.o(.data..L_MergedGlobals)
    SystemCoreClock                          0x20000008   Data           4  system_stm32l4xx.o(.data.SystemCoreClock)
    __libspace_start                         0x20000010   Data          96  libspace.o(.bss)
    __temporary_stack_top$libspace           0x20000070   Data           0  libspace.o(.bss)
    pxCurrentTCB                             0x20000070   Data           4  tasks.o(.bss..L_MergedGlobals)
    Power                                    0x20000138   Data           1  main.o(.bss.Power)
    defaultTaskHandle                        0x2000013c   Data           4  freertos.o(.bss.defaultTaskHandle)
    hcan1                                    0x20000140   Data          40  can.o(.bss.hcan1)
    hdma_usart1_rx                           0x20000168   Data          72  usart.o(.bss.hdma_usart1_rx)
    hdma_usart1_tx                           0x200001b0   Data          72  usart.o(.bss.hdma_usart1_tx)
    hdma_usart2_rx                           0x200001f8   Data          72  usart.o(.bss.hdma_usart2_rx)
    hdma_usart2_tx                           0x20000240   Data          72  usart.o(.bss.hdma_usart2_tx)
    hdma_usart3_rx                           0x20000288   Data          72  usart.o(.bss.hdma_usart3_rx)
    hi2c3                                    0x200002d0   Data          84  i2c.o(.bss.hi2c3)
    hspi1                                    0x20000324   Data         100  spi.o(.bss.hspi1)
    hspi2                                    0x20000388   Data         100  spi.o(.bss.hspi2)
    htim1                                    0x200003ec   Data          76  tim.o(.bss.htim1)
    htim15                                   0x20000438   Data          76  tim.o(.bss.htim15)
    htim16                                   0x20000484   Data          76  tim.o(.bss.htim16)
    htim2                                    0x200004d0   Data          76  tim.o(.bss.htim2)
    htim6                                    0x2000051c   Data          76  tim.o(.bss.htim6)
    htim7                                    0x20000568   Data          76  stm32l4xx_hal_timebase_tim.o(.bss.htim7)
    huart1                                   0x200005b4   Data         132  usart.o(.bss.huart1)
    huart2                                   0x20000638   Data         132  usart.o(.bss.huart2)
    huart3                                   0x200006bc   Data         132  usart.o(.bss.huart3)
    uwTick                                   0x200057cc   Data           4  stm32l4xx_hal.o(.bss.uwTick)



==============================================================================

Memory Map of the image

  Image Entry point : 0x0800018d

  Load Region LR_IROM1 (Base: 0x08000000, Size: 0x00005980, Max: 0x00040000, ABSOLUTE)

    Execution Region ER_IROM1 (Exec base: 0x08000000, Load base: 0x08000000, Size: 0x0000596c, Max: 0x00040000, ABSOLUTE)

    Exec Addr    Load Addr    Size         Type   Attr      Idx    E Section Name        Object

    0x08000000   0x08000000   0x0000018c   Data   RO            3    RESET               startup_stm32l431xx.o
    0x0800018c   0x0800018c   0x00000008   Code   RO         2025  * !!!main             c_w.l(__main.o)
    0x08000194   0x08000194   0x00000034   Code   RO         2204    !!!scatter          c_w.l(__scatter.o)
    0x080001c8   0x080001c8   0x0000001a   Code   RO         2206    !!handler_copy      c_w.l(__scatter_copy.o)
    0x080001e2   0x080001e2   0x00000002   PAD
    0x080001e4   0x080001e4   0x0000001c   Code   RO         2208    !!handler_zi        c_w.l(__scatter_zi.o)
    0x08000200   0x08000200   0x00000002   Code   RO         2066    .ARM.Collect$$libinit$$00000000  c_w.l(libinit.o)
    0x08000202   0x08000202   0x00000004   Code   RO         2078    .ARM.Collect$$libinit$$00000001  c_w.l(libinit2.o)
    0x08000206   0x08000206   0x00000000   Code   RO         2081    .ARM.Collect$$libinit$$00000004  c_w.l(libinit2.o)
    0x08000206   0x08000206   0x00000000   Code   RO         2083    .ARM.Collect$$libinit$$00000006  c_w.l(libinit2.o)
    0x08000206   0x08000206   0x00000000   Code   RO         2086    .ARM.Collect$$libinit$$0000000C  c_w.l(libinit2.o)
    0x08000206   0x08000206   0x00000000   Code   RO         2088    .ARM.Collect$$libinit$$0000000E  c_w.l(libinit2.o)
    0x08000206   0x08000206   0x00000000   Code   RO         2090    .ARM.Collect$$libinit$$00000010  c_w.l(libinit2.o)
    0x08000206   0x08000206   0x00000000   Code   RO         2093    .ARM.Collect$$libinit$$00000013  c_w.l(libinit2.o)
    0x08000206   0x08000206   0x00000000   Code   RO         2095    .ARM.Collect$$libinit$$00000015  c_w.l(libinit2.o)
    0x08000206   0x08000206   0x00000000   Code   RO         2097    .ARM.Collect$$libinit$$00000017  c_w.l(libinit2.o)
    0x08000206   0x08000206   0x00000000   Code   RO         2099    .ARM.Collect$$libinit$$00000019  c_w.l(libinit2.o)
    0x08000206   0x08000206   0x00000000   Code   RO         2101    .ARM.Collect$$libinit$$0000001B  c_w.l(libinit2.o)
    0x08000206   0x08000206   0x00000000   Code   RO         2103    .ARM.Collect$$libinit$$0000001D  c_w.l(libinit2.o)
    0x08000206   0x08000206   0x00000000   Code   RO         2105    .ARM.Collect$$libinit$$0000001F  c_w.l(libinit2.o)
    0x08000206   0x08000206   0x00000000   Code   RO         2107    .ARM.Collect$$libinit$$00000021  c_w.l(libinit2.o)
    0x08000206   0x08000206   0x00000000   Code   RO         2109    .ARM.Collect$$libinit$$00000023  c_w.l(libinit2.o)
    0x08000206   0x08000206   0x00000000   Code   RO         2111    .ARM.Collect$$libinit$$00000025  c_w.l(libinit2.o)
    0x08000206   0x08000206   0x00000000   Code   RO         2113    .ARM.Collect$$libinit$$00000027  c_w.l(libinit2.o)
    0x08000206   0x08000206   0x00000000   Code   RO         2117    .ARM.Collect$$libinit$$0000002E  c_w.l(libinit2.o)
    0x08000206   0x08000206   0x00000000   Code   RO         2119    .ARM.Collect$$libinit$$00000030  c_w.l(libinit2.o)
    0x08000206   0x08000206   0x00000000   Code   RO         2121    .ARM.Collect$$libinit$$00000032  c_w.l(libinit2.o)
    0x08000206   0x08000206   0x00000000   Code   RO         2123    .ARM.Collect$$libinit$$00000034  c_w.l(libinit2.o)
    0x08000206   0x08000206   0x00000002   Code   RO         2124    .ARM.Collect$$libinit$$00000035  c_w.l(libinit2.o)
    0x08000208   0x08000208   0x00000002   Code   RO         2159    .ARM.Collect$$libshutdown$$00000000  c_w.l(libshutdown.o)
    0x0800020a   0x0800020a   0x00000000   Code   RO         2187    .ARM.Collect$$libshutdown$$00000002  c_w.l(libshutdown2.o)
    0x0800020a   0x0800020a   0x00000000   Code   RO         2189    .ARM.Collect$$libshutdown$$00000004  c_w.l(libshutdown2.o)
    0x0800020a   0x0800020a   0x00000000   Code   RO         2192    .ARM.Collect$$libshutdown$$00000007  c_w.l(libshutdown2.o)
    0x0800020a   0x0800020a   0x00000000   Code   RO         2195    .ARM.Collect$$libshutdown$$0000000A  c_w.l(libshutdown2.o)
    0x0800020a   0x0800020a   0x00000000   Code   RO         2197    .ARM.Collect$$libshutdown$$0000000C  c_w.l(libshutdown2.o)
    0x0800020a   0x0800020a   0x00000000   Code   RO         2200    .ARM.Collect$$libshutdown$$0000000F  c_w.l(libshutdown2.o)
    0x0800020a   0x0800020a   0x00000002   Code   RO         2201    .ARM.Collect$$libshutdown$$00000010  c_w.l(libshutdown2.o)
    0x0800020c   0x0800020c   0x00000000   Code   RO         2027    .ARM.Collect$$rtentry$$00000000  c_w.l(__rtentry.o)
    0x0800020c   0x0800020c   0x00000000   Code   RO         2037    .ARM.Collect$$rtentry$$00000002  c_w.l(__rtentry2.o)
    0x0800020c   0x0800020c   0x00000006   Code   RO         2049    .ARM.Collect$$rtentry$$00000004  c_w.l(__rtentry4.o)
    0x08000212   0x08000212   0x00000000   Code   RO         2039    .ARM.Collect$$rtentry$$00000009  c_w.l(__rtentry2.o)
    0x08000212   0x08000212   0x00000004   Code   RO         2040    .ARM.Collect$$rtentry$$0000000A  c_w.l(__rtentry2.o)
    0x08000216   0x08000216   0x00000000   Code   RO         2042    .ARM.Collect$$rtentry$$0000000C  c_w.l(__rtentry2.o)
    0x08000216   0x08000216   0x00000008   Code   RO         2043    .ARM.Collect$$rtentry$$0000000D  c_w.l(__rtentry2.o)
    0x0800021e   0x0800021e   0x00000002   Code   RO         2070    .ARM.Collect$$rtexit$$00000000  c_w.l(rtexit.o)
    0x08000220   0x08000220   0x00000000   Code   RO         2130    .ARM.Collect$$rtexit$$00000002  c_w.l(rtexit2.o)
    0x08000220   0x08000220   0x00000004   Code   RO         2131    .ARM.Collect$$rtexit$$00000003  c_w.l(rtexit2.o)
    0x08000224   0x08000224   0x00000006   Code   RO         2132    .ARM.Collect$$rtexit$$00000004  c_w.l(rtexit2.o)
    0x0800022a   0x0800022a   0x00000002   PAD
    0x0800022c   0x0800022c   0x00000040   Code   RO            4    .text               startup_stm32l431xx.o
    0x0800026c   0x0800026c   0x000000f0   Code   RO         2015    .text               c_w.l(lludivv7m.o)
    0x0800035c   0x0800035c   0x0000004e   Code   RO         2021    .text               c_w.l(rt_memclr_w.o)
    0x080003aa   0x080003aa   0x00000006   Code   RO         2023    .text               c_w.l(heapauxi.o)
    0x080003b0   0x080003b0   0x0000004a   Code   RO         2053    .text               c_w.l(sys_stackheap_outer.o)
    0x080003fa   0x080003fa   0x00000012   Code   RO         2055    .text               c_w.l(exit.o)
    0x0800040c   0x0800040c   0x00000008   Code   RO         2067    .text               c_w.l(libspace.o)
    0x08000414   0x08000414   0x0000000c   Code   RO         2125    .text               c_w.l(sys_exit.o)
    0x08000420   0x08000420   0x00000002   Code   RO         2148    .text               c_w.l(use_no_semi.o)
    0x08000422   0x08000422   0x00000000   Code   RO         2150    .text               c_w.l(indicate_semi.o)
    0x08000422   0x08000422   0x00000002   PAD
    0x08000424   0x08000424   0x00000002   Code   RO          175    .text.BusFault_Handler  stm32l4xx_it.o
    0x08000426   0x08000426   0x00000002   PAD
    0x08000428   0x08000428   0x0000000c   Code   RO          191    .text.CAN1_RX0_IRQHandler  stm32l4xx_it.o
    0x08000434   0x08000434   0x0000000c   Code   RO          193    .text.CAN1_RX1_IRQHandler  stm32l4xx_it.o
    0x08000440   0x08000440   0x0000000c   Code   RO          181    .text.DMA1_Channel3_IRQHandler  stm32l4xx_it.o
    0x0800044c   0x0800044c   0x0000000c   Code   RO          183    .text.DMA1_Channel4_IRQHandler  stm32l4xx_it.o
    0x08000458   0x08000458   0x0000000c   Code   RO          185    .text.DMA1_Channel5_IRQHandler  stm32l4xx_it.o
    0x08000464   0x08000464   0x0000000c   Code   RO          187    .text.DMA1_Channel6_IRQHandler  stm32l4xx_it.o
    0x08000470   0x08000470   0x0000000c   Code   RO          189    .text.DMA1_Channel7_IRQHandler  stm32l4xx_it.o
    0x0800047c   0x0800047c   0x00000002   Code   RO          179    .text.DebugMon_Handler  stm32l4xx_it.o
    0x0800047e   0x0800047e   0x00000002   PAD
    0x08000480   0x08000480   0x0000000a   Code   RO           15    .text.Error_Handler  main.o
    0x0800048a   0x0800048a   0x00000002   PAD
    0x0800048c   0x0800048c   0x00000002   Code   RO          296    .text.HAL_CAN_ErrorCallback  stm32l4xx_hal_can.o
    0x0800048e   0x0800048e   0x00000002   PAD
    0x08000490   0x08000490   0x0000026e   Code   RO          270    .text.HAL_CAN_IRQHandler  stm32l4xx_hal_can.o
    0x080006fe   0x080006fe   0x00000002   PAD
    0x08000700   0x08000700   0x000000f4   Code   RO          232    .text.HAL_CAN_Init  stm32l4xx_hal_can.o
    0x080007f4   0x080007f4   0x0000008c   Code   RO           59    .text.HAL_CAN_MspInit  can.o
    0x08000880   0x08000880   0x00000002   Code   RO          284    .text.HAL_CAN_RxFifo0FullCallback  stm32l4xx_hal_can.o
    0x08000882   0x08000882   0x00000002   PAD
    0x08000884   0x08000884   0x00000002   Code   RO          286    .text.HAL_CAN_RxFifo0MsgPendingCallback  stm32l4xx_hal_can.o
    0x08000886   0x08000886   0x00000002   PAD
    0x08000888   0x08000888   0x00000002   Code   RO          288    .text.HAL_CAN_RxFifo1FullCallback  stm32l4xx_hal_can.o
    0x0800088a   0x0800088a   0x00000002   PAD
    0x0800088c   0x0800088c   0x00000002   Code   RO          290    .text.HAL_CAN_RxFifo1MsgPendingCallback  stm32l4xx_hal_can.o
    0x0800088e   0x0800088e   0x00000002   PAD
    0x08000890   0x08000890   0x00000002   Code   RO          292    .text.HAL_CAN_SleepCallback  stm32l4xx_hal_can.o
    0x08000892   0x08000892   0x00000002   PAD
    0x08000894   0x08000894   0x00000002   Code   RO          274    .text.HAL_CAN_TxMailbox0AbortCallback  stm32l4xx_hal_can.o
    0x08000896   0x08000896   0x00000002   PAD
    0x08000898   0x08000898   0x00000002   Code   RO          272    .text.HAL_CAN_TxMailbox0CompleteCallback  stm32l4xx_hal_can.o
    0x0800089a   0x0800089a   0x00000002   PAD
    0x0800089c   0x0800089c   0x00000002   Code   RO          278    .text.HAL_CAN_TxMailbox1AbortCallback  stm32l4xx_hal_can.o
    0x0800089e   0x0800089e   0x00000002   PAD
    0x080008a0   0x080008a0   0x00000002   Code   RO          276    .text.HAL_CAN_TxMailbox1CompleteCallback  stm32l4xx_hal_can.o
    0x080008a2   0x080008a2   0x00000002   PAD
    0x080008a4   0x080008a4   0x00000002   Code   RO          282    .text.HAL_CAN_TxMailbox2AbortCallback  stm32l4xx_hal_can.o
    0x080008a6   0x080008a6   0x00000002   PAD
    0x080008a8   0x080008a8   0x00000002   Code   RO          280    .text.HAL_CAN_TxMailbox2CompleteCallback  stm32l4xx_hal_can.o
    0x080008aa   0x080008aa   0x00000002   PAD
    0x080008ac   0x080008ac   0x00000002   Code   RO          294    .text.HAL_CAN_WakeUpFromRxMsgCallback  stm32l4xx_hal_can.o
    0x080008ae   0x080008ae   0x00000002   PAD
    0x080008b0   0x080008b0   0x0000004a   Code   RO          756    .text.HAL_DMA_Abort  stm32l4xx_hal_dma.o
    0x080008fa   0x080008fa   0x00000002   PAD
    0x080008fc   0x080008fc   0x00000058   Code   RO          758    .text.HAL_DMA_Abort_IT  stm32l4xx_hal_dma.o
    0x08000954   0x08000954   0x000000aa   Code   RO          762    .text.HAL_DMA_IRQHandler  stm32l4xx_hal_dma.o
    0x080009fe   0x080009fe   0x00000002   PAD
    0x08000a00   0x08000a00   0x000000cc   Code   RO          748    .text.HAL_DMA_Init  stm32l4xx_hal_dma.o
    0x08000acc   0x08000acc   0x000001e0   Code   RO          724    .text.HAL_GPIO_Init  stm32l4xx_hal_gpio.o
    0x08000cac   0x08000cac   0x0000000c   Code   RO          730    .text.HAL_GPIO_WritePin  stm32l4xx_hal_gpio.o
    0x08000cb8   0x08000cb8   0x0000000c   Code   RO          324    .text.HAL_GetTick   stm32l4xx_hal.o
    0x08000cc4   0x08000cc4   0x0000004a   Code   RO          544    .text.HAL_I2CEx_ConfigAnalogFilter  stm32l4xx_hal_i2c_ex.o
    0x08000d0e   0x08000d0e   0x00000002   PAD
    0x08000d10   0x08000d10   0x00000048   Code   RO          546    .text.HAL_I2CEx_ConfigDigitalFilter  stm32l4xx_hal_i2c_ex.o
    0x08000d58   0x08000d58   0x000000a2   Code   RO          392    .text.HAL_I2C_Init  stm32l4xx_hal_i2c.o
    0x08000dfa   0x08000dfa   0x00000002   PAD
    0x08000dfc   0x08000dfc   0x00000088   Code   RO           83    .text.HAL_I2C_MspInit  i2c.o
    0x08000e84   0x08000e84   0x0000001a   Code   RO          322    .text.HAL_IncTick   stm32l4xx_hal.o
    0x08000e9e   0x08000e9e   0x00000002   PAD
    0x08000ea0   0x08000ea0   0x0000001e   Code   RO          312    .text.HAL_Init      stm32l4xx_hal.o
    0x08000ebe   0x08000ebe   0x00000002   PAD
    0x08000ec0   0x08000ec0   0x000000bc   Code   RO          217    .text.HAL_InitTick  stm32l4xx_hal_timebase_tim.o
    0x08000f7c   0x08000f7c   0x0000003c   Code   RO          208    .text.HAL_MspInit   stm32l4xx_hal_msp.o
    0x08000fb8   0x08000fb8   0x00000020   Code   RO          891    .text.HAL_NVIC_EnableIRQ  stm32l4xx_hal_cortex.o
    0x08000fd8   0x08000fd8   0x00000056   Code   RO          889    .text.HAL_NVIC_SetPriority  stm32l4xx_hal_cortex.o
    0x0800102e   0x0800102e   0x00000002   PAD
    0x08001030   0x08001030   0x00000020   Code   RO          887    .text.HAL_NVIC_SetPriorityGrouping  stm32l4xx_hal_cortex.o
    0x08001050   0x08001050   0x0000008c   Code   RO          823    .text.HAL_PWREx_ControlVoltageScaling  stm32l4xx_hal_pwr_ex.o
    0x080010dc   0x080010dc   0x00000010   Code   RO          821    .text.HAL_PWREx_GetVoltageRange  stm32l4xx_hal_pwr_ex.o
    0x080010ec   0x080010ec   0x000002b0   Code   RO          600    .text.HAL_RCCEx_PeriphCLKConfig  stm32l4xx_hal_rcc_ex.o
    0x0800139c   0x0800139c   0x0000027a   Code   RO          570    .text.HAL_RCC_ClockConfig  stm32l4xx_hal_rcc.o
    0x08001616   0x08001616   0x00000002   PAD
    0x08001618   0x08001618   0x00000042   Code   RO          582    .text.HAL_RCC_GetClockConfig  stm32l4xx_hal_rcc.o
    0x0800165a   0x0800165a   0x00000002   PAD
    0x0800165c   0x0800165c   0x0000002a   Code   RO          576    .text.HAL_RCC_GetPCLK1Freq  stm32l4xx_hal_rcc.o
    0x08001686   0x08001686   0x00000002   PAD
    0x08001688   0x08001688   0x0000002a   Code   RO          578    .text.HAL_RCC_GetPCLK2Freq  stm32l4xx_hal_rcc.o
    0x080016b2   0x080016b2   0x00000002   PAD
    0x080016b4   0x080016b4   0x000000c2   Code   RO          568    .text.HAL_RCC_GetSysClockFreq  stm32l4xx_hal_rcc.o
    0x08001776   0x08001776   0x00000002   PAD
    0x08001778   0x08001778   0x000007d0   Code   RO          566    .text.HAL_RCC_OscConfig  stm32l4xx_hal_rcc.o
    0x08001f48   0x08001f48   0x000000dc   Code   RO          959    .text.HAL_SPI_Init  stm32l4xx_hal_spi.o
    0x08002024   0x08002024   0x000000e6   Code   RO          100    .text.HAL_SPI_MspInit  spi.o
    0x0800210a   0x0800210a   0x00000002   PAD
    0x0800210c   0x0800210c   0x00000002   Code   RO         1395    .text.HAL_TIMEx_Break2Callback  stm32l4xx_hal_tim_ex.o
    0x0800210e   0x0800210e   0x00000002   PAD
    0x08002110   0x08002110   0x00000002   Code   RO         1393    .text.HAL_TIMEx_BreakCallback  stm32l4xx_hal_tim_ex.o
    0x08002112   0x08002112   0x00000002   PAD
    0x08002114   0x08002114   0x00000002   Code   RO         1389    .text.HAL_TIMEx_CommutCallback  stm32l4xx_hal_tim_ex.o
    0x08002116   0x08002116   0x00000002   PAD
    0x08002118   0x08002118   0x00000098   Code   RO         1381    .text.HAL_TIMEx_ConfigBreakDeadTime  stm32l4xx_hal_tim_ex.o
    0x080021b0   0x080021b0   0x00000068   Code   RO         1379    .text.HAL_TIMEx_MasterConfigSynchronization  stm32l4xx_hal_tim_ex.o
    0x08002218   0x08002218   0x000000e2   Code   RO         1084    .text.HAL_TIM_Base_Init  stm32l4xx_hal_tim.o
    0x080022fa   0x080022fa   0x00000002   PAD
    0x080022fc   0x080022fc   0x00000100   Code   RO          126    .text.HAL_TIM_Base_MspInit  tim.o
    0x080023fc   0x080023fc   0x00000060   Code   RO         1098    .text.HAL_TIM_Base_Start_IT  stm32l4xx_hal_tim.o
    0x0800245c   0x0800245c   0x0000019c   Code   RO         1264    .text.HAL_TIM_ConfigClockSource  stm32l4xx_hal_tim.o
    0x080025f8   0x080025f8   0x00000002   Code   RO         1220    .text.HAL_TIM_IC_CaptureCallback  stm32l4xx_hal_tim.o
    0x080025fa   0x080025fa   0x00000002   PAD
    0x080025fc   0x080025fc   0x0000018c   Code   RO         1218    .text.HAL_TIM_IRQHandler  stm32l4xx_hal_tim.o
    0x08002788   0x08002788   0x00000154   Code   RO          116    .text.HAL_TIM_MspPostInit  tim.o
    0x080028dc   0x080028dc   0x00000002   Code   RO         1222    .text.HAL_TIM_OC_DelayElapsedCallback  stm32l4xx_hal_tim.o
    0x080028de   0x080028de   0x00000002   PAD
    0x080028e0   0x080028e0   0x000003a8   Code   RO         1238    .text.HAL_TIM_PWM_ConfigChannel  stm32l4xx_hal_tim.o
    0x08002c88   0x08002c88   0x000000e2   Code   RO         1138    .text.HAL_TIM_PWM_Init  stm32l4xx_hal_tim.o
    0x08002d6a   0x08002d6a   0x00000002   PAD
    0x08002d6c   0x08002d6c   0x00000002   Code   RO         1140    .text.HAL_TIM_PWM_MspInit  stm32l4xx_hal_tim.o
    0x08002d6e   0x08002d6e   0x00000002   PAD
    0x08002d70   0x08002d70   0x00000002   Code   RO         1224    .text.HAL_TIM_PWM_PulseFinishedCallback  stm32l4xx_hal_tim.o
    0x08002d72   0x08002d72   0x00000002   PAD
    0x08002d74   0x08002d74   0x00000122   Code   RO         1146    .text.HAL_TIM_PWM_Start  stm32l4xx_hal_tim.o
    0x08002e96   0x08002e96   0x00000002   PAD
    0x08002e98   0x08002e98   0x00000014   Code   RO           17    .text.HAL_TIM_PeriodElapsedCallback  main.o
    0x08002eac   0x08002eac   0x00000002   Code   RO         1228    .text.HAL_TIM_TriggerCallback  stm32l4xx_hal_tim.o
    0x08002eae   0x08002eae   0x00000002   PAD
    0x08002eb0   0x08002eb0   0x00000002   Code   RO         1495    .text.HAL_UARTEx_RxEventCallback  stm32l4xx_hal_uart.o
    0x08002eb2   0x08002eb2   0x00000002   PAD
    0x08002eb4   0x08002eb4   0x00000002   Code   RO         1546    .text.HAL_UARTEx_WakeupCallback  stm32l4xx_hal_uart_ex.o
    0x08002eb6   0x08002eb6   0x00000002   PAD
    0x08002eb8   0x08002eb8   0x00000002   Code   RO         1493    .text.HAL_UART_ErrorCallback  stm32l4xx_hal_uart.o
    0x08002eba   0x08002eba   0x00000002   PAD
    0x08002ebc   0x08002ebc   0x000005fe   Code   RO         1489    .text.HAL_UART_IRQHandler  stm32l4xx_hal_uart.o
    0x080034ba   0x080034ba   0x00000002   PAD
    0x080034bc   0x080034bc   0x000000c2   Code   RO         1409    .text.HAL_UART_Init  stm32l4xx_hal_uart.o
    0x0800357e   0x0800357e   0x00000002   PAD
    0x08003580   0x08003580   0x000002a4   Code   RO          149    .text.HAL_UART_MspInit  usart.o
    0x08003824   0x08003824   0x00000002   Code   RO         1497    .text.HAL_UART_TxCpltCallback  stm32l4xx_hal_uart.o
    0x08003826   0x08003826   0x00000002   PAD
    0x08003828   0x08003828   0x00000002   Code   RO          171    .text.HardFault_Handler  stm32l4xx_it.o
    0x0800382a   0x0800382a   0x00000002   PAD
    0x0800382c   0x0800382c   0x00000040   Code   RO           57    .text.MX_CAN1_Init  can.o
    0x0800386c   0x0800386c   0x00000074   Code   RO           72    .text.MX_DMA_Init   dma.o
    0x080038e0   0x080038e0   0x0000003c   Code   RO           40    .text.MX_FREERTOS_Init  freertos.o
    0x0800391c   0x0800391c   0x00000132   Code   RO           29    .text.MX_GPIO_Init  gpio.o
    0x08003a4e   0x08003a4e   0x00000002   PAD
    0x08003a50   0x08003a50   0x0000006c   Code   RO           81    .text.MX_I2C3_Init  i2c.o
    0x08003abc   0x08003abc   0x0000004e   Code   RO           96    .text.MX_SPI1_Init  spi.o
    0x08003b0a   0x08003b0a   0x00000002   PAD
    0x08003b0c   0x08003b0c   0x0000004e   Code   RO           98    .text.MX_SPI2_Init  spi.o
    0x08003b5a   0x08003b5a   0x00000002   PAD
    0x08003b5c   0x08003b5c   0x00000120   Code   RO          122    .text.MX_TIM15_Init  tim.o
    0x08003c7c   0x08003c7c   0x000000b4   Code   RO          124    .text.MX_TIM16_Init  tim.o
    0x08003d30   0x08003d30   0x0000015e   Code   RO          114    .text.MX_TIM1_Init  tim.o
    0x08003e8e   0x08003e8e   0x00000002   PAD
    0x08003e90   0x08003e90   0x000000fe   Code   RO          118    .text.MX_TIM2_Init  tim.o
    0x08003f8e   0x08003f8e   0x00000002   PAD
    0x08003f90   0x08003f90   0x00000050   Code   RO          120    .text.MX_TIM6_Init  tim.o
    0x08003fe0   0x08003fe0   0x00000040   Code   RO          143    .text.MX_USART1_UART_Init  usart.o
    0x08004020   0x08004020   0x00000040   Code   RO          145    .text.MX_USART2_UART_Init  usart.o
    0x08004060   0x08004060   0x00000048   Code   RO          147    .text.MX_USART3_UART_Init  usart.o
    0x080040a8   0x080040a8   0x00000002   Code   RO          173    .text.MemManage_Handler  stm32l4xx_it.o
    0x080040aa   0x080040aa   0x00000002   PAD
    0x080040ac   0x080040ac   0x00000002   Code   RO          169    .text.NMI_Handler   stm32l4xx_it.o
    0x080040ae   0x080040ae   0x00000002   PAD
    0x080040b0   0x080040b0   0x0000007a   Code   RO         1998    .text.PendSV_Handler  port.o
    0x0800412a   0x0800412a   0x00000002   PAD
    0x0800412c   0x0800412c   0x0000016a   Code   RO          602    .text.RCCEx_PLLSAI1_Config  stm32l4xx_hal_rcc_ex.o
    0x08004296   0x08004296   0x0000000a   PAD
    0x080042a0   0x080042a0   0x0000002e   Code   RO         1982    .text.SVC_Handler   port.o
    0x080042ce   0x080042ce   0x00000002   PAD
    0x080042d0   0x080042d0   0x000000ae   Code   RO           42    .text.StartDefaultTask  freertos.o
    0x0800437e   0x0800437e   0x00000002   PAD
    0x08004380   0x08004380   0x0000002e   Code   RO         2000    .text.SysTick_Handler  port.o
    0x080043ae   0x080043ae   0x00000002   PAD
    0x080043b0   0x080043b0   0x00000012   Code   RO         1574    .text.SystemInit    system_stm32l4xx.o
    0x080043c2   0x080043c2   0x00000002   PAD
    0x080043c4   0x080043c4   0x0000000c   Code   RO          197    .text.TIM6_DAC_IRQHandler  stm32l4xx_it.o
    0x080043d0   0x080043d0   0x0000000c   Code   RO          199    .text.TIM7_IRQHandler  stm32l4xx_it.o
    0x080043dc   0x080043dc   0x000000e8   Code   RO         1415    .text.UART_AdvFeatureConfig  stm32l4xx_hal_uart.o
    0x080044c4   0x080044c4   0x00000010   Code   RO         1491    .text.UART_DMAAbortOnError  stm32l4xx_hal_uart.o
    0x080044d4   0x080044d4   0x00000230   Code   RO         1413    .text.UART_SetConfig  stm32l4xx_hal_uart.o
    0x08004704   0x08004704   0x0000020e   Code   RO         1431    .text.UART_WaitOnFlagUntilTimeout  stm32l4xx_hal_uart.o
    0x08004912   0x08004912   0x00000002   PAD
    0x08004914   0x08004914   0x0000000c   Code   RO          195    .text.USART3_IRQHandler  stm32l4xx_it.o
    0x08004920   0x08004920   0x00000002   Code   RO          177    .text.UsageFault_Handler  stm32l4xx_it.o
    0x08004922   0x08004922   0x00000002   PAD
    0x08004924   0x08004924   0x0000012e   Code   RO           11    .text.main          main.o
    0x08004a52   0x08004a52   0x00000002   PAD
    0x08004a54   0x08004a54   0x00000010   Code   RO         1860    .text.osDelay       cmsis_os.o
    0x08004a64   0x08004a64   0x0000000a   Code   RO         1842    .text.osKernelStart  cmsis_os.o
    0x08004a6e   0x08004a6e   0x00000002   PAD
    0x08004a70   0x08004a70   0x0000005c   Code   RO         1848    .text.osThreadCreate  cmsis_os.o
    0x08004acc   0x08004acc   0x000000fc   Code   RO         1740    .text.prvAddNewTaskToReadyList  tasks.o
    0x08004bc8   0x08004bc8   0x00000086   Code   RO         1770    .text.prvIdleTask   tasks.o
    0x08004c4e   0x08004c4e   0x00000002   PAD
    0x08004c50   0x08004c50   0x00000118   Code   RO         1738    .text.prvInitialiseNewTask  tasks.o
    0x08004d68   0x08004d68   0x00000028   Code   RO         1990    .text.prvPortStartFirstTask  port.o
    0x08004d90   0x08004d90   0x0000003e   Code   RO         1980    .text.prvTaskExitError  port.o
    0x08004dce   0x08004dce   0x00000002   PAD
    0x08004dd0   0x08004dd0   0x0000020a   Code   RO         1956    .text.pvPortMalloc  heap_4.o
    0x08004fda   0x08004fda   0x00000002   PAD
    0x08004fdc   0x08004fdc   0x00000028   Code   RO         1978    .text.pxPortInitialiseStack  port.o
    0x08005004   0x08005004   0x00000024   Code   RO         1627    .text.uxListRemove  list.o
    0x08005028   0x08005028   0x0000001a   Code   RO           38    .text.vApplicationGetIdleTaskMemory  freertos.o
    0x08005042   0x08005042   0x00000002   PAD
    0x08005044   0x08005044   0x00000016   Code   RO         1619    .text.vListInitialise  list.o
    0x0800505a   0x0800505a   0x00000002   PAD
    0x0800505c   0x0800505c   0x00000006   Code   RO         1621    .text.vListInitialiseItem  list.o
    0x08005062   0x08005062   0x00000002   PAD
    0x08005064   0x08005064   0x00000062   Code   RO         1625    .text.vListInsert   list.o
    0x080050c6   0x080050c6   0x00000002   PAD
    0x080050c8   0x080050c8   0x0000001c   Code   RO         1623    .text.vListInsertEnd  list.o
    0x080050e4   0x080050e4   0x00000014   Code   RO         1988    .text.vPortEnableVFP  port.o
    0x080050f8   0x080050f8   0x00000046   Code   RO         1994    .text.vPortEnterCritical  port.o
    0x0800513e   0x0800513e   0x00000002   PAD
    0x08005140   0x08005140   0x0000002e   Code   RO         1996    .text.vPortExitCritical  port.o
    0x0800516e   0x0800516e   0x00000002   PAD
    0x08005170   0x08005170   0x000000d4   Code   RO         1958    .text.vPortFree     heap_4.o
    0x08005244   0x08005244   0x00000034   Code   RO         1986    .text.vPortSetupTimerInterrupt  port.o
    0x08005278   0x08005278   0x0000009e   Code   RO         1746    .text.vTaskDelay    tasks.o
    0x08005316   0x08005316   0x00000002   PAD
    0x08005318   0x08005318   0x000000cc   Code   RO         1768    .text.vTaskStartScheduler  tasks.o
    0x080053e4   0x080053e4   0x00000010   Code   RO         1748    .text.vTaskSuspendAll  tasks.o
    0x080053f4   0x080053f4   0x0000006e   Code   RO         1762    .text.vTaskSwitchContext  tasks.o
    0x08005462   0x08005462   0x00000002   PAD
    0x08005464   0x08005464   0x00000184   Code   RO         1984    .text.xPortStartScheduler  port.o
    0x080055e8   0x080055e8   0x00000060   Code   RO         1742    .text.xTaskCreate   tasks.o
    0x08005648   0x08005648   0x00000076   Code   RO         1736    .text.xTaskCreateStatic  tasks.o
    0x080056be   0x080056be   0x00000002   PAD
    0x080056c0   0x080056c0   0x00000106   Code   RO         1774    .text.xTaskIncrementTick  tasks.o
    0x080057c6   0x080057c6   0x00000002   PAD
    0x080057c8   0x080057c8   0x000000ea   Code   RO         1752    .text.xTaskResumeAll  tasks.o
    0x080058b2   0x080058b2   0x0000001a   Code   RO         2142    x$fpl$fpinit        fz_wm.l(fpinit.o)
    0x080058cc   0x080058cc   0x0000001c   Data   RO           47    .rodata..L__const.MX_FREERTOS_Init.os_thread_def_defaultTask  freertos.o
    0x080058e8   0x080058e8   0x00000010   Data   RO         1579    .rodata.AHBPrescTable  system_stm32l4xx.o
    0x080058f8   0x080058f8   0x00000008   Data   RO         1580    .rodata.APBPrescTable  system_stm32l4xx.o
    0x08005900   0x08005900   0x00000030   Data   RO         1581    .rodata.MSIRangeTable  system_stm32l4xx.o
    0x08005930   0x08005930   0x00000010   Data   RO         1535    .rodata.cst16       stm32l4xx_hal_uart.o
    0x08005940   0x08005940   0x0000000c   Data   RO           46    .rodata.str1.1      freertos.o
    0x0800594c   0x0800594c   0x00000020   Data   RO         2203    Region$$Table       anon$$obj.o


    Execution Region RW_IRAM2 (Exec base: 0x10000000, Load base: 0x08005980, Size: 0x00000000, Max: 0x00004000, ABSOLUTE)

    **** No section assigned to this execution region ****


    Execution Region RW_IRAM1 (Exec base: 0x20000000, Load base: 0x08005970, Size: 0x00006028, Max: 0x0000c000, ABSOLUTE)

    Exec Addr    Load Addr    Size         Type   Attr      Idx    E Section Name        Object

    0x20000000   0x08005970   0x00000008   Data   RW          383    .data..L_MergedGlobals  stm32l4xx_hal.o
    0x20000008   0x08005978   0x00000004   Data   RW         1578    .data.SystemCoreClock  system_stm32l4xx.o
    0x2000000c   0x0800597c   0x00000004   Data   RW         2004    .data.uxCriticalNesting  port.o
    0x20000010        -       0x00000060   Zero   RW         2068    .bss                c_w.l(libspace.o)
    0x20000070        -       0x00000078   Zero   RW         1831    .bss..L_MergedGlobals  tasks.o
    0x200000e8        -       0x00000020   Zero   RW         1969    .bss..L_MergedGlobals  heap_4.o
    0x20000108        -       0x00000008   Zero   RW         2005    .bss..L_MergedGlobals  port.o
    0x20000110        -       0x00000028   Zero   RW         1832    .bss..L_MergedGlobals.1  tasks.o
    0x20000138        -       0x00000001   Zero   RW           19    .bss.Power          main.o
    0x20000139   0x08005980   0x00000003   PAD
    0x2000013c        -       0x00000004   Zero   RW           48    .bss.defaultTaskHandle  freertos.o
    0x20000140        -       0x00000028   Zero   RW           63    .bss.hcan1          can.o
    0x20000168        -       0x00000048   Zero   RW          156    .bss.hdma_usart1_rx  usart.o
    0x200001b0        -       0x00000048   Zero   RW          157    .bss.hdma_usart1_tx  usart.o
    0x200001f8        -       0x00000048   Zero   RW          159    .bss.hdma_usart2_rx  usart.o
    0x20000240        -       0x00000048   Zero   RW          158    .bss.hdma_usart2_tx  usart.o
    0x20000288        -       0x00000048   Zero   RW          160    .bss.hdma_usart3_rx  usart.o
    0x200002d0        -       0x00000054   Zero   RW           87    .bss.hi2c3          i2c.o
    0x20000324        -       0x00000064   Zero   RW          104    .bss.hspi1          spi.o
    0x20000388        -       0x00000064   Zero   RW          105    .bss.hspi2          spi.o
    0x200003ec        -       0x0000004c   Zero   RW          130    .bss.htim1          tim.o
    0x20000438        -       0x0000004c   Zero   RW          133    .bss.htim15         tim.o
    0x20000484        -       0x0000004c   Zero   RW          134    .bss.htim16         tim.o
    0x200004d0        -       0x0000004c   Zero   RW          131    .bss.htim2          tim.o
    0x2000051c        -       0x0000004c   Zero   RW          132    .bss.htim6          tim.o
    0x20000568        -       0x0000004c   Zero   RW          223    .bss.htim7          stm32l4xx_hal_timebase_tim.o
    0x200005b4        -       0x00000084   Zero   RW          153    .bss.huart1         usart.o
    0x20000638        -       0x00000084   Zero   RW          154    .bss.huart2         usart.o
    0x200006bc        -       0x00000084   Zero   RW          155    .bss.huart3         usart.o
    0x20000740        -       0x0000008c   Zero   RW         1830    .bss.pxReadyTasksLists  tasks.o
    0x200007cc        -       0x00005000   Zero   RW         1968    .bss.ucHeap         heap_4.o
    0x200057cc        -       0x00000004   Zero   RW          382    .bss.uwTick         stm32l4xx_hal.o
    0x200057d0        -       0x00000200   Zero   RW           45    .bss.xIdleStack     freertos.o
    0x200059d0        -       0x00000054   Zero   RW           44    .bss.xIdleTaskTCBBuffer  freertos.o
    0x20005a24   0x08005980   0x00000004   PAD
    0x20005a28        -       0x00000200   Zero   RW            2    HEAP                startup_stm32l431xx.o
    0x20005c28        -       0x00000400   Zero   RW            1    STACK               startup_stm32l431xx.o


==============================================================================

Image component sizes


      Code (inc. data)   RO Data    RW Data    ZI Data      Debug   Object Name

       204          0          0          0         40       6056   can.o
       118          0          0          0          0      25515   cmsis_os.o
       116          0          0          0          0       3255   dma.o
       260          0         40          0        600       3982   freertos.o
       306          0          0          0          0       2460   gpio.o
       734          0          0          0      20512       5714   heap_4.o
       244          0          0          0         84       6259   i2c.o
       190          0          0          0          0       2324   list.o
       332          0          0          0          1       5756   main.o
       932         16          0          4          8       4098   port.o
       386          0          0          0        200       5397   spi.o
        64         26        396          0       1536        824   startup_stm32l431xx.o
        68          0          0          8          4       8515   stm32l4xx_hal.o
       892          6          0          0          0      13852   stm32l4xx_hal_can.o
       150          0          0          0          0      10150   stm32l4xx_hal_cortex.o
       536          0          0          0          0       7788   stm32l4xx_hal_dma.o
       492          0          0          0          0       5419   stm32l4xx_hal_gpio.o
       162          0          0          0          0      58615   stm32l4xx_hal_i2c.o
       146          0          0          0          0       6079   stm32l4xx_hal_i2c_ex.o
        60          0          0          0          0       3315   stm32l4xx_hal_msp.o
       156          0          0          0          0       8570   stm32l4xx_hal_pwr_ex.o
      2978          0          0          0          0      11966   stm32l4xx_hal_rcc.o
      1050          0          0          0          0      13813   stm32l4xx_hal_rcc_ex.o
       220          0          0          0          0      26221   stm32l4xx_hal_spi.o
      2592         24          0          0          0      60555   stm32l4xx_hal_tim.o
       262          0          0          0          0      22688   stm32l4xx_hal_tim_ex.o
       188          0          0          0         76       7090   stm32l4xx_hal_timebase_tim.o
      3068         48         16          0          0      35542   stm32l4xx_hal_uart.o
         2          0          0          0          0       8762   stm32l4xx_hal_uart_ex.o
       132          0          0          0          0       8160   stm32l4xx_it.o
        18          0         72          4          0       2961   system_stm32l4xx.o
      1864          8          0          0        300      28416   tasks.o
      1748          0          0          0        380      10141   tim.o
       876          0          0          0        756       8864   usart.o

    ----------------------------------------------------------------------
     21710        128        556         16      24504     439122   Object Totals
         0          0         32          0          0          0   (incl. Generated)
       164          0          0          0          7          0   (incl. Padding)

    ----------------------------------------------------------------------

      Code (inc. data)   RO Data    RW Data    ZI Data      Debug   Library Member Name

         8          0          0          0          0         68   __main.o
         0          0          0          0          0          0   __rtentry.o
        12          0          0          0          0          0   __rtentry2.o
         6          0          0          0          0          0   __rtentry4.o
        52          8          0          0          0          0   __scatter.o
        26          0          0          0          0          0   __scatter_copy.o
        28          0          0          0          0          0   __scatter_zi.o
        18          0          0          0          0         80   exit.o
         6          0          0          0          0        152   heapauxi.o
         0          0          0          0          0          0   indicate_semi.o
         2          0          0          0          0          0   libinit.o
         6          0          0          0          0          0   libinit2.o
         2          0          0          0          0          0   libshutdown.o
         2          0          0          0          0          0   libshutdown2.o
         8          4          0          0         96         68   libspace.o
       240          0          0          0          0        100   lludivv7m.o
        78          0          0          0          0         80   rt_memclr_w.o
         2          0          0          0          0          0   rtexit.o
        10          0          0          0          0          0   rtexit2.o
        12          4          0          0          0         68   sys_exit.o
        74          0          0          0          0         80   sys_stackheap_outer.o
         2          0          0          0          0         68   use_no_semi.o
        26          0          0          0          0        116   fpinit.o

    ----------------------------------------------------------------------
       626         16          0          0         96        880   Library Totals
         6          0          0          0          0          0   (incl. Padding)

    ----------------------------------------------------------------------

      Code (inc. data)   RO Data    RW Data    ZI Data      Debug   Library Name

       594         16          0          0         96        764   c_w.l
        26          0          0          0          0        116   fz_wm.l

    ----------------------------------------------------------------------
       626         16          0          0         96        880   Library Totals

    ----------------------------------------------------------------------

==============================================================================


      Code (inc. data)   RO Data    RW Data    ZI Data      Debug   

     22336        144        556         16      24600     439102   Grand Totals
     22336        144        556         16      24600     439102   ELF Image Totals
     22336        144        556         16          0          0   ROM Totals

==============================================================================

    Total RO  Size (Code + RO Data)                22892 (  22.36kB)
    Total RW  Size (RW Data + ZI Data)             24616 (  24.04kB)
    Total ROM Size (Code + RO Data + RW Data)      22908 (  22.37kB)

==============================================================================

